../Core/Lib/crsf/crsf.c:9:6:crsf_set_output_cb_fn	24	static
../Core/Lib/crsf/crsf.c:14:8:crsf_init	24	static
../Core/Lib/crsf/crsf.c:34:13:crsf_setLinkUp	16	static
../Core/Lib/crsf/crsf.c:46:17:crsf_rcToUs	24	static
../Core/Lib/crsf/crsf.c:79:14:crsf_usToNormalized	24	static
../Core/Lib/crsf/crsf.c:96:13:process_channels_frame	24	static
../Core/Lib/crsf/crsf.c:106:20:crsf_receive_frame	56	static
../Core/Lib/crsf/crsf.c:214:8:crsf_getFailSafe	16	static
../Core/Lib/crsf/crsf.c:228:13:_crsf_getRcChannels	72	static
../Core/Lib/crsf/crsf.c:330:6:crsf_getLinkStatistics	16	static
../Core/Lib/crsf/crsf.c:335:6:crsf_getRcChannels	16	static
../Core/Lib/crsf/crsf.c:340:13:crsf_checkLinkDown	16	static
../Core/Lib/crsf/crsf.c:348:8:crsf_isLinkUp	16	static
../Core/Lib/crsf/crsf.c:358:6:crsf_update_arming_state	24	static
../Core/Lib/crsf/crsf.c:378:8:crsf_isArmed	16	static
../Core/Lib/crsf/crsf.c:384:20:crsf_update_byte	48	static
../Core/Lib/crsf/crsf.c:412:10:crsf_setFlightModeData	32	static
../Core/Lib/crsf/crsf.c:465:6:crsf_setAttitudeData	24	static
../Core/Lib/crsf/crsf.c:468:6:crsf_setBaroAltitudeData	16	static
../Core/Lib/crsf/crsf.c:471:6:crsf_setBatteryData	32	static
../Core/Lib/crsf/crsf.c:475:6:crsf_setGPSData	40	static
../Core/Lib/crsf/crsf.c:480:8:crsf_isNewRcDataAvailable	16	static
../Core/Lib/crsf/crsf.c:486:8:crsf_isChannelUpdated	16	static
../Core/Lib/crsf/crsf.c:494:7:crsf_getChannelNormalized	16	static
../Core/Lib/crsf/crsf.c:504:13:crsf_update	32	static
