../Core/Lib/crsf/crsf_def.h:111:24:crsf_le16_to_host	16	static
../Core/Lib/crsf/crsf.c:10:19:crsf_is_valid_device_address	16	static
../Core/Lib/crsf/crsf.c:55:6:crsf_set_output_cb_fn	24	static
../Core/Lib/crsf/crsf.c:60:8:crsf_init	24	static
../Core/Lib/crsf/crsf.c:80:13:crsf_setLinkUp	16	static
../Core/Lib/crsf/crsf.c:92:17:crsf_rcToUs	24	static
../Core/Lib/crsf/crsf.c:125:14:crsf_usToNormalized	24	static
../Core/Lib/crsf/crsf.c:145:6:crsf_update_arming_state	24	static
../Core/Lib/crsf/crsf.c:169:13:process_channels_frame	24	static
../Core/Lib/crsf/crsf.c:178:20:process_received_frame	32	static
../Core/Lib/crsf/crsf.c:214:12:crsf_receive_frame	32	static
../Core/Lib/crsf/crsf.c:264:8:crsf_getFailSafe	16	static
../Core/Lib/crsf/crsf.c:280:13:_crsf_getRcChannels	72	static
../Core/Lib/crsf/crsf.c:383:6:crsf_getLinkStatistics	16	static
../Core/Lib/crsf/crsf.c:388:6:crsf_getRcChannels	16	static
../Core/Lib/crsf/crsf.c:393:13:crsf_checkLinkDown	24	static
../Core/Lib/crsf/crsf.c:402:8:crsf_isLinkUp	16	static
../Core/Lib/crsf/crsf.c:410:8:crsf_isArmed	16	static
../Core/Lib/crsf/crsf.c:417:10:crsf_setFlightModeData	32	static
../Core/Lib/crsf/crsf.c:470:6:crsf_setAttitudeData	24	static
../Core/Lib/crsf/crsf.c:473:6:crsf_setBaroAltitudeData	16	static
../Core/Lib/crsf/crsf.c:476:6:crsf_setBatteryData	32	static
../Core/Lib/crsf/crsf.c:480:6:crsf_setGPSData	40	static
../Core/Lib/crsf/crsf.c:485:8:crsf_isNewRcDataAvailable	16	static
../Core/Lib/crsf/crsf.c:491:8:crsf_isChannelUpdated	16	static
../Core/Lib/crsf/crsf.c:499:7:crsf_getChannelNormalized	16	static
../Core/Lib/crsf/crsf.c:508:7:crsf_transformThrottle	16	static
../Core/Lib/crsf/crsf.c:518:13:crsf_update	72	static
