../Core/Lib/crsf/crsf.h:111:10:crsf_sys_now_example	4	static
../Core/Lib/crsf/crsf.h:125:10:crsf_output_cb_fn_example	24	static
../Core/Lib/crsf/crsf.h:133:13:crsf_loop_example	768	static
../Core/Lib/crsf/crsf.c:9:6:crsf_set_output_cb_fn	24	static
../Core/Lib/crsf/crsf.c:14:8:crsf_init	24	static
../Core/Lib/crsf/crsf.c:36:15:crsf_receive_frame	48	static
../Core/Lib/crsf/crsf.c:139:8:crsf_getFailSafe	16	static
../Core/Lib/crsf/crsf.c:153:13:_crsf_getRcChannels	48	static
../Core/Lib/crsf/crsf.c:186:6:crsf_getLinkStatistics	16	static
../Core/Lib/crsf/crsf.c:191:6:crsf_getRcChannels	16	static
../Core/Lib/crsf/crsf.c:196:13:crsf_checkLinkDown	16	static
../Core/Lib/crsf/crsf.c:205:8:crsf_isLinkUp	16	static
../Core/Lib/crsf/crsf.c:215:6:crsf_update_arming_state	24	static
../Core/Lib/crsf/crsf.c:233:8:crsf_isArmed	16	static
../Core/Lib/crsf/crsf.c:239:8:crsf_update	40	static
../Core/Lib/crsf/crsf.c:269:10:crsf_setFlightModeData	32	static
../Core/Lib/crsf/crsf.c:322:6:crsf_setAttitudeData	24	static
../Core/Lib/crsf/crsf.c:325:6:crsf_setBaroAltitudeData	16	static
../Core/Lib/crsf/crsf.c:328:6:crsf_setBatteryData	32	static
../Core/Lib/crsf/crsf.c:332:6:crsf_setGPSData	40	static
../Core/Lib/crsf/crsf.c:337:10:crsf_getRcChannel	24	static
../Core/Lib/crsf/crsf.c:347:8:crsf_isRcDataValid	16	static
../Core/Lib/crsf/crsf.c:359:10:crsf_rcToUs	24	static
../Core/Lib/crsf/crsf.c:367:10:crsf_usToRc	24	static
../Core/Lib/crsf/crsf.c:380:7:crsf_usToNormalized	24	static
../Core/Lib/crsf/crsf.c:402:7:crsf_rcToNormalized	24	static
../Core/Lib/crsf/crsf.c:423:8:crsf_isRcValueValid	16	static
