../Core/Lib/crsf/crsf_telemetry.c:6:17:WriteAttitudeDataFrame	48	static
../Core/Lib/crsf/crsf_telemetry.c:37:17:WriteBaroAltitudeDataFrame	48	static
../Core/Lib/crsf/crsf_telemetry.c:65:17:WriteBatterySensorDataFrame	48	static
../Core/Lib/crsf/crsf_telemetry.c:97:17:WriteFlightModeDataFrame	40	static
../Core/Lib/crsf/crsf_telemetry.c:130:17:WriteGPSDataFrame	48	static
../Core/Lib/crsf/crsf_telemetry.c:170:17:WriteHeartbeatDataFrame	40	static
../Core/Lib/crsf/crsf_telemetry.c:196:6:crsf_telemetry_setAttitudeData	24	static
../Core/Lib/crsf/crsf_telemetry.c:203:6:crsf_telemetry_setBaroAltitudeData	16	static
../Core/Lib/crsf/crsf_telemetry.c:209:6:crsf_telemetry_setBatteryData	32	static
../Core/Lib/crsf/crsf_telemetry.c:218:6:crsf_telemetry_setFlightModeData	40	static
../Core/Lib/crsf/crsf_telemetry.c:236:6:crsf_telemetry_setGPSData	40	static
../Core/Lib/crsf/crsf_telemetry.c:249:17:crsf_telemetry_process_frame_to_send	24	static
../Core/Lib/crsf/crsf_telemetry.c:289:10:crsf_telemetry_update	24	static
../Core/Lib/crsf/crsf_telemetry.c:302:6:crsf_telemetry_init	24	static
../Core/Lib/crsf/crsf_telemetry.c:338:10:crsf_telemetry_get_tx_data	16	static
../Core/Lib/crsf/crsf_telemetry.c:348:10:crsf_telemetry_get_tx_data_size	16	static
../Core/Lib/crsf/crsf_telemetry.c:358:6:crsf_telemetry_update_tx_data_sent	16	static
