../Core/Lib/mpu6500/interface/driver_mpu6500_interface.c:50:9:mpu6500_interface_iic_init	4	static
../Core/Lib/mpu6500/interface/driver_mpu6500_interface.c:62:9:mpu6500_interface_iic_deinit	4	static
../Core/Lib/mpu6500/interface/driver_mpu6500_interface.c:78:9:mpu6500_interface_iic_read	16	static
../Core/Lib/mpu6500/interface/driver_mpu6500_interface.c:94:9:mpu6500_interface_iic_write	16	static
../Core/Lib/mpu6500/interface/driver_mpu6500_interface.c:106:9:mpu6500_interface_spi_init	4	static
../Core/Lib/mpu6500/interface/driver_mpu6500_interface.c:118:9:mpu6500_interface_spi_deinit	4	static
../Core/Lib/mpu6500/interface/driver_mpu6500_interface.c:133:9:mpu6500_interface_spi_read	16	static
../Core/Lib/mpu6500/interface/driver_mpu6500_interface.c:153:9:mpu6500_interface_spi_write	16	static
../Core/Lib/mpu6500/interface/driver_mpu6500_interface.c:167:6:mpu6500_interface_delay_ms	16	static
../Core/Lib/mpu6500/interface/driver_mpu6500_interface.c:177:6:mpu6500_interface_debug_print	16	static
../Core/Lib/mpu6500/interface/driver_mpu6500_interface.c:190:6:mpu6500_interface_receive_callback	16	static
../Core/Lib/mpu6500/interface/driver_mpu6500_interface.c:239:6:mpu6500_interface_dmp_tap_callback	16	static
../Core/Lib/mpu6500/interface/driver_mpu6500_interface.c:293:6:mpu6500_interface_dmp_orient_callback	16	static
