../Core/Lib/ringbuffer/ringbuffer.c:8:9:ring_buffer_init	24	static
../Core/Lib/ringbuffer/ringbuffer.c:42:8:ring_buffer_free_space	16	static
../Core/Lib/ringbuffer/ringbuffer.c:47:9:ring_buffer_is_empty	16	static
../Core/Lib/ringbuffer/ringbuffer.c:52:9:ring_buffer_is_full	16	static
../Core/Lib/ringbuffer/ringbuffer.c:57:8:ring_buffer_used_space	16	static
../Core/Lib/ringbuffer/ringbuffer.c:62:9:ring_buffer_enqueue	24	static
../Core/Lib/ringbuffer/ringbuffer.c:79:9:ring_buffer_dequeue	16	static
../Core/Lib/ringbuffer/ringbuffer.c:104:8:ring_buffer_linear_free_space	16	static
../Core/Lib/ringbuffer/ringbuffer.c:124:8:ring_buffer_linear_used_space	16	static
../Core/Lib/ringbuffer/ringbuffer.c:139:10:ring_buffer_write_ptr	16	static
../Core/Lib/ringbuffer/ringbuffer.c:148:10:ring_buffer_read_ptr	16	static
../Core/Lib/ringbuffer/ringbuffer.c:156:8:ring_buffer_enqueue_arr	40	static
../Core/Lib/ringbuffer/ringbuffer.c:178:8:ring_buffer_dequeue_arr	48	static
../Core/Lib/ringbuffer/ringbuffer.c:208:8:ring_buffer_capacity	16	static
../Core/Lib/ringbuffer/ringbuffer.c:213:9:ring_buffer_peek	16	static
../Core/Lib/ringbuffer/ringbuffer.c:226:8:ring_buffer_peek_arr	48	static
../Core/Lib/ringbuffer/ringbuffer.c:254:8:ring_buffer_peek_arr_offset	48	static
../Core/Lib/ringbuffer/ringbuffer.c:295:6:ring_buffer_advance_tail	24	static
../Core/Lib/ringbuffer/ringbuffer.c:304:6:ring_buffer_advance_head	24	static
../Core/Lib/ringbuffer/ringbuffer.c:313:6:ring_buffer_clear	16	static
