../Core/Src/geometry2D.c:30:9:xAxisABC	32	static
../Core/Src/geometry2D.c:38:9:yAxisABC	32	static
../Core/Src/geometry2D.c:54:9:LineAbcSubtraction	56	static
../Core/Src/geometry2D.c:66:9:polyval	16	static
../Core/Src/geometry2D.c:80:5:floatCmp	0	static
../Core/Src/geometry2D.c:46:5:isValidLineABC	24	static
../Core/Src/geometry2D.c:90:5:arePoints2DEqual	24	static
../Core/Src/geometry2D.c:160:5:gaussianElimination3	32	static
../Core/Src/geometry2D.c:222:5:gaussianElimination2	40	static
../Core/Src/geometry2D.c:277:5:gaussianElimination8	32	static
../Core/Src/geometry2D.c:334:13:points2parabola_3	136	static
../Core/Src/geometry2D.c:355:5:isValidParabola	24	static
../Core/Src/geometry2D.c:364:9:parabolaVertex	32	static
../Core/Src/geometry2D.c:375:9:midPoint	32	static
../Core/Src/geometry2D.c:382:8:perpendicularToLinePassingThroughPointMQ	32	static
../Core/Src/geometry2D.c:392:9:mirrorImageABC	40	static
../Core/Src/geometry2D.c:404:9:normalizeLineABC2MQ	56	static
../Core/Src/geometry2D.c:421:7:distanceBwParallelLinesABC	40	static
../Core/Src/geometry2D.c:431:5:arePerpenticularABC	32	static
../Core/Src/geometry2D.c:443:5:areParallelABC	40	static
../Core/Src/geometry2D.c:459:9:parallelLineAtDistanceABC	72	static
../Core/Src/geometry2D.c:511:5:isLineParallelToXaxisABC	24	static
../Core/Src/geometry2D.c:522:5:isLineParallelToYaxisABC	24	static
../Core/Src/geometry2D.c:532:7:angleBetweenLinesMQ	24	static
../Core/Src/geometry2D.c:544:6:bisectorsOfTwoLinesABC	72	static
../Core/Src/geometry2D.c:621:8:points2lineMQ	32	static
../Core/Src/geometry2D.c:628:9:lineMQ2ABC	40	static
../Core/Src/geometry2D.c:636:8:lineABC2MQ	40	static
../Core/Src/geometry2D.c:644:9:perpendicularToLinePassingThroughPointABC	72	static
../Core/Src/geometry2D.c:669:9:rotateLineAroundPoint	96	static
../Core/Src/geometry2D.c:695:9:rotatePointAroundPoint	64	static
../Core/Src/geometry2D.c:714:13:rotateLineSegmentAroundPoint	104	static
../Core/Src/geometry2D.c:721:7:angleBetweenLinesABC	72	static
../Core/Src/geometry2D.c:758:9:points2lineABC	64	static
../Core/Src/geometry2D.c:777:7:euclidianDistance	16	static
../Core/Src/geometry2D.c:783:7:distance2lineMQ	32	static
../Core/Src/geometry2D.c:789:7:distance2lineABC	40	static
../Core/Src/geometry2D.c:806:5:isPointOnLineABC	32	static
../Core/Src/geometry2D.c:815:24:intersectionLineCircleMQ	88	static
../Core/Src/geometry2D.c:847:24:intersectionLineCircleABC	96	static
../Core/Src/geometry2D.c:905:5:areLinesEqual	32	static
../Core/Src/geometry2D.c:915:19:intersectionLinesABC	48	static
../Core/Src/geometry2D.c:946:7:triangleAngleA	8	static
../Core/Src/geometry2D.c:956:7:angleBw3Points2D	40	static
../Core/Src/geometry2D.c:960:7:distanceBwLinesABC	120	static
../Core/Src/geometry2D.c:983:9:projectPointOnLineABC	72	static
../Core/Src/geometry2D.c:993:5:isPointOnSegment	32	static
../Core/Src/geometry2D.c:1013:28:distancePointsBwSegments	104	static
../Core/Src/geometry2D.c:1248:9:lineSegmentToLineABC	32	static
../Core/Src/geometry2D.c:1253:7:minDistanceLineSegmentToLine	88	static
../Core/Src/geometry2D.c:1270:7:maxDistanceLineSegmentToLine	48	static
../Core/Src/geometry2D.c:1279:9:circleAngleToPoint2D	48	static
../Core/Src/geometry2D.c:1298:24:intersectionBwCircles	72	static
../Core/Src/geometry2D.c:1351:7:NormalizePiToNegPi	16	static
../Core/Src/geometry2D.c:1288:7:circlePoint2DToAngle	24	static
../Core/Src/geometry2D.c:1381:7:NormalizeZeroToPi	8	static
../Core/Src/geometry2D.c:1401:5:isNumber	20	static
../Core/Src/geometry2D.c:1451:7:crossProduct2D	16	static
../Core/Src/geometry2D.c:1455:10:pointsToVector2D	64	static
../Core/Src/geometry2D.c:1462:21:getVector2D_components	32	static
../Core/Src/geometry2D.c:1470:21:getVector2D_componentsFromPoints	32	static
../Core/Src/geometry2D.c:1480:5:isPointInTriangle	32	static
../Core/Src/geometry2D.c:1502:5:isPointInQuadrilateral	64	static
../Core/Src/geometry2D.c:1506:5:isValidLineSegment	24	static
../Core/Src/geometry2D.c:1511:5:areLineSegmentsEqual	40	static
../Core/Src/geometry2D.c:1518:9:midPointLineSegment	32	static
../Core/Src/geometry2D.c:1522:7:lengthLineSegment	16	static
../Core/Src/geometry2D.c:1526:13:projectSegmentOntoLineFromViewpoint	168	static
../Core/Src/geometry2D.c:1574:5:areEqual	8	static
../Core/Src/geometry2D.c:1581:19:lineSegmentIntersection	72	static
../Core/Src/geometry2D.c:1633:5:reachableWithouthPassingThroughSegment	72	static
../Core/Src/geometry2D.c:1649:13:getLongestReachableSegment	144	static
../Core/Src/geometry2D.c:1679:5:isReachableSegment	48	static
../Core/Src/geometry2D.c:1696:29:FourBarLinkage_Theta2ToTheta4	64	static
../Core/Src/geometry2D.c:1744:29:FourBarLinkage_Theta4ToTheta2	40	static
../Core/Src/geometry2D.c:1767:13:getLineSegmentFromStartPointAToLine	168	static
