../Core/Src/stm32f4xx_it.c:80:6:NMI_Handler	8	static
../Core/Src/stm32f4xx_it.c:96:6:HardFault_Handler	8	static
../Core/Src/stm32f4xx_it.c:112:6:MemManage_Handler	8	static
../Core/Src/stm32f4xx_it.c:127:6:BusFault_Handler	8	static
../Core/Src/stm32f4xx_it.c:142:6:UsageFault_Handler	8	static
../Core/Src/stm32f4xx_it.c:157:6:DebugMon_Handler	4	static
../Core/Src/stm32f4xx_it.c:177:6:DMA1_Stream1_IRQHandler	8	static
../Core/Src/stm32f4xx_it.c:191:6:DMA1_Stream3_IRQHandler	8	static
../Core/Src/stm32f4xx_it.c:205:6:TIM4_IRQHandler	8	static
../Core/Src/stm32f4xx_it.c:219:6:USART1_IRQHandler	16	static
../Core/Src/stm32f4xx_it.c:237:6:USART3_IRQHandler	16	static
../Core/Src/stm32f4xx_it.c:255:6:TIM6_DAC_IRQHandler	8	static
../Core/Src/stm32f4xx_it.c:269:6:DMA2_Stream2_IRQHandler	8	static
../Core/Src/stm32f4xx_it.c:283:6:OTG_FS_IRQHandler	8	static
../Core/Src/stm32f4xx_it.c:297:6:DMA2_Stream7_IRQHandler	8	static
