../Core/Src/stm32f4xx_it.c:79:6:NMI_Handler	4	static
../Core/Src/stm32f4xx_it.c:94:6:HardFault_Handler	4	static
../Core/Src/stm32f4xx_it.c:110:6:MemManage_Handler	4	static
../Core/Src/stm32f4xx_it.c:125:6:BusFault_Handler	4	static
../Core/Src/stm32f4xx_it.c:140:6:UsageFault_Handler	4	static
../Core/Src/stm32f4xx_it.c:155:6:DebugMon_Handler	4	static
../Core/Src/stm32f4xx_it.c:175:6:DMA1_Stream1_IRQHandler	8	static
../Core/Src/stm32f4xx_it.c:189:6:DMA1_Stream3_IRQHandler	8	static
../Core/Src/stm32f4xx_it.c:203:6:TIM4_IRQHandler	8	static
../Core/Src/stm32f4xx_it.c:217:6:USART1_IRQHandler	16	static
../Core/Src/stm32f4xx_it.c:235:6:USART3_IRQHandler	8	static
../Core/Src/stm32f4xx_it.c:249:6:TIM6_DAC_IRQHandler	8	static
../Core/Src/stm32f4xx_it.c:263:6:DMA2_Stream2_IRQHandler	8	static
../Core/Src/stm32f4xx_it.c:277:6:OTG_FS_IRQHandler	8	static
../Core/Src/stm32f4xx_it.c:291:6:DMA2_Stream7_IRQHandler	8	static
