../Core/Src/usart.c:52:6:MX_USART1_UART_Init	16	static
../Core/Src/usart.c:92:6:HAL_UART_MspInit	48	static
../Core/Src/usart.c:162:6:HAL_UART_MspDeInit	16	static
../Core/Src/usart.c:195:6:HAL_UART_TxCpltCallback	32	static
../Core/Src/usart.c:223:6:HAL_UART_RxCpltCallback	16	static
../Core/Src/usart.c:233:6:HAL_UART_IDLECallback	32	static
../Core/Src/usart.c:263:6:usart1_read_dma_buffer	56	static,ignoring_inline_asm
../Core/Src/usart.c:298:6:HAL_UART_ErrorCallback	16	static
../Core/Src/usart.c:309:6:usart1_start_tx_if_idle	64	static,ignoring_inline_asm
../Core/Src/usart.c:337:6:usart1_recover	40	static
../Core/Src/usart.c:374:6:usart1_restart	16	static
../Core/Src/usart.c:407:8:usart1_send_data	56	static,ignoring_inline_asm
../Core/Src/usart.c:424:8:usart1_recv_data	56	static,ignoring_inline_asm
../Core/Src/usart.c:439:8:usart1_data_available_for_read	48	static,ignoring_inline_asm
../Core/Src/usart.c:452:8:usart1_data_available_for_write	48	static,ignoring_inline_asm
../Core/Src/usart.c:464:6:usart1_data_rx_flush	48	static,ignoring_inline_asm
