../Middlewares/Third_Party/lwip/src/api/sockets.c:359:1:lwip_socket_thread_init	8	static
../Middlewares/Third_Party/lwip/src/api/sockets.c:366:1:lwip_socket_thread_cleanup	8	static
../Middlewares/Third_Party/lwip/src/api/sockets.c:374:1:sock_inc_used	40	static,ignoring_inline_asm
../Middlewares/Third_Party/lwip/src/api/sockets.c:396:1:sock_inc_used_locked	16	static,ignoring_inline_asm
../Middlewares/Third_Party/lwip/src/api/sockets.c:416:1:done_socket	48	static,ignoring_inline_asm
../Middlewares/Third_Party/lwip/src/api/sockets.c:450:1:tryget_socket_unconn_nouse	24	static
../Middlewares/Third_Party/lwip/src/api/sockets.c:461:1:lwip_socket_dbg_get_socket	16	static
../Middlewares/Third_Party/lwip/src/api/sockets.c:468:1:tryget_socket_unconn	24	static
../Middlewares/Third_Party/lwip/src/api/sockets.c:481:1:tryget_socket_unconn_locked	24	static
../Middlewares/Third_Party/lwip/src/api/sockets.c:499:1:tryget_socket	24	static
../Middlewares/Third_Party/lwip/src/api/sockets.c:518:1:get_socket	24	static
../Middlewares/Third_Party/lwip/src/api/sockets.c:540:1:alloc_socket	48	static,ignoring_inline_asm
../Middlewares/Third_Party/lwip/src/api/sockets.c:587:1:free_socket_locked	24	static,ignoring_inline_asm
../Middlewares/Third_Party/lwip/src/api/sockets.c:611:1:free_socket_free_elements	24	static
../Middlewares/Third_Party/lwip/src/api/sockets.c:633:1:free_socket	48	static,ignoring_inline_asm
../Middlewares/Third_Party/lwip/src/api/sockets.c:659:1:lwip_accept	96	static,ignoring_inline_asm
../Middlewares/Third_Party/lwip/src/api/sockets.c:758:1:lwip_bind	48	static
../Middlewares/Third_Party/lwip/src/api/sockets.c:812:1:lwip_close	40	static,ignoring_inline_asm
../Middlewares/Third_Party/lwip/src/api/sockets.c:853:1:lwip_connect	48	static
../Middlewares/Third_Party/lwip/src/api/sockets.c:921:1:lwip_listen	32	static
../Middlewares/Third_Party/lwip/src/api/sockets.c:960:1:lwip_recv_tcp	56	static,ignoring_inline_asm
../Middlewares/Third_Party/lwip/src/api/sockets.c:1063:1:lwip_sock_make_addr	56	static,ignoring_inline_asm
../Middlewares/Third_Party/lwip/src/api/sockets.c:1096:1:lwip_recv_tcp_from	40	static
../Middlewares/Third_Party/lwip/src/api/sockets.c:1128:1:lwip_recvfrom_udp_raw	64	static,ignoring_inline_asm
../Middlewares/Third_Party/lwip/src/api/sockets.c:1239:1:lwip_recvfrom	96	static
../Middlewares/Third_Party/lwip/src/api/sockets.c:1292:1:lwip_read	32	static
../Middlewares/Third_Party/lwip/src/api/sockets.c:1298:1:lwip_readv	56	static
../Middlewares/Third_Party/lwip/src/api/sockets.c:1315:1:lwip_recv	32	static
../Middlewares/Third_Party/lwip/src/api/sockets.c:1321:1:lwip_recvmsg	72	static
../Middlewares/Third_Party/lwip/src/api/sockets.c:1422:1:lwip_send	56	static
../Middlewares/Third_Party/lwip/src/api/sockets.c:1462:1:lwip_sendmsg	96	static
../Middlewares/Third_Party/lwip/src/api/sockets.c:1625:1:lwip_sendto	64	static
../Middlewares/Third_Party/lwip/src/api/sockets.c:1725:1:lwip_socket	32	static
../Middlewares/Third_Party/lwip/src/api/sockets.c:1786:1:lwip_write	24	static
../Middlewares/Third_Party/lwip/src/api/sockets.c:1792:1:lwip_writev	56	static
../Middlewares/Third_Party/lwip/src/api/sockets.c:1811:1:lwip_link_select_cb	32	static,ignoring_inline_asm
../Middlewares/Third_Party/lwip/src/api/sockets.c:1835:1:lwip_unlink_select_cb	32	static,ignoring_inline_asm
../Middlewares/Third_Party/lwip/src/api/sockets.c:1875:1:lwip_selscan	80	static,ignoring_inline_asm
../Middlewares/Third_Party/lwip/src/api/sockets.c:1947:1:lwip_select_inc_sockets_used_set	48	static,ignoring_inline_asm
../Middlewares/Third_Party/lwip/src/api/sockets.c:1974:1:lwip_select_inc_sockets_used	24	static
../Middlewares/Third_Party/lwip/src/api/sockets.c:1984:1:lwip_select_dec_sockets_used	24	static,ignoring_inline_asm
../Middlewares/Third_Party/lwip/src/api/sockets.c:2004:1:lwip_select	168	static,ignoring_inline_asm
../Middlewares/Third_Party/lwip/src/api/sockets.c:2240:1:lwip_pollscan	72	static,ignoring_inline_asm
../Middlewares/Third_Party/lwip/src/api/sockets.c:2331:1:lwip_poll_inc_sockets_used	24	static
../Middlewares/Third_Party/lwip/src/api/sockets.c:2346:1:lwip_poll_dec_sockets_used	24	static
../Middlewares/Third_Party/lwip/src/api/sockets.c:2366:1:lwip_poll	80	static,ignoring_inline_asm
../Middlewares/Third_Party/lwip/src/api/sockets.c:2485:1:lwip_poll_should_wake	32	static
../Middlewares/Third_Party/lwip/src/api/sockets.c:2524:1:event_callback	80	static,ignoring_inline_asm
../Middlewares/Third_Party/lwip/src/api/sockets.c:2623:13:select_check_waiters	72	static,ignoring_inline_asm
../Middlewares/Third_Party/lwip/src/api/sockets.c:2702:1:lwip_shutdown	40	static
../Middlewares/Third_Party/lwip/src/api/sockets.c:2747:1:lwip_getaddrname	64	static
../Middlewares/Third_Party/lwip/src/api/sockets.c:2794:1:lwip_getpeername	24	static
../Middlewares/Third_Party/lwip/src/api/sockets.c:2800:1:lwip_getsockname	24	static
../Middlewares/Third_Party/lwip/src/api/sockets.c:2806:1:lwip_getsockopt	72	static
../Middlewares/Third_Party/lwip/src/api/sockets.c:2887:1:lwip_getsockopt_callback	40	static,ignoring_inline_asm
../Middlewares/Third_Party/lwip/src/api/sockets.c:2906:1:lwip_sockopt_to_ipopt	16	static,ignoring_inline_asm
../Middlewares/Third_Party/lwip/src/api/sockets.c:2972:1:lwip_getsockopt_impl	32	static
../Middlewares/Third_Party/lwip/src/api/sockets.c:3296:1:lwip_setsockopt	72	static
../Middlewares/Third_Party/lwip/src/api/sockets.c:3372:1:lwip_setsockopt_callback	40	static,ignoring_inline_asm
../Middlewares/Third_Party/lwip/src/api/sockets.c:3394:1:lwip_setsockopt_impl	40	static,ignoring_inline_asm
../Middlewares/Third_Party/lwip/src/api/sockets.c:3827:1:lwip_ioctl	32	static
../Middlewares/Third_Party/lwip/src/api/sockets.c:3920:1:lwip_fcntl	56	static,ignoring_inline_asm
../Middlewares/Third_Party/lwip/src/api/sockets.c:4003:1:lwip_inet_ntop	32	static
../Middlewares/Third_Party/lwip/src/api/sockets.c:4036:1:lwip_inet_pton	32	static
