../Middlewares/Third_Party/lwip/src/netif/ppp/ppp.c:257:6:ppp_set_notify_phase_callback	16	static
../Middlewares/Third_Party/lwip/src/netif/ppp/ppp.c:275:7:ppp_connect	16	static
../Middlewares/Third_Party/lwip/src/netif/ppp/ppp.c:335:1:ppp_close	16	static
../Middlewares/Third_Party/lwip/src/netif/ppp/ppp.c:397:7:ppp_free	24	static
../Middlewares/Third_Party/lwip/src/netif/ppp/ppp.c:417:1:ppp_ioctl	24	static
../Middlewares/Third_Party/lwip/src/netif/ppp/ppp.c:459:13:ppp_do_connect	24	static,ignoring_inline_asm
../Middlewares/Third_Party/lwip/src/netif/ppp/ppp.c:471:14:ppp_netif_init_cb	16	static
../Middlewares/Third_Party/lwip/src/netif/ppp/ppp.c:491:14:ppp_netif_output_ip4	24	static
../Middlewares/Third_Party/lwip/src/netif/ppp/ppp.c:507:14:ppp_netif_output	48	static
../Middlewares/Third_Party/lwip/src/netif/ppp/ppp.c:614:5:ppp_init	8	static
../Middlewares/Third_Party/lwip/src/netif/ppp/ppp.c:649:10:ppp_new	56	static
../Middlewares/Third_Party/lwip/src/netif/ppp/ppp.c:734:6:ppp_start	16	static
../Middlewares/Third_Party/lwip/src/netif/ppp/ppp.c:758:6:ppp_link_failed	16	static
../Middlewares/Third_Party/lwip/src/netif/ppp/ppp.c:766:6:ppp_link_end	16	static
../Middlewares/Third_Party/lwip/src/netif/ppp/ppp.c:779:6:ppp_input	32	static,ignoring_inline_asm
../Middlewares/Third_Party/lwip/src/netif/ppp/ppp.c:1002:7:ppp_write	16	static
../Middlewares/Third_Party/lwip/src/netif/ppp/ppp.c:1009:6:ppp_link_terminated	16	static
../Middlewares/Third_Party/lwip/src/netif/ppp/ppp.c:1024:6:new_phase	16	static
../Middlewares/Third_Party/lwip/src/netif/ppp/ppp.c:1038:5:ppp_send_config	40	static
../Middlewares/Third_Party/lwip/src/netif/ppp/ppp.c:1054:5:ppp_recv_config	40	static
../Middlewares/Third_Party/lwip/src/netif/ppp/ppp.c:1070:5:sifaddr	40	static
../Middlewares/Third_Party/lwip/src/netif/ppp/ppp.c:1085:5:cifaddr	24	static
../Middlewares/Third_Party/lwip/src/netif/ppp/ppp.c:1173:5:sifup	16	static
../Middlewares/Third_Party/lwip/src/netif/ppp/ppp.c:1188:5:sifdown	16	static
../Middlewares/Third_Party/lwip/src/netif/ppp/ppp.c:1214:7:get_mask	16	static
../Middlewares/Third_Party/lwip/src/netif/ppp/ppp.c:1329:6:ppp_netif_set_mtu	16	static
../Middlewares/Third_Party/lwip/src/netif/ppp/ppp.c:1341:5:ppp_netif_get_mtu	16	static
