../Core/Lib/mpu9250/src/driver_mpu9250.c:275:16:a_mpu9250_read	32	static
../Core/Lib/mpu9250/src/driver_mpu9250.c:312:16:a_mpu9250_write	32	static
../Core/Lib/mpu9250/src/driver_mpu9250.c:348:16:a_mpu9250_mag_write	32	static
../Core/Lib/mpu9250/src/driver_mpu9250.c:378:16:a_mpu9250_mag_read	32	static
../Core/Lib/mpu9250/src/driver_mpu9250.c:409:16:a_mpu9250_write_mem	40	static
../Core/Lib/mpu9250/src/driver_mpu9250.c:459:16:a_mpu9250_read_mem	40	static
../Core/Lib/mpu9250/src/driver_mpu9250.c:504:16:a_mpu9250_reset_fifo	24	static
../Core/Lib/mpu9250/src/driver_mpu9250.c:608:17:a_mpu9250_inv_row_2_scale	24	static
../Core/Lib/mpu9250/src/driver_mpu9250.c:650:17:a_mpu9250_inv_orientation_matrix_to_scalar	24	static
../Core/Lib/mpu9250/src/driver_mpu9250.c:666:13:a_mpu9250_dmp_decode_gesture	24	static
../Core/Lib/mpu9250/src/driver_mpu9250.c:703:16:a_mpu9250_accel_self_test	80	static
../Core/Lib/mpu9250/src/driver_mpu9250.c:786:16:a_mpu9250_gyro_self_test	80	static
../Core/Lib/mpu9250/src/driver_mpu9250.c:868:16:a_mpu9250_get_st_biases	232	static
../Core/Lib/mpu9250/src/driver_mpu9250.c:1048:16:a_mpu9250_deinit	16	static
../Core/Lib/mpu9250/src/driver_mpu9250.c:1087:9:mpu9250_dmp_load_firmware	56	static
../Core/Lib/mpu9250/src/driver_mpu9250.c:1165:9:mpu9250_dmp_set_pedometer_walk_time	24	static
../Core/Lib/mpu9250/src/driver_mpu9250.c:1214:9:mpu9250_dmp_get_pedometer_walk_time	24	static
../Core/Lib/mpu9250/src/driver_mpu9250.c:1259:9:mpu9250_dmp_set_pedometer_step_count	24	static
../Core/Lib/mpu9250/src/driver_mpu9250.c:1307:9:mpu9250_dmp_get_pedometer_step_count	24	static
../Core/Lib/mpu9250/src/driver_mpu9250.c:1352:9:mpu9250_dmp_set_shake_reject_timeout	24	static
../Core/Lib/mpu9250/src/driver_mpu9250.c:1399:9:mpu9250_dmp_get_shake_reject_timeout	24	static
../Core/Lib/mpu9250/src/driver_mpu9250.c:1444:9:mpu9250_dmp_set_shake_reject_time	24	static
../Core/Lib/mpu9250/src/driver_mpu9250.c:1491:9:mpu9250_dmp_get_shake_reject_time	24	static
../Core/Lib/mpu9250/src/driver_mpu9250.c:1536:9:mpu9250_dmp_set_shake_reject_thresh	32	static
../Core/Lib/mpu9250/src/driver_mpu9250.c:1586:9:mpu9250_dmp_get_shake_reject_thresh	32	static
../Core/Lib/mpu9250/src/driver_mpu9250.c:1634:9:mpu9250_dmp_set_tap_time_multi	24	static
../Core/Lib/mpu9250/src/driver_mpu9250.c:1681:9:mpu9250_dmp_get_tap_time_multi	24	static
../Core/Lib/mpu9250/src/driver_mpu9250.c:1726:9:mpu9250_dmp_set_tap_time	24	static
../Core/Lib/mpu9250/src/driver_mpu9250.c:1773:9:mpu9250_dmp_get_tap_time	24	static
../Core/Lib/mpu9250/src/driver_mpu9250.c:1819:9:mpu9250_dmp_set_min_tap_count	24	static
../Core/Lib/mpu9250/src/driver_mpu9250.c:1869:9:mpu9250_dmp_get_min_tap_count	24	static
../Core/Lib/mpu9250/src/driver_mpu9250.c:1913:9:mpu9250_dmp_set_gyro_calibrate	40	static
../Core/Lib/mpu9250/src/driver_mpu9250.c:1976:9:mpu9250_dmp_set_3x_quaternion	32	static
../Core/Lib/mpu9250/src/driver_mpu9250.c:2053:9:mpu9250_dmp_set_6x_quaternion	32	static
../Core/Lib/mpu9250/src/driver_mpu9250.c:2130:9:mpu9250_dmp_set_interrupt_mode	40	static
../Core/Lib/mpu9250/src/driver_mpu9250.c:2199:9:mpu9250_dmp_set_gyro_bias	88	static
../Core/Lib/mpu9250/src/driver_mpu9250.c:2289:9:mpu9250_dmp_set_accel_bias	104	static
../Core/Lib/mpu9250/src/driver_mpu9250.c:2392:9:mpu9250_dmp_set_orientation	48	static
../Core/Lib/mpu9250/src/driver_mpu9250.c:2496:9:mpu9250_dmp_set_feature	96	static
../Core/Lib/mpu9250/src/driver_mpu9250.c:2938:9:mpu9250_dmp_set_fifo_rate	40	static
../Core/Lib/mpu9250/src/driver_mpu9250.c:3004:9:mpu9250_dmp_get_fifo_rate	24	static
../Core/Lib/mpu9250/src/driver_mpu9250.c:3051:9:mpu9250_dmp_set_tap_axes	24	static
../Core/Lib/mpu9250/src/driver_mpu9250.c:3112:9:mpu9250_dmp_get_tap_axes	32	static
../Core/Lib/mpu9250/src/driver_mpu9250.c:3168:9:mpu9250_dmp_set_tap_thresh	32	static
../Core/Lib/mpu9250/src/driver_mpu9250.c:3313:9:mpu9250_dmp_get_tap_thresh	40	static
../Core/Lib/mpu9250/src/driver_mpu9250.c:3429:9:mpu9250_dmp_read	88	static
../Core/Lib/mpu9250/src/driver_mpu9250.c:3699:9:mpu9250_dmp_set_tap_callback	16	static
../Core/Lib/mpu9250/src/driver_mpu9250.c:3733:9:mpu9250_dmp_set_orient_callback	16	static
../Core/Lib/mpu9250/src/driver_mpu9250.c:3767:9:mpu9250_dmp_set_enable	24	static
../Core/Lib/mpu9250/src/driver_mpu9250.c:3822:9:mpu9250_dmp_gyro_accel_raw_offset_convert	32	static
../Core/Lib/mpu9250/src/driver_mpu9250.c:3922:9:mpu9250_set_interface	16	static
../Core/Lib/mpu9250/src/driver_mpu9250.c:3943:9:mpu9250_get_interface	16	static
../Core/Lib/mpu9250/src/driver_mpu9250.c:3964:9:mpu9250_set_addr_pin	16	static
../Core/Lib/mpu9250/src/driver_mpu9250.c:3985:9:mpu9250_get_addr_pin	16	static
../Core/Lib/mpu9250/src/driver_mpu9250.c:4009:9:mpu9250_init	24	static
../Core/Lib/mpu9250/src/driver_mpu9250.c:4168:9:mpu9250_deinit	24	static
../Core/Lib/mpu9250/src/driver_mpu9250.c:4223:9:mpu9250_read	64	static
../Core/Lib/mpu9250/src/driver_mpu9250.c:4631:9:mpu9250_read_temperature	32	static
../Core/Lib/mpu9250/src/driver_mpu9250.c:4668:9:mpu9250_irq_handler	24	static
../Core/Lib/mpu9250/src/driver_mpu9250.c:4742:9:mpu9250_mag_init	24	static
../Core/Lib/mpu9250/src/driver_mpu9250.c:4894:9:mpu9250_mag_deinit	24	static
../Core/Lib/mpu9250/src/driver_mpu9250.c:4995:9:mpu9250_mag_read	48	static
../Core/Lib/mpu9250/src/driver_mpu9250.c:5060:9:mpu9250_mag_get_info	24	static
../Core/Lib/mpu9250/src/driver_mpu9250.c:5102:9:mpu9250_mag_get_status1	24	static
../Core/Lib/mpu9250/src/driver_mpu9250.c:5144:9:mpu9250_mag_get_status2	24	static
../Core/Lib/mpu9250/src/driver_mpu9250.c:5186:9:mpu9250_mag_set_mode	24	static
../Core/Lib/mpu9250/src/driver_mpu9250.c:5238:9:mpu9250_mag_get_mode	24	static
../Core/Lib/mpu9250/src/driver_mpu9250.c:5282:9:mpu9250_mag_set_bits	24	static
../Core/Lib/mpu9250/src/driver_mpu9250.c:5334:9:mpu9250_mag_get_bits	24	static
../Core/Lib/mpu9250/src/driver_mpu9250.c:5378:9:mpu9250_mag_set_reset	24	static
../Core/Lib/mpu9250/src/driver_mpu9250.c:5430:9:mpu9250_mag_get_reset	24	static
../Core/Lib/mpu9250/src/driver_mpu9250.c:5474:9:mpu9250_mag_set_self_test	24	static
../Core/Lib/mpu9250/src/driver_mpu9250.c:5526:9:mpu9250_mag_get_self_test	24	static
../Core/Lib/mpu9250/src/driver_mpu9250.c:5569:9:mpu9250_mag_iic_disable	24	static
../Core/Lib/mpu9250/src/driver_mpu9250.c:5613:9:mpu9250_mag_get_asa	24	static
../Core/Lib/mpu9250/src/driver_mpu9250.c:5654:9:mpu9250_mag_set_fifo_mode	24	static
../Core/Lib/mpu9250/src/driver_mpu9250.c:5763:9:mpu9250_set_fifo	24	static
../Core/Lib/mpu9250/src/driver_mpu9250.c:5808:9:mpu9250_get_fifo	24	static
../Core/Lib/mpu9250/src/driver_mpu9250.c:5844:9:mpu9250_force_fifo_reset	24	static
../Core/Lib/mpu9250/src/driver_mpu9250.c:5879:9:mpu9250_set_iic_master	24	static
../Core/Lib/mpu9250/src/driver_mpu9250.c:5924:9:mpu9250_get_iic_master	24	static
../Core/Lib/mpu9250/src/driver_mpu9250.c:5961:9:mpu9250_set_disable_iic_slave	24	static
../Core/Lib/mpu9250/src/driver_mpu9250.c:6006:9:mpu9250_get_disable_iic_slave	24	static
../Core/Lib/mpu9250/src/driver_mpu9250.c:6042:9:mpu9250_fifo_reset	24	static
../Core/Lib/mpu9250/src/driver_mpu9250.c:6087:9:mpu9250_get_fifo_reset	24	static
../Core/Lib/mpu9250/src/driver_mpu9250.c:6123:9:mpu9250_iic_master_reset	24	static
../Core/Lib/mpu9250/src/driver_mpu9250.c:6168:9:mpu9250_get_iic_master_reset	24	static
../Core/Lib/mpu9250/src/driver_mpu9250.c:6204:9:mpu9250_sensor_reset	24	static
../Core/Lib/mpu9250/src/driver_mpu9250.c:6249:9:mpu9250_get_sensor_reset	24	static
../Core/Lib/mpu9250/src/driver_mpu9250.c:6285:9:mpu9250_device_reset	24	static
../Core/Lib/mpu9250/src/driver_mpu9250.c:6330:9:mpu9250_get_device_reset	24	static
../Core/Lib/mpu9250/src/driver_mpu9250.c:6367:9:mpu9250_set_clock_source	24	static
../Core/Lib/mpu9250/src/driver_mpu9250.c:6412:9:mpu9250_get_clock_source	24	static
../Core/Lib/mpu9250/src/driver_mpu9250.c:6449:9:mpu9250_set_ptat	24	static
../Core/Lib/mpu9250/src/driver_mpu9250.c:6494:9:mpu9250_get_ptat	24	static
../Core/Lib/mpu9250/src/driver_mpu9250.c:6531:9:mpu9250_set_cycle_wake_up	24	static
../Core/Lib/mpu9250/src/driver_mpu9250.c:6576:9:mpu9250_get_cycle_wake_up	24	static
../Core/Lib/mpu9250/src/driver_mpu9250.c:6613:9:mpu9250_set_sleep	24	static
../Core/Lib/mpu9250/src/driver_mpu9250.c:6658:9:mpu9250_get_sleep	24	static
../Core/Lib/mpu9250/src/driver_mpu9250.c:6695:9:mpu9250_set_gyro_standby	24	static
../Core/Lib/mpu9250/src/driver_mpu9250.c:6740:9:mpu9250_get_gyro_standby	24	static
../Core/Lib/mpu9250/src/driver_mpu9250.c:6778:9:mpu9250_set_standby_mode	24	static
../Core/Lib/mpu9250/src/driver_mpu9250.c:6824:9:mpu9250_get_standby_mode	32	static
../Core/Lib/mpu9250/src/driver_mpu9250.c:6861:9:mpu9250_get_fifo_count	24	static
../Core/Lib/mpu9250/src/driver_mpu9250.c:6899:9:mpu9250_fifo_get	32	static
../Core/Lib/mpu9250/src/driver_mpu9250.c:6935:9:mpu9250_fifo_set	32	static
../Core/Lib/mpu9250/src/driver_mpu9250.c:6970:9:mpu9250_set_signal_path_reset	24	static
../Core/Lib/mpu9250/src/driver_mpu9250.c:7015:9:mpu9250_set_sample_rate_divider	24	static
../Core/Lib/mpu9250/src/driver_mpu9250.c:7050:9:mpu9250_get_sample_rate_divider	24	static
../Core/Lib/mpu9250/src/driver_mpu9250.c:7085:9:mpu9250_set_extern_sync	24	static
../Core/Lib/mpu9250/src/driver_mpu9250.c:7130:9:mpu9250_get_extern_sync	24	static
../Core/Lib/mpu9250/src/driver_mpu9250.c:7167:9:mpu9250_set_low_pass_filter	24	static
../Core/Lib/mpu9250/src/driver_mpu9250.c:7212:9:mpu9250_get_low_pass_filter	24	static
../Core/Lib/mpu9250/src/driver_mpu9250.c:7249:9:mpu9250_set_fifo_mode	24	static
../Core/Lib/mpu9250/src/driver_mpu9250.c:7294:9:mpu9250_get_fifo_mode	24	static
../Core/Lib/mpu9250/src/driver_mpu9250.c:7332:9:mpu9250_set_gyroscope_test	24	static
../Core/Lib/mpu9250/src/driver_mpu9250.c:7378:9:mpu9250_get_gyroscope_test	32	static
../Core/Lib/mpu9250/src/driver_mpu9250.c:7415:9:mpu9250_set_gyroscope_range	24	static
../Core/Lib/mpu9250/src/driver_mpu9250.c:7460:9:mpu9250_get_gyroscope_range	24	static
../Core/Lib/mpu9250/src/driver_mpu9250.c:7498:9:mpu9250_set_gyroscope_choice	24	static
../Core/Lib/mpu9250/src/driver_mpu9250.c:7549:9:mpu9250_get_gyroscope_choice	24	static
../Core/Lib/mpu9250/src/driver_mpu9250.c:7587:9:mpu9250_set_accelerometer_test	24	static
../Core/Lib/mpu9250/src/driver_mpu9250.c:7633:9:mpu9250_get_accelerometer_test	32	static
../Core/Lib/mpu9250/src/driver_mpu9250.c:7670:9:mpu9250_set_accelerometer_range	24	static
../Core/Lib/mpu9250/src/driver_mpu9250.c:7715:9:mpu9250_get_accelerometer_range	24	static
../Core/Lib/mpu9250/src/driver_mpu9250.c:7751:9:mpu9250_set_fifo_1024kb	24	static
../Core/Lib/mpu9250/src/driver_mpu9250.c:7797:9:mpu9250_set_accelerometer_choice	24	static
../Core/Lib/mpu9250/src/driver_mpu9250.c:7849:9:mpu9250_get_accelerometer_choice	24	static
../Core/Lib/mpu9250/src/driver_mpu9250.c:7886:9:mpu9250_set_accelerometer_low_pass_filter	24	static
../Core/Lib/mpu9250/src/driver_mpu9250.c:7931:9:mpu9250_get_accelerometer_low_pass_filter	24	static
../Core/Lib/mpu9250/src/driver_mpu9250.c:7968:9:mpu9250_set_low_power_accel_output_rate	24	static
../Core/Lib/mpu9250/src/driver_mpu9250.c:8013:9:mpu9250_get_low_power_accel_output_rate	24	static
../Core/Lib/mpu9250/src/driver_mpu9250.c:8050:9:mpu9250_set_wake_on_motion	24	static
../Core/Lib/mpu9250/src/driver_mpu9250.c:8095:9:mpu9250_get_wake_on_motion	24	static
../Core/Lib/mpu9250/src/driver_mpu9250.c:8132:9:mpu9250_set_accel_compare_with_previous_sample	24	static
../Core/Lib/mpu9250/src/driver_mpu9250.c:8177:9:mpu9250_get_accel_compare_with_previous_sample	24	static
../Core/Lib/mpu9250/src/driver_mpu9250.c:8215:9:mpu9250_set_fifo_enable	24	static
../Core/Lib/mpu9250/src/driver_mpu9250.c:8261:9:mpu9250_get_fifo_enable	32	static
../Core/Lib/mpu9250/src/driver_mpu9250.c:8298:9:mpu9250_set_interrupt_level	24	static
../Core/Lib/mpu9250/src/driver_mpu9250.c:8343:9:mpu9250_get_interrupt_level	24	static
../Core/Lib/mpu9250/src/driver_mpu9250.c:8380:9:mpu9250_set_interrupt_pin_type	24	static
../Core/Lib/mpu9250/src/driver_mpu9250.c:8425:9:mpu9250_get_interrupt_pin_type	24	static
../Core/Lib/mpu9250/src/driver_mpu9250.c:8462:9:mpu9250_set_interrupt_latch	24	static
../Core/Lib/mpu9250/src/driver_mpu9250.c:8507:9:mpu9250_get_interrupt_latch	24	static
../Core/Lib/mpu9250/src/driver_mpu9250.c:8544:9:mpu9250_set_interrupt_read_clear	24	static
../Core/Lib/mpu9250/src/driver_mpu9250.c:8589:9:mpu9250_get_interrupt_read_clear	24	static
../Core/Lib/mpu9250/src/driver_mpu9250.c:8626:9:mpu9250_set_fsync_interrupt_level	24	static
../Core/Lib/mpu9250/src/driver_mpu9250.c:8671:9:mpu9250_get_fsync_interrupt_level	24	static
../Core/Lib/mpu9250/src/driver_mpu9250.c:8708:9:mpu9250_set_fsync_interrupt	24	static
../Core/Lib/mpu9250/src/driver_mpu9250.c:8753:9:mpu9250_get_fsync_interrupt	24	static
../Core/Lib/mpu9250/src/driver_mpu9250.c:8790:9:mpu9250_set_iic_bypass	24	static
../Core/Lib/mpu9250/src/driver_mpu9250.c:8835:9:mpu9250_get_iic_bypass	24	static
../Core/Lib/mpu9250/src/driver_mpu9250.c:8873:9:mpu9250_set_interrupt	24	static
../Core/Lib/mpu9250/src/driver_mpu9250.c:8919:9:mpu9250_get_interrupt	32	static
../Core/Lib/mpu9250/src/driver_mpu9250.c:8956:9:mpu9250_get_interrupt_status	24	static
../Core/Lib/mpu9250/src/driver_mpu9250.c:8991:9:mpu9250_set_gyroscope_x_test	24	static
../Core/Lib/mpu9250/src/driver_mpu9250.c:9026:9:mpu9250_get_gyroscope_x_test	24	static
../Core/Lib/mpu9250/src/driver_mpu9250.c:9061:9:mpu9250_set_gyroscope_y_test	24	static
../Core/Lib/mpu9250/src/driver_mpu9250.c:9096:9:mpu9250_get_gyroscope_y_test	24	static
../Core/Lib/mpu9250/src/driver_mpu9250.c:9131:9:mpu9250_set_gyroscope_z_test	24	static
../Core/Lib/mpu9250/src/driver_mpu9250.c:9166:9:mpu9250_get_gyroscope_z_test	24	static
../Core/Lib/mpu9250/src/driver_mpu9250.c:9201:9:mpu9250_set_accelerometer_x_test	24	static
../Core/Lib/mpu9250/src/driver_mpu9250.c:9236:9:mpu9250_get_accelerometer_x_test	24	static
../Core/Lib/mpu9250/src/driver_mpu9250.c:9271:9:mpu9250_set_accelerometer_y_test	24	static
../Core/Lib/mpu9250/src/driver_mpu9250.c:9306:9:mpu9250_get_accelerometer_y_test	24	static
../Core/Lib/mpu9250/src/driver_mpu9250.c:9341:9:mpu9250_set_accelerometer_z_test	24	static
../Core/Lib/mpu9250/src/driver_mpu9250.c:9376:9:mpu9250_get_accelerometer_z_test	24	static
../Core/Lib/mpu9250/src/driver_mpu9250.c:9411:9:mpu9250_set_accelerometer_x_offset	24	static
../Core/Lib/mpu9250/src/driver_mpu9250.c:9449:9:mpu9250_get_accelerometer_x_offset	24	static
../Core/Lib/mpu9250/src/driver_mpu9250.c:9486:9:mpu9250_set_accelerometer_y_offset	24	static
../Core/Lib/mpu9250/src/driver_mpu9250.c:9524:9:mpu9250_get_accelerometer_y_offset	24	static
../Core/Lib/mpu9250/src/driver_mpu9250.c:9561:9:mpu9250_set_accelerometer_z_offset	24	static
../Core/Lib/mpu9250/src/driver_mpu9250.c:9599:9:mpu9250_get_accelerometer_z_offset	24	static
../Core/Lib/mpu9250/src/driver_mpu9250.c:9636:9:mpu9250_accelerometer_offset_convert_to_register	24	static
../Core/Lib/mpu9250/src/driver_mpu9250.c:9655:9:mpu9250_accelerometer_offset_convert_to_data	24	static
../Core/Lib/mpu9250/src/driver_mpu9250.c:9682:9:mpu9250_set_gyro_x_offset	24	static
../Core/Lib/mpu9250/src/driver_mpu9250.c:9720:9:mpu9250_get_gyro_x_offset	24	static
../Core/Lib/mpu9250/src/driver_mpu9250.c:9757:9:mpu9250_set_gyro_y_offset	24	static
../Core/Lib/mpu9250/src/driver_mpu9250.c:9795:9:mpu9250_get_gyro_y_offset	24	static
../Core/Lib/mpu9250/src/driver_mpu9250.c:9832:9:mpu9250_set_gyro_z_offset	24	static
../Core/Lib/mpu9250/src/driver_mpu9250.c:9870:9:mpu9250_get_gyro_z_offset	24	static
../Core/Lib/mpu9250/src/driver_mpu9250.c:9907:9:mpu9250_gyro_offset_convert_to_register	24	static
../Core/Lib/mpu9250/src/driver_mpu9250.c:9934:9:mpu9250_gyro_offset_convert_to_data	24	static
../Core/Lib/mpu9250/src/driver_mpu9250.c:9961:9:mpu9250_set_motion_threshold	24	static
../Core/Lib/mpu9250/src/driver_mpu9250.c:9996:9:mpu9250_get_motion_threshold	24	static
../Core/Lib/mpu9250/src/driver_mpu9250.c:10031:9:mpu9250_motion_threshold_convert_to_register	24	static
../Core/Lib/mpu9250/src/driver_mpu9250.c:10058:9:mpu9250_motion_threshold_convert_to_data	24	static
../Core/Lib/mpu9250/src/driver_mpu9250.c:10086:9:mpu9250_self_test	56	static
../Core/Lib/mpu9250/src/driver_mpu9250.c:10170:9:mpu9250_set_iic_clock	24	static
../Core/Lib/mpu9250/src/driver_mpu9250.c:10215:9:mpu9250_get_iic_clock	24	static
../Core/Lib/mpu9250/src/driver_mpu9250.c:10252:9:mpu9250_set_iic_multi_master	24	static
../Core/Lib/mpu9250/src/driver_mpu9250.c:10297:9:mpu9250_get_iic_multi_master	24	static
../Core/Lib/mpu9250/src/driver_mpu9250.c:10334:9:mpu9250_set_iic_wait_for_external_sensor	24	static
../Core/Lib/mpu9250/src/driver_mpu9250.c:10379:9:mpu9250_get_iic_wait_for_external_sensor	24	static
../Core/Lib/mpu9250/src/driver_mpu9250.c:10416:9:mpu9250_set_iic_read_mode	24	static
../Core/Lib/mpu9250/src/driver_mpu9250.c:10461:9:mpu9250_get_iic_read_mode	24	static
../Core/Lib/mpu9250/src/driver_mpu9250.c:10500:9:mpu9250_set_iic_fifo_enable	24	static
../Core/Lib/mpu9250/src/driver_mpu9250.c:10578:9:mpu9250_get_iic_fifo_enable	32	static
../Core/Lib/mpu9250/src/driver_mpu9250.c:10640:9:mpu9250_set_iic_mode	24	static
../Core/Lib/mpu9250/src/driver_mpu9250.c:10772:9:mpu9250_get_iic_mode	32	static
../Core/Lib/mpu9250/src/driver_mpu9250.c:10864:9:mpu9250_set_iic_address	24	static
../Core/Lib/mpu9250/src/driver_mpu9250.c:10996:9:mpu9250_get_iic_address	32	static
../Core/Lib/mpu9250/src/driver_mpu9250.c:11088:9:mpu9250_set_iic_register	24	static
../Core/Lib/mpu9250/src/driver_mpu9250.c:11174:9:mpu9250_get_iic_register	32	static
../Core/Lib/mpu9250/src/driver_mpu9250.c:11260:9:mpu9250_set_iic_data_out	24	static
../Core/Lib/mpu9250/src/driver_mpu9250.c:11336:9:mpu9250_get_iic_data_out	32	static
../Core/Lib/mpu9250/src/driver_mpu9250.c:11412:9:mpu9250_set_iic_enable	24	static
../Core/Lib/mpu9250/src/driver_mpu9250.c:11525:9:mpu9250_get_iic_enable	32	static
../Core/Lib/mpu9250/src/driver_mpu9250.c:11606:9:mpu9250_set_iic_byte_swap	24	static
../Core/Lib/mpu9250/src/driver_mpu9250.c:11719:9:mpu9250_get_iic_byte_swap	32	static
../Core/Lib/mpu9250/src/driver_mpu9250.c:11800:9:mpu9250_set_iic_transaction_mode	24	static
../Core/Lib/mpu9250/src/driver_mpu9250.c:11913:9:mpu9250_get_iic_transaction_mode	32	static
../Core/Lib/mpu9250/src/driver_mpu9250.c:11994:9:mpu9250_set_iic_group_order	24	static
../Core/Lib/mpu9250/src/driver_mpu9250.c:12107:9:mpu9250_get_iic_group_order	32	static
../Core/Lib/mpu9250/src/driver_mpu9250.c:12189:9:mpu9250_set_iic_transferred_len	24	static
../Core/Lib/mpu9250/src/driver_mpu9250.c:12308:9:mpu9250_get_iic_transferred_len	32	static
../Core/Lib/mpu9250/src/driver_mpu9250.c:12387:9:mpu9250_get_iic_status	24	static
../Core/Lib/mpu9250/src/driver_mpu9250.c:12423:9:mpu9250_set_iic_delay_enable	24	static
../Core/Lib/mpu9250/src/driver_mpu9250.c:12469:9:mpu9250_get_iic_delay_enable	32	static
../Core/Lib/mpu9250/src/driver_mpu9250.c:12506:9:mpu9250_set_iic4_enable	24	static
../Core/Lib/mpu9250/src/driver_mpu9250.c:12551:9:mpu9250_get_iic4_enable	24	static
../Core/Lib/mpu9250/src/driver_mpu9250.c:12588:9:mpu9250_set_iic4_interrupt	24	static
../Core/Lib/mpu9250/src/driver_mpu9250.c:12633:9:mpu9250_get_iic4_interrupt	24	static
../Core/Lib/mpu9250/src/driver_mpu9250.c:12670:9:mpu9250_set_iic4_transaction_mode	24	static
../Core/Lib/mpu9250/src/driver_mpu9250.c:12715:9:mpu9250_get_iic4_transaction_mode	24	static
../Core/Lib/mpu9250/src/driver_mpu9250.c:12753:9:mpu9250_set_iic_delay	24	static
../Core/Lib/mpu9250/src/driver_mpu9250.c:12804:9:mpu9250_get_iic_delay	24	static
../Core/Lib/mpu9250/src/driver_mpu9250.c:12841:9:mpu9250_set_iic4_data_out	24	static
../Core/Lib/mpu9250/src/driver_mpu9250.c:12876:9:mpu9250_get_iic4_data_out	24	static
../Core/Lib/mpu9250/src/driver_mpu9250.c:12911:9:mpu9250_set_iic4_data_in	24	static
../Core/Lib/mpu9250/src/driver_mpu9250.c:12946:9:mpu9250_get_iic4_data_in	24	static
../Core/Lib/mpu9250/src/driver_mpu9250.c:12983:9:mpu9250_read_extern_sensor_data	32	static
../Core/Lib/mpu9250/src/driver_mpu9250.c:13026:9:mpu9250_set_reg	24	static
../Core/Lib/mpu9250/src/driver_mpu9250.c:13053:9:mpu9250_get_reg	24	static
../Core/Lib/mpu9250/src/driver_mpu9250.c:13075:9:mpu9250_info	16	static
