Archive member included to satisfy reference by file (symbol)

C:/ST/STM32CubeIDE_1.18.0/STM32CubeIDE/plugins/com.st.stm32cube.ide.mcu.externaltools.gnu-tools-for-stm32.13.3.rel1.win32_1.0.0.202411081344/tools/bin/../lib/gcc/arm-none-eabi/13.3.1/../../../../arm-none-eabi/lib/thumb/v7e-m+fp/hard\libm.a(libm_a-w_asin.o)
                              ./Core/Src/flight_controller.o (asin)
C:/ST/STM32CubeIDE_1.18.0/STM32CubeIDE/plugins/com.st.stm32cube.ide.mcu.externaltools.gnu-tools-for-stm32.13.3.rel1.win32_1.0.0.202411081344/tools/bin/../lib/gcc/arm-none-eabi/13.3.1/../../../../arm-none-eabi/lib/thumb/v7e-m+fp/hard\libm.a(libm_a-w_atan2.o)
                              ./Core/Src/flight_controller.o (atan2)
C:/ST/STM32CubeIDE_1.18.0/STM32CubeIDE/plugins/com.st.stm32cube.ide.mcu.externaltools.gnu-tools-for-stm32.13.3.rel1.win32_1.0.0.202411081344/tools/bin/../lib/gcc/arm-none-eabi/13.3.1/../../../../arm-none-eabi/lib/thumb/v7e-m+fp/hard\libm.a(libm_a-w_sqrt.o)
                              ./Core/Src/flight_controller.o (sqrt)
C:/ST/STM32CubeIDE_1.18.0/STM32CubeIDE/plugins/com.st.stm32cube.ide.mcu.externaltools.gnu-tools-for-stm32.13.3.rel1.win32_1.0.0.202411081344/tools/bin/../lib/gcc/arm-none-eabi/13.3.1/../../../../arm-none-eabi/lib/thumb/v7e-m+fp/hard\libm.a(libm_a-s_cos.o)
                              ./Core/Src/flight_controller.o (cos)
C:/ST/STM32CubeIDE_1.18.0/STM32CubeIDE/plugins/com.st.stm32cube.ide.mcu.externaltools.gnu-tools-for-stm32.13.3.rel1.win32_1.0.0.202411081344/tools/bin/../lib/gcc/arm-none-eabi/13.3.1/../../../../arm-none-eabi/lib/thumb/v7e-m+fp/hard\libm.a(libm_a-s_fabs.o)
                              C:/ST/STM32CubeIDE_1.18.0/STM32CubeIDE/plugins/com.st.stm32cube.ide.mcu.externaltools.gnu-tools-for-stm32.13.3.rel1.win32_1.0.0.202411081344/tools/bin/../lib/gcc/arm-none-eabi/13.3.1/../../../../arm-none-eabi/lib/thumb/v7e-m+fp/hard\libm.a(libm_a-w_asin.o) (fabs)
C:/ST/STM32CubeIDE_1.18.0/STM32CubeIDE/plugins/com.st.stm32cube.ide.mcu.externaltools.gnu-tools-for-stm32.13.3.rel1.win32_1.0.0.202411081344/tools/bin/../lib/gcc/arm-none-eabi/13.3.1/../../../../arm-none-eabi/lib/thumb/v7e-m+fp/hard\libm.a(libm_a-s_sin.o)
                              ./Core/Src/flight_controller.o (sin)
C:/ST/STM32CubeIDE_1.18.0/STM32CubeIDE/plugins/com.st.stm32cube.ide.mcu.externaltools.gnu-tools-for-stm32.13.3.rel1.win32_1.0.0.202411081344/tools/bin/../lib/gcc/arm-none-eabi/13.3.1/../../../../arm-none-eabi/lib/thumb/v7e-m+fp/hard\libm.a(libm_a-wf_acos.o)
                              ./Core/Src/flight_controller.o (acosf)
C:/ST/STM32CubeIDE_1.18.0/STM32CubeIDE/plugins/com.st.stm32cube.ide.mcu.externaltools.gnu-tools-for-stm32.13.3.rel1.win32_1.0.0.202411081344/tools/bin/../lib/gcc/arm-none-eabi/13.3.1/../../../../arm-none-eabi/lib/thumb/v7e-m+fp/hard\libm.a(libm_a-wf_asin.o)
                              ./Core/Lib/mpu9250/src/driver_mpu9250.o (asinf)
C:/ST/STM32CubeIDE_1.18.0/STM32CubeIDE/plugins/com.st.stm32cube.ide.mcu.externaltools.gnu-tools-for-stm32.13.3.rel1.win32_1.0.0.202411081344/tools/bin/../lib/gcc/arm-none-eabi/13.3.1/../../../../arm-none-eabi/lib/thumb/v7e-m+fp/hard\libm.a(libm_a-wf_atan2.o)
                              ./Core/Lib/mpu9250/src/driver_mpu9250.o (atan2f)
C:/ST/STM32CubeIDE_1.18.0/STM32CubeIDE/plugins/com.st.stm32cube.ide.mcu.externaltools.gnu-tools-for-stm32.13.3.rel1.win32_1.0.0.202411081344/tools/bin/../lib/gcc/arm-none-eabi/13.3.1/../../../../arm-none-eabi/lib/thumb/v7e-m+fp/hard\libm.a(libm_a-wf_fmod.o)
                              ./Core/Src/geometry2D.o (fmodf)
C:/ST/STM32CubeIDE_1.18.0/STM32CubeIDE/plugins/com.st.stm32cube.ide.mcu.externaltools.gnu-tools-for-stm32.13.3.rel1.win32_1.0.0.202411081344/tools/bin/../lib/gcc/arm-none-eabi/13.3.1/../../../../arm-none-eabi/lib/thumb/v7e-m+fp/hard\libm.a(libm_a-wf_sqrt.o)
                              ./Core/Src/flight_controller.o (sqrtf)
C:/ST/STM32CubeIDE_1.18.0/STM32CubeIDE/plugins/com.st.stm32cube.ide.mcu.externaltools.gnu-tools-for-stm32.13.3.rel1.win32_1.0.0.202411081344/tools/bin/../lib/gcc/arm-none-eabi/13.3.1/../../../../arm-none-eabi/lib/thumb/v7e-m+fp/hard\libm.a(libm_a-sf_atan.o)
                              ./Core/Src/geometry2D.o (atanf)
C:/ST/STM32CubeIDE_1.18.0/STM32CubeIDE/plugins/com.st.stm32cube.ide.mcu.externaltools.gnu-tools-for-stm32.13.3.rel1.win32_1.0.0.202411081344/tools/bin/../lib/gcc/arm-none-eabi/13.3.1/../../../../arm-none-eabi/lib/thumb/v7e-m+fp/hard\libm.a(libm_a-sf_cos.o)
                              ./Core/Src/filters.o (cosf)
C:/ST/STM32CubeIDE_1.18.0/STM32CubeIDE/plugins/com.st.stm32cube.ide.mcu.externaltools.gnu-tools-for-stm32.13.3.rel1.win32_1.0.0.202411081344/tools/bin/../lib/gcc/arm-none-eabi/13.3.1/../../../../arm-none-eabi/lib/thumb/v7e-m+fp/hard\libm.a(libm_a-sf_fabs.o)
[...]
Memory Configuration

Name             Origin             Length             Attributes
CCMRAM           0x10000000         0x00010000         xrw
RAM              0x20000000         0x00020000         xrw
FLASH            0x08000000         0x00100000         xr
*default*        0x00000000         0xffffffff

Linker script and memory map

LOAD C:/ST/STM32CubeIDE_1.18.0/STM32CubeIDE/plugins/com.st.stm32cube.ide.mcu.externaltools.gnu-tools-for-stm32.13.3.rel1.win32_1.0.0.202411081344/tools/bin/../lib/gcc/arm-none-eabi/13.3.1/thumb/v7e-m+fp/hard/crti.o
LOAD C:/ST/STM32CubeIDE_1.18.0/STM32CubeIDE/plugins/com.st.stm32cube.ide.mcu.externaltools.gnu-tools-for-stm32.13.3.rel1.win32_1.0.0.202411081344/tools/bin/../lib/gcc/arm-none-eabi/13.3.1/thumb/v7e-m+fp/hard/crtbegin.o
LOAD C:/ST/STM32CubeIDE_1.18.0/STM32CubeIDE/plugins/com.st.stm32cube.ide.mcu.externaltools.gnu-tools-for-stm32.13.3.rel1.win32_1.0.0.202411081344/tools/bin/../lib/gcc/arm-none-eabi/13.3.1/../../../../arm-none-eabi/lib/thumb/v7e-m+fp/hard/crt0.o
LOAD ./Core/Lib/Dshot/dshot.o
LOAD ./Core/Lib/mpu9250/interface/driver_mpu9250_basic.o
LOAD ./Core/Lib/mpu9250/interface/driver_mpu9250_interface.o
LOAD ./Core/Lib/mpu9250/src/driver_mpu9250.o
LOAD ./Core/Lib/mpu9250/test/driver_mpu9250_dmp_pedometer_test.o
LOAD ./Core/Lib/mpu9250/test/driver_mpu9250_dmp_read_test.o
LOAD ./Core/Lib/mpu9250/test/driver_mpu9250_dmp_tap_orient_motion_test.o
LOAD ./Core/Lib/mpu9250/test/driver_mpu9250_fifo_test.o
LOAD ./Core/Lib/mpu9250/test/driver_mpu9250_read_test.o
LOAD ./Core/Lib/mpu9250/test/driver_mpu9250_register_test.o
LOAD ./Core/Lib/ringbuffer/ringbuffer.o
LOAD ./Core/Src/dma.o
LOAD ./Core/Src/filters.o
LOAD ./Core/Src/flight_controller.o
LOAD ./Core/Src/geometry2D.o
LOAD ./Core/Src/gpio.o
LOAD ./Core/Src/madgwick_filter.o
LOAD ./Core/Src/main.o
LOAD ./Core/Src/motor_mixer.o
LOAD ./Core/Src/pid.o
LOAD ./Core/Src/spi.o
LOAD ./Core/Src/stm32f4xx_hal_msp.o
LOAD ./Core/Src/stm32f4xx_it.o
LOAD ./Core/Src/syscalls.o
LOAD ./Core/Src/sysmem.o
LOAD ./Core/Src/system_stm32f4xx.o
LOAD ./Core/Src/tim.o
LOAD ./Core/Src/usart.o
LOAD ./Core/Startup/startup_stm32f405rgtx.o
LOAD ./Drivers/STM32F4xx_HAL_Driver/Src/stm32f4xx_hal.o
LOAD ./Drivers/STM32F4xx_HAL_Driver/Src/stm32f4xx_hal_cortex.o
LOAD ./Drivers/STM32F4xx_HAL_Driver/Src/stm32f4xx_hal_dma.o
LOAD ./Drivers/STM32F4xx_HAL_Driver/Src/stm32f4xx_hal_dma_ex.o
LOAD ./Drivers/STM32F4xx_HAL_Driver/Src/stm32f4xx_hal_exti.o
LOAD ./Drivers/STM32F4xx_HAL_Driver/Src/stm32f4xx_hal_flash.o
LOAD ./Drivers/STM32F4xx_HAL_Driver/Src/stm32f4xx_hal_flash_ex.o
LOAD ./Drivers/STM32F4xx_HAL_Driver/Src/stm32f4xx_hal_flash_ramfunc.o
LOAD ./Drivers/STM32F4xx_HAL_Driver/Src/stm32f4xx_hal_gpio.o
LOAD ./Drivers/STM32F4xx_HAL_Driver/Src/stm32f4xx_hal_pcd.o
LOAD ./Drivers/STM32F4xx_HAL_Driver/Src/stm32f4xx_hal_pcd_ex.o
LOAD ./Drivers/STM32F4xx_HAL_Driver/Src/stm32f4xx_hal_pwr.o
LOAD ./Drivers/STM32F4xx_HAL_Driver/Src/stm32f4xx_hal_pwr_ex.o
LOAD ./Drivers/STM32F4xx_HAL_Driver/Src/stm32f4xx_hal_rcc.o
LOAD ./Drivers/STM32F4xx_HAL_Driver/Src/stm32f4xx_hal_rcc_ex.o
LOAD ./Drivers/STM32F4xx_HAL_Driver/Src/stm32f4xx_hal_spi.o
LOAD ./Drivers/STM32F4xx_HAL_Driver/Src/stm32f4xx_hal_tim.o
LOAD ./Drivers/STM32F4xx_HAL_Driver/Src/stm32f4xx_hal_tim_ex.o
LOAD ./Drivers/STM32F4xx_HAL_Driver/Src/stm32f4xx_hal_uart.o
LOAD ./Drivers/STM32F4xx_HAL_Driver/Src/stm32f4xx_ll_usb.o
LOAD ./Middlewares/ST/STM32_USB_Device_Library/Class/CDC/Src/usbd_cdc.o
LOAD ./Middlewares/ST/STM32_USB_Device_Library/Core/Src/usbd_core.o
LOAD ./Middlewares/ST/STM32_USB_Device_Library/Core/Src/usbd_ctlreq.o
LOAD ./Middlewares/ST/STM32_USB_Device_Library/Core/Src/usbd_ioreq.o
LOAD ./USB_DEVICE/App/usb_device.o
LOAD ./USB_DEVICE/App/usbd_cdc_if.o
LOAD ./USB_DEVICE/App/usbd_desc.o
LOAD ./USB_DEVICE/Target/usbd_conf.o
START GROUP
LOAD C:/ST/STM32CubeIDE_1.18.0/STM32CubeIDE/plugins/com.st.stm32cube.ide.mcu.externaltools.gnu-tools-for-stm32.13.3.rel1.win32_1.0.0.202411081344/tools/bin/../lib/gcc/arm-none-eabi/13.3.1/../../../../arm-none-eabi/lib/thumb/v7e-m+fp/hard\libstdc++_nano.a
LOAD C:/ST/STM32CubeIDE_1.18.0/STM32CubeIDE/plugins/com.st.stm32cube.ide.mcu.externaltools.gnu-tools-for-stm32.13.3.rel1.win32_1.0.0.202411081344/tools/bin/../lib/gcc/arm-none-eabi/13.3.1/../../../../arm-none-eabi/lib/thumb/v7e-m+fp/hard\libsupc++_nano.a
END GROUP
LOAD C:/ST/STM32CubeIDE_1.18.0/STM32CubeIDE/plugins/com.st.stm32cube.ide.mcu.externaltools.gnu-tools-for-stm32.13.3.rel1.win32_1.0.0.202411081344/tools/bin/../lib/gcc/arm-none-eabi/13.3.1/../../../../arm-none-eabi/lib/thumb/v7e-m+fp/hard\libstdc++_nano.a
LOAD C:/ST/STM32CubeIDE_1.18.0/STM32CubeIDE/plugins/com.st.stm32cube.ide.mcu.externaltools.gnu-tools-for-stm32.13.3.rel1.win32_1.0.0.202411081344/tools/bin/../lib/gcc/arm-none-eabi/13.3.1/../../../../arm-none-eabi/lib/thumb/v7e-m+fp/hard\libm.a
LOAD C:/ST/STM32CubeIDE_1.18.0/STM32CubeIDE/plugins/com.st.stm32cube.ide.mcu.externaltools.gnu-tools-for-stm32.13.3.rel1.win32_1.0.0.202411081344/tools/bin/../lib/gcc/arm-none-eabi/13.3.1/../../../../arm-none-eabi/lib/thumb/v7e-m+fp/hard\libc_nano.a
START GROUP
LOAD C:/ST/STM32CubeIDE_1.18.0/STM32CubeIDE/plugins/com.st.stm32cube.ide.mcu.externaltools.gnu-tools-for-stm32.13.3.rel1.win32_1.0.0.202411081344/tools/bin/../lib/gcc/arm-none-eabi/13.3.1/thumb/v7e-m+fp/hard\libgcc.a
LOAD C:/ST/STM32CubeIDE_1.18.0/STM32CubeIDE/plugins/com.st.stm32cube.ide.mcu.externaltools.gnu-tools-for-stm32.13.3.rel1.win32_1.0.0.202411081344/tools/bin/../lib/gcc/arm-none-eabi/13.3.1/../../../../arm-none-eabi/lib/thumb/v7e-m+fp/hard\libc_nano.a
END GROUP
START GROUP
LOAD C:/ST/STM32CubeIDE_1.18.0/STM32CubeIDE/plugins/com.st.stm32cube.ide.mcu.externaltools.gnu-tools-for-stm32.13.3.rel1.win32_1.0.0.202411081344/tools/bin/../lib/gcc/arm-none-eabi/13.3.1/thumb/v7e-m+fp/hard\libgcc.a
LOAD C:/ST/STM32CubeIDE_1.18.0/STM32CubeIDE/plugins/com.st.stm32cube.ide.mcu.externaltools.gnu-tools-for-stm32.13.3.rel1.win32_1.0.0.202411081344/tools/bin/../lib/gcc/arm-none-eabi/13.3.1/../../../../arm-none-eabi/lib/thumb/v7e-m+fp/hard\libc_nano.a
LOAD C:/ST/STM32CubeIDE_1.18.0/STM32CubeIDE/plugins/com.st.stm32cube.ide.mcu.externaltools.gnu-tools-for-stm32.13.3.rel1.win32_1.0.0.202411081344/tools/bin/../lib/gcc/arm-none-eabi/13.3.1/../../../../arm-none-eabi/lib/thumb/v7e-m+fp/hard\libnosys.a
END GROUP
START GROUP
LOAD C:/ST/STM32CubeIDE_1.18.0/STM32CubeIDE/plugins/com.st.stm32cube.ide.mcu.externaltools.gnu-tools-for-stm32.13.3.rel1.win32_1.0.0.202411081344/tools/bin/../lib/gcc/arm-none-eabi/13.3.1/thumb/v7e-m+fp/hard\libgcc.a
LOAD C:/ST/STM32CubeIDE_1.18.0/STM32CubeIDE/plugins/com.st.stm32cube.ide.mcu.externaltools.gnu-tools-for-stm32.13.3.rel1.win32_1.0.0.202411081344/tools/bin/../lib/gcc/arm-none-eabi/13.3.1/../../../../arm-none-eabi/lib/thumb/v7e-m+fp/hard\libc_nano.a
LOAD C:/ST/STM32CubeIDE_1.18.0/STM32CubeIDE/plugins/com.st.stm32cube.ide.mcu.externaltools.gnu-tools-for-stm32.13.3.rel1.win32_1.0.0.202411081344/tools/bin/../lib/gcc/arm-none-eabi/13.3.1/../../../../arm-none-eabi/lib/thumb/v7e-m+fp/hard\libnosys.a
END GROUP
LOAD C:/ST/STM32CubeIDE_1.18.0/STM32CubeIDE/plugins/com.st.stm32cube.ide.mcu.externaltools.gnu-tools-for-stm32.13.3.rel1.win32_1.0.0.202411081344/tools/bin/../lib/gcc/arm-none-eabi/13.3.1/thumb/v7e-m+fp/hard/crtend.o
LOAD C:/ST/STM32CubeIDE_1.18.0/STM32CubeIDE/plugins/com.st.stm32cube.ide.mcu.externaltools.gnu-tools-for-stm32.13.3.rel1.win32_1.0.0.202411081344/tools/bin/../lib/gcc/arm-none-eabi/13.3.1/thumb/v7e-m+fp/hard/crtn.o
                0x20020000                        _estack = (ORIGIN (RAM) + LENGTH (RAM))
                0x00000200                        _Min_Heap_Size = 0x200
                0x00000400                        _Min_Stack_Size = 0x400

.isr_vector     0x08000000      0x188
                0x08000000                        . = ALIGN (0x4)
 *(.isr_vector)
 .isr_vector    0x08000000      0x188 ./Core/Startup/startup_stm32f405rgtx.o
                0x08000000                g_pfnVectors
                0x08000188                        . = ALIGN (0x4)

.text           0x08000190     0xd490
                0x08000190                        . = ALIGN (0x4)
 *(.text)
 .text          0x08000190       0x40 C:/ST/STM32CubeIDE_1.18.0/STM32CubeIDE/plugins/com.st.stm32cube.ide.mcu.externaltools.gnu-tools-for-stm32.13.3.rel1.win32_1.0.0.202411081344/tools/bin/../lib/gcc/arm-none-eabi/13.3.1/thumb/v7e-m+fp/hard/crtbegin.o
 .text          0x080001d0       0xa0 C:/ST/STM32CubeIDE_1.18.0/STM32CubeIDE/plugins/com.st.stm32cube.ide.mcu.externaltools.gnu-tools-for-stm32.13.3.rel1.win32_1.0.0.202411081344/tools/bin/../lib/gcc/arm-none-eabi/13.3.1/../../../../arm-none-eabi/lib/thumb/v7e-m+fp/hard\libc_nano.a(libc_a-memchr.o)
                0x080001d0                memchr
 .text          0x08000270       0x10 C:/ST/STM32CubeIDE_1.18.0/STM32CubeIDE/plugins/com.st.stm32cube.ide.mcu.externaltools.gnu-tools-for-stm32.13.3.rel1.win32_1.0.0.202411081344/tools/bin/../lib/gcc/arm-none-eabi/13.3.1/../../../../arm-none-eabi/lib/thumb/v7e-m+fp/hard\libc_nano.a(libc_a-strlen.o)
                0x08000270                strlen
 .text          0x08000280      0x378 C:/ST/STM32CubeIDE_1.18.0/STM32CubeIDE/plugins/com.st.stm32cube.ide.mcu.externaltools.gnu-tools-for-stm32.13.3.rel1.win32_1.0.0.202411081344/tools/bin/../lib/gcc/arm-none-eabi/13.3.1/thumb/v7e-m+fp/hard\libgcc.a(_arm_addsubdf3.o)
                0x08000280                __aeabi_drsub
                0x08000288                __aeabi_dsub
                0x08000288                __subdf3
                0x0800028c                __aeabi_dadd
                0x0800028c                __adddf3
                0x08000504                __floatunsidf
                0x08000504                __aeabi_ui2d
                0x08000524                __floatsidf
                0x08000524                __aeabi_i2d
                0x08000548                __aeabi_f2d
                0x08000548                __extendsfdf2
                0x0800058c                __floatundidf
                0x0800058c                __aeabi_ul2d
                0x0800059c                __floatdidf
                0x0800059c                __aeabi_l2d
 .text          0x080005f8      0x424 C:/ST/STM32CubeIDE_1.18.0/STM32CubeIDE/plugins/com.st.stm32cube.ide.mcu.externaltools.gnu-tools-for-stm32.13.3.rel1.win32_1.0.0.202411081344/tools/bin/../lib/gcc/arm-none-eabi/13.3.1/thumb/v7e-m+fp/hard\libgcc.a(_arm_muldivdf3.o)
                0x080005f8                __aeabi_dmul
                0x080005f8                __muldf3
                0x0800084c                __divdf3
                0x0800084c                __aeabi_ddiv
 .text          0x08000a1c      0x110 C:/ST/STM32CubeIDE_1.18.0/STM32CubeIDE/plugins/com.st.stm32cube.ide.mcu.externaltools.gnu-tools-for-stm32.13.3.rel1.win32_1.0.0.202411081344/tools/bin/../lib/gcc/arm-none-eabi/13.3.1/thumb/v7e-m+fp/hard\libgcc.a(_arm_cmpdf2.o)
                0x08000a1c                __gtdf2
                0x08000a1c                __gedf2
                0x08000a24                __ltdf2
                0x08000a24                __ledf2
                0x08000a2c                __nedf2
                0x08000a2c                __eqdf2
                0x08000a2c                __cmpdf2
                0x08000aa8                __aeabi_cdrcmple
                0x08000ab8                __aeabi_cdcmpeq
                0x08000ab8                __aeabi_cdcmple
                0x08000ac8                __aeabi_dcmpeq
                0x08000adc                __aeabi_dcmplt
                0x08000af0                __aeabi_dcmple
                0x08000b04                __aeabi_dcmpge
                0x08000b18                __aeabi_dcmpgt
 .text          0x08000b2c       0x2c C:/ST/STM32CubeIDE_1.18.0/STM32CubeIDE/plugins/com.st.stm32cube.ide.mcu.externaltools.gnu-tools-for-stm32.13.3.rel1.win32_1.0.0.202411081344/tools/bin/../lib/gcc/arm-none-eabi/13.3.1/thumb/v7e-m+fp/hard\libgcc.a(_arm_unorddf2.o)
                0x08000b2c                __unorddf2
                0x08000b2c                __aeabi_dcmpun
 .text          0x08000b58       0x50 C:/ST/STM32CubeIDE_1.18.0/STM32CubeIDE/plugins/com.st.stm32cube.ide.mcu.externaltools.gnu-tools-for-stm32.13.3.rel1.win32_1.0.0.202411081344/tools/bin/../lib/gcc/arm-none-eabi/13.3.1/thumb/v7e-m+fp/hard\libgcc.a(_arm_fixdfsi.o)
                0x08000b58                __aeabi_d2iz
                0x08000b58                __fixdfsi
 .text          0x08000ba8       0xa0 C:/ST/STM32CubeIDE_1.18.0/STM32CubeIDE/plugins/com.st.stm32cube.ide.mcu.externaltools.gnu-tools-for-stm32.13.3.rel1.win32_1.0.0.202411081344/tools/bin/../lib/gcc/arm-none-eabi/13.3.1/thumb/v7e-m+fp/hard\libgcc.a(_arm_truncdfsf2.o)
                0x08000ba8                __truncdfsf2
                0x08000ba8                __aeabi_d2f
 .text          0x08000c48       0x30 C:/ST/STM32CubeIDE_1.18.0/STM32CubeIDE/plugins/com.st.stm32cube.ide.mcu.externaltools.gnu-tools-for-stm32.13.3.rel1.win32_1.0.0.202411081344/tools/bin/../lib/gcc/arm-none-eabi/13.3.1/thumb/v7e-m+fp/hard\libgcc.a(_aeabi_uldivmod.o)
                0x08000c48                __aeabi_uldivmod
 .text          0x08000c78      0x2f8 C:/ST/STM32CubeIDE_1.18.0/STM32CubeIDE/plugins/com.st.stm32cube.ide.mcu.externaltools.gnu-tools-for-stm32.13.3.rel1.win32_1.0.0.202411081344/tools/bin/../lib/gcc/arm-none-eabi/13.3.1/thumb/v7e-m+fp/hard\libgcc.a(_udivmoddi4.o)
                0x08000c78                __udivmoddi4
 .text          0x08000f70        0x4 C:/ST/STM32CubeIDE_1.18.0/STM32CubeIDE/plugins/com.st.stm32cube.ide.mcu.externaltools.gnu-tools-for-stm32.13.3.rel1.win32_1.0.0.202411081344/tools/bin/../lib/gcc/arm-none-eabi/13.3.1/thumb/v7e-m+fp/hard\libgcc.a(_dvmd_tls.o)
                0x08000f70                __aeabi_idiv0
                0x08000f70                __aeabi_ldiv0
 *(.text*)
 .text.dshot_dma_tc_callback
                0x08000f74       0x44 ./Core/Lib/Dshot/dshot.o
 .text.dshot_prepare_dmabuffer
                0x08000fb8       0x40 ./Core/Lib/Dshot/dshot.o
 .text.dshot_init
                0x08000ff8       0xa8 ./Core/Lib/Dshot/dshot.o
                0x08000ff8                dshot_init
 .text.dshot_write
                0x080010a0       0xb0 ./Core/Lib/Dshot/dshot.o
                0x080010a0                dshot_write
 .text.mpu9250_basic_init
                0x08001150      0x460 ./Core/Lib/mpu9250/interface/driver_mpu9250_basic.o
                0x08001150                mpu9250_basic_init
 .text.mpu9250_basic_read_temperature
                0x080015b0       0x20 ./Core/Lib/mpu9250/interface/driver_mpu9250_basic.o
                0x080015b0                mpu9250_basic_read_temperature
 .text.mpu9250_interface_iic_init
                0x080015d0        0x4 ./Core/Lib/mpu9250/interface/driver_mpu9250_interface.o
                0x080015d0                mpu9250_interface_iic_init
 .text.mpu9250_interface_iic_deinit
                0x080015d4        0x4 ./Core/Lib/mpu9250/interface/driver_mpu9250_interface.o
                0x080015d4                mpu9250_interface_iic_deinit
 .text.mpu9250_interface_iic_read
                0x080015d8        0x4 ./Core/Lib/mpu9250/interface/driver_mpu9250_interface.o
                0x080015d8                mpu9250_interface_iic_read
 .text.mpu9250_interface_iic_write
                0x080015dc        0x4 ./Core/Lib/mpu9250/interface/driver_mpu9250_interface.o
                0x080015dc                mpu9250_interface_iic_write
 .text.mpu9250_interface_spi_init
                0x080015e0        0x4 ./Core/Lib/mpu9250/interface/driver_mpu9250_interface.o
                0x080015e0                mpu9250_interface_spi_init
 .text.mpu9250_interface_spi_deinit
                0x080015e4        0x4 ./Core/Lib/mpu9250/interface/driver_mpu9250_interface.o
                0x080015e4                mpu9250_interface_spi_deinit
 .text.mpu9250_interface_spi_read
                0x080015e8       0x4c ./Core/Lib/mpu9250/interface/driver_mpu9250_interface.o
                0x080015e8                mpu9250_interface_spi_read
 .text.mpu9250_interface_spi_write
                0x08001634       0x48 ./Core/Lib/mpu9250/interface/driver_mpu9250_interface.o
                0x08001634                mpu9250_interface_spi_write
 .text.mpu9250_interface_delay_ms
                0x0800167c        0x4 ./Core/Lib/mpu9250/interface/driver_mpu9250_interface.o
                0x0800167c                mpu9250_interface_delay_ms
 .text.mpu9250_interface_debug_print
                0x08001680       0x24 ./Core/Lib/mpu9250/interface/driver_mpu9250_interface.o
                0x08001680                mpu9250_interface_debug_print
 .text.mpu9250_interface_receive_callback
                0x080016a4       0x44 ./Core/Lib/mpu9250/interface/driver_mpu9250_interface.o
                0x080016a4                mpu9250_interface_receive_callback
 .text.a_mpu9250_read
                0x080016e8       0x2a ./Core/Lib/mpu9250/src/driver_mpu9250.o
 .text.a_mpu9250_write
                0x08001712       0x2a ./Core/Lib/mpu9250/src/driver_mpu9250.o
 .text.a_mpu9250_mag_write
                0x0800173c       0x1c ./Core/Lib/mpu9250/src/driver_mpu9250.o
 .text.a_mpu9250_mag_read
                0x08001758       0x1a ./Core/Lib/mpu9250/src/driver_mpu9250.o
 .text.a_mpu9250_deinit
                0x08001772       0x18 ./Core/Lib/mpu9250/src/driver_mpu9250.o
 .text.mpu9250_set_interface
                0x0800178a        0xe ./Core/Lib/mpu9250/src/driver_mpu9250.o
                0x0800178a                mpu9250_set_interface
 .text.mpu9250_set_addr_pin
                0x08001798        0xc ./Core/Lib/mpu9250/src/driver_mpu9250.o
                0x08001798                mpu9250_set_addr_pin
 .text.mpu9250_init
                0x080017a4      0x164 ./Core/Lib/mpu9250/src/driver_mpu9250.o
                0x080017a4                mpu9250_init
 .text.mpu9250_deinit
                0x08001908       0x5c ./Core/Lib/mpu9250/src/driver_mpu9250.o
                0x08001908                mpu9250_deinit
 .text.mpu9250_read
                0x08001964      0x938 ./Core/Lib/mpu9250/src/driver_mpu9250.o
                0x08001964                mpu9250_read
 .text.mpu9250_read_temperature
                0x0800229c       0x64 ./Core/Lib/mpu9250/src/driver_mpu9250.o
                0x0800229c                mpu9250_read_temperature
 .text.mpu9250_mag_init
                0x08002300      0x1bc ./Core/Lib/mpu9250/src/driver_mpu9250.o
                0x08002300                mpu9250_mag_init
 .text.mpu9250_mag_deinit
                0x080024bc      0x12c ./Core/Lib/mpu9250/src/driver_mpu9250.o
                0x080024bc                mpu9250_mag_deinit
 .text.mpu9250_mag_set_mode
                0x080025e8       0x74 ./Core/Lib/mpu9250/src/driver_mpu9250.o
                0x080025e8                mpu9250_mag_set_mode
 .text.mpu9250_mag_set_bits
                0x0800265c       0x74 ./Core/Lib/mpu9250/src/driver_mpu9250.o
                0x0800265c                mpu9250_mag_set_bits
 .text.mpu9250_set_fifo
                0x080026d0       0x64 ./Core/Lib/mpu9250/src/driver_mpu9250.o
                0x080026d0                mpu9250_set_fifo
 .text.mpu9250_set_iic_master
                0x08002734       0x64 ./Core/Lib/mpu9250/src/driver_mpu9250.o
                0x08002734                mpu9250_set_iic_master
 .text.mpu9250_set_disable_iic_slave
                0x08002798       0x64 ./Core/Lib/mpu9250/src/driver_mpu9250.o
                0x08002798                mpu9250_set_disable_iic_slave
 .text.mpu9250_set_clock_source
                0x080027fc       0x60 ./Core/Lib/mpu9250/src/driver_mpu9250.o
                0x080027fc                mpu9250_set_clock_source
 .text.mpu9250_set_ptat
                0x0800285c       0x68 ./Core/Lib/mpu9250/src/driver_mpu9250.o
                0x0800285c                mpu9250_set_ptat
 .text.mpu9250_set_cycle_wake_up
                0x080028c4       0x64 ./Core/Lib/mpu9250/src/driver_mpu9250.o
                0x080028c4                mpu9250_set_cycle_wake_up
 .text.mpu9250_set_sleep
                0x08002928       0x64 ./Core/Lib/mpu9250/src/driver_mpu9250.o
                0x08002928                mpu9250_set_sleep
 .text.mpu9250_set_gyro_standby
                0x0800298c       0x64 ./Core/Lib/mpu9250/src/driver_mpu9250.o
                0x0800298c                mpu9250_set_gyro_standby
 .text.mpu9250_set_standby_mode
                0x080029f0       0x6c ./Core/Lib/mpu9250/src/driver_mpu9250.o
                0x080029f0                mpu9250_set_standby_mode
 .text.mpu9250_set_sample_rate_divider
                0x08002a5c       0x38 ./Core/Lib/mpu9250/src/driver_mpu9250.o
                0x08002a5c                mpu9250_set_sample_rate_divider
 .text.mpu9250_set_extern_sync
                0x08002a94       0x64 ./Core/Lib/mpu9250/src/driver_mpu9250.o
                0x08002a94                mpu9250_set_extern_sync
 .text.mpu9250_set_low_pass_filter
                0x08002af8       0x60 ./Core/Lib/mpu9250/src/driver_mpu9250.o
                0x08002af8                mpu9250_set_low_pass_filter
 .text.mpu9250_set_fifo_mode
                0x08002b58       0x64 ./Core/Lib/mpu9250/src/driver_mpu9250.o
                0x08002b58                mpu9250_set_fifo_mode
 .text.mpu9250_set_gyroscope_test
                0x08002bbc       0x6c ./Core/Lib/mpu9250/src/driver_mpu9250.o
                0x08002bbc                mpu9250_set_gyroscope_test
 .text.mpu9250_set_gyroscope_range
                0x08002c28       0x64 ./Core/Lib/mpu9250/src/driver_mpu9250.o
                0x08002c28                mpu9250_set_gyroscope_range
 .text.mpu9250_set_gyroscope_choice
                0x08002c8c       0x74 ./Core/Lib/mpu9250/src/driver_mpu9250.o
                0x08002c8c                mpu9250_set_gyroscope_choice
 .text.mpu9250_set_accelerometer_test
                0x08002d00       0x6c ./Core/Lib/mpu9250/src/driver_mpu9250.o
                0x08002d00                mpu9250_set_accelerometer_test
 .text.mpu9250_set_accelerometer_range
                0x08002d6c       0x64 ./Core/Lib/mpu9250/src/driver_mpu9250.o
                0x08002d6c                mpu9250_set_accelerometer_range
 .text.mpu9250_set_fifo_1024kb
                0x08002dd0       0x60 ./Core/Lib/mpu9250/src/driver_mpu9250.o
                0x08002dd0                mpu9250_set_fifo_1024kb
 .text.mpu9250_set_accelerometer_choice
                0x08002e30       0x74 ./Core/Lib/mpu9250/src/driver_mpu9250.o
                0x08002e30                mpu9250_set_accelerometer_choice
 .text.mpu9250_set_accelerometer_low_pass_filter
                0x08002ea4       0x60 ./Core/Lib/mpu9250/src/driver_mpu9250.o
                0x08002ea4                mpu9250_set_accelerometer_low_pass_filter
 .text.mpu9250_set_low_power_accel_output_rate
                0x08002f04       0x60 ./Core/Lib/mpu9250/src/driver_mpu9250.o
                0x08002f04                mpu9250_set_low_power_accel_output_rate
 .text.mpu9250_set_wake_on_motion
                0x08002f64       0x64 ./Core/Lib/mpu9250/src/driver_mpu9250.o
                0x08002f64                mpu9250_set_wake_on_motion
 .text.mpu9250_set_accel_compare_with_previous_sample
                0x08002fc8       0x64 ./Core/Lib/mpu9250/src/driver_mpu9250.o
                0x08002fc8                mpu9250_set_accel_compare_with_previous_sample
 .text.mpu9250_set_fifo_enable
                0x0800302c       0x6c ./Core/Lib/mpu9250/src/driver_mpu9250.o
                0x0800302c                mpu9250_set_fifo_enable
 .text.mpu9250_set_interrupt_level
                0x08003098       0x64 ./Core/Lib/mpu9250/src/driver_mpu9250.o
                0x08003098                mpu9250_set_interrupt_level
 .text.mpu9250_set_interrupt_pin_type
                0x080030fc       0x64 ./Core/Lib/mpu9250/src/driver_mpu9250.o
                0x080030fc                mpu9250_set_interrupt_pin_type
 .text.mpu9250_set_interrupt_latch
                0x08003160       0x68 ./Core/Lib/mpu9250/src/driver_mpu9250.o
                0x08003160                mpu9250_set_interrupt_latch
 .text.mpu9250_set_interrupt_read_clear
                0x080031c8       0x64 ./Core/Lib/mpu9250/src/driver_mpu9250.o
                0x080031c8                mpu9250_set_interrupt_read_clear
 .text.mpu9250_set_fsync_interrupt_level
                0x0800322c       0x64 ./Core/Lib/mpu9250/src/driver_mpu9250.o
                0x0800322c                mpu9250_set_fsync_interrupt_level
 .text.mpu9250_set_fsync_interrupt
                0x08003290       0x64 ./Core/Lib/mpu9250/src/driver_mpu9250.o
                0x08003290                mpu9250_set_fsync_interrupt
 .text.mpu9250_set_iic_bypass
                0x080032f4       0x64 ./Core/Lib/mpu9250/src/driver_mpu9250.o
                0x080032f4                mpu9250_set_iic_bypass
 .text.mpu9250_set_interrupt
                0x08003358       0x6c ./Core/Lib/mpu9250/src/driver_mpu9250.o
                0x08003358                mpu9250_set_interrupt
 .text.mpu9250_set_accelerometer_x_offset
                0x080033c4       0x38 ./Core/Lib/mpu9250/src/driver_mpu9250.o
                0x080033c4                mpu9250_set_accelerometer_x_offset
 .text.mpu9250_set_accelerometer_y_offset
                0x080033fc       0x38 ./Core/Lib/mpu9250/src/driver_mpu9250.o
                0x080033fc                mpu9250_set_accelerometer_y_offset
 .text.mpu9250_set_accelerometer_z_offset
                0x08003434       0x38 ./Core/Lib/mpu9250/src/driver_mpu9250.o
                0x08003434                mpu9250_set_accelerometer_z_offset
 .text.mpu9250_accelerometer_offset_convert_to_register
                0x0800346c       0x28 ./Core/Lib/mpu9250/src/driver_mpu9250.o
                0x0800346c                mpu9250_accelerometer_offset_convert_to_register
 .text.mpu9250_set_gyro_x_offset
                0x08003494       0x38 ./Core/Lib/mpu9250/src/driver_mpu9250.o
                0x08003494                mpu9250_set_gyro_x_offset
 .text.mpu9250_set_gyro_y_offset
                0x080034cc       0x38 ./Core/Lib/mpu9250/src/driver_mpu9250.o
                0x080034cc                mpu9250_set_gyro_y_offset
 .text.mpu9250_set_gyro_z_offset
                0x08003504       0x38 ./Core/Lib/mpu9250/src/driver_mpu9250.o
                0x08003504                mpu9250_set_gyro_z_offset
 .text.mpu9250_gyro_offset_convert_to_register
                0x0800353c       0x2c ./Core/Lib/mpu9250/src/driver_mpu9250.o
                0x0800353c                mpu9250_gyro_offset_convert_to_register
 .text.ring_buffer_init
                0x08003568       0x1a ./Core/Lib/ringbuffer/ringbuffer.o
                0x08003568                ring_buffer_init
 .text.ring_buffer_free_space
                0x08003582       0x18 ./Core/Lib/ringbuffer/ringbuffer.o
                0x08003582                ring_buffer_free_space
 .text.ring_buffer_used_space
                0x0800359a       0x16 ./Core/Lib/ringbuffer/ringbuffer.o
                0x0800359a                ring_buffer_used_space
 .text.ring_buffer_linear_free_space
                0x080035b0       0x1e ./Core/Lib/ringbuffer/ringbuffer.o
                0x080035b0                ring_buffer_linear_free_space
 .text.ring_buffer_linear_used_space
                0x080035ce       0x24 ./Core/Lib/ringbuffer/ringbuffer.o
                0x080035ce                ring_buffer_linear_used_space
 .text.ring_buffer_write_ptr
                0x080035f2       0x18 ./Core/Lib/ringbuffer/ringbuffer.o
                0x080035f2                ring_buffer_write_ptr
 .text.ring_buffer_read_ptr
                0x0800360a       0x18 ./Core/Lib/ringbuffer/ringbuffer.o
                0x0800360a                ring_buffer_read_ptr
 .text.ring_buffer_enqueue_arr
                0x08003622       0x94 ./Core/Lib/ringbuffer/ringbuffer.o
                0x08003622                ring_buffer_enqueue_arr
 .text.ring_buffer_dequeue_arr
                0x080036b6       0x88 ./Core/Lib/ringbuffer/ringbuffer.o
                0x080036b6                ring_buffer_dequeue_arr
 .text.ring_buffer_advance_tail
                0x0800373e       0x24 ./Core/Lib/ringbuffer/ringbuffer.o
                0x0800373e                ring_buffer_advance_tail
 .text.ring_buffer_advance_head
                0x08003762       0x24 ./Core/Lib/ringbuffer/ringbuffer.o
                0x08003762                ring_buffer_advance_head
 *fill*         0x08003786        0x2 
 .text.MX_DMA_Init
                0x08003788       0x98 ./Core/Src/dma.o
                0x08003788                MX_DMA_Init
 .text.pt1_filter_init_lowpass
                0x08003820       0x94 ./Core/Src/filters.o
                0x08003820                pt1_filter_init_lowpass
 .text.pt1_filter_apply
                0x080038b4       0x1a ./Core/Src/filters.o
                0x080038b4                pt1_filter_apply
 *fill*         0x080038ce        0x2 
 .text.biquad_filter_init_lowpass
                0x080038d0       0xc4 ./Core/Src/filters.o
                0x080038d0                biquad_filter_init_lowpass
 .text.biquad_filter_apply
                0x08003994       0x42 ./Core/Src/filters.o
                0x08003994                biquad_filter_apply
 .text.quatmultiply
                0x080039d6       0x66 ./Core/Src/flight_controller.o
 .text.flight_controller_init
                0x08003a3c      0x1f4 ./Core/Src/flight_controller.o
                0x08003a3c                flight_controller_init
 .text.angle_controller
                0x08003c30      0x448 ./Core/Src/flight_controller.o
                0x08003c30                angle_controller
 .text.flight_controller_loop
                0x08004078      0x2b4 ./Core/Src/flight_controller.o
                0x08004078                flight_controller_loop
 .text.flight_controller_init_motors
                0x0800432c       0x26 ./Core/Src/flight_controller.o
                0x0800432c                flight_controller_init_motors
 *fill*         0x08004352        0x2 
 .text.MX_GPIO_Init
                0x08004354       0x7c ./Core/Src/gpio.o
                0x08004354                MX_GPIO_Init
 .text.quatnormalize
                0x080043d0       0x8c ./Core/Src/madgwick_filter.o
 .text.madgwick_filter_init
                0x0800445c       0x18 ./Core/Src/madgwick_filter.o
                0x0800445c                madgwick_filter_init
 .text.madgwick_filter_apply
                0x08004474      0x21c ./Core/Src/madgwick_filter.o
                0x08004474                madgwick_filter_apply
 .text._write   0x08004690       0x24 ./Core/Src/main.o
                0x08004690                _write
 .text.SystemClock_Config
                0x080046b4       0xa4 ./Core/Src/main.o
                0x080046b4                SystemClock_Config
 .text.startup.main
                0x08004758       0x68 ./Core/Src/main.o
                0x08004758                main
 .text.HAL_TIM_PeriodElapsedCallback
                0x080047c0       0x10 ./Core/Src/main.o
                0x080047c0                HAL_TIM_PeriodElapsedCallback
 .text.Error_Handler
                0x080047d0        0x4 ./Core/Src/main.o
                0x080047d0                Error_Handler
 .text.motor_mixer_mix
                0x080047d4       0x3a ./Core/Src/motor_mixer.o
                0x080047d4                motor_mixer_mix
 *fill*         0x0800480e        0x2 
 .text.pid_init_with_integral_limit
                0x08004810       0x30 ./Core/Src/pid.o
                0x08004810                pid_init_with_integral_limit
 .text.pid_calculate
                0x08004840       0xe4 ./Core/Src/pid.o
                0x08004840                pid_calculate
 .text.MX_SPI1_Init
                0x08004924       0x48 ./Core/Src/spi.o
                0x08004924                MX_SPI1_Init
 .text.HAL_SPI_MspInit
                0x0800496c       0x6c ./Core/Src/spi.o
                0x0800496c                HAL_SPI_MspInit
 .text.HAL_MspInit
                0x080049d8       0x38 ./Core/Src/stm32f4xx_hal_msp.o
                0x080049d8                HAL_MspInit
 .text.NMI_Handler
                0x08004a10        0x2 ./Core/Src/stm32f4xx_it.o
                0x08004a10                NMI_Handler
 .text.HardFault_Handler
                0x08004a12        0x2 ./Core/Src/stm32f4xx_it.o
                0x08004a12                HardFault_Handler
 .text.MemManage_Handler
                0x08004a14        0x2 ./Core/Src/stm32f4xx_it.o
                0x08004a14                MemManage_Handler
 .text.BusFault_Handler
                0x08004a16        0x2 ./Core/Src/stm32f4xx_it.o
                0x08004a16                BusFault_Handler
 .text.UsageFault_Handler
                0x08004a18        0x2 ./Core/Src/stm32f4xx_it.o
                0x08004a18                UsageFault_Handler
 .text.SVC_Handler
                0x08004a1a        0x2 ./Core/Src/stm32f4xx_it.o
                0x08004a1a                SVC_Handler
 .text.DebugMon_Handler
                0x08004a1c        0x2 ./Core/Src/stm32f4xx_it.o
                0x08004a1c                DebugMon_Handler
 .text.PendSV_Handler
                0x08004a1e        0x2 ./Core/Src/stm32f4xx_it.o
                0x08004a1e                PendSV_Handler
 .text.SysTick_Handler
                0x08004a20        0x4 ./Core/Src/stm32f4xx_it.o
                0x08004a20                SysTick_Handler
 .text.DMA1_Stream1_IRQHandler
                0x08004a24        0xc ./Core/Src/stm32f4xx_it.o
                0x08004a24                DMA1_Stream1_IRQHandler
 .text.DMA1_Stream3_IRQHandler
                0x08004a30        0xc ./Core/Src/stm32f4xx_it.o
                0x08004a30                DMA1_Stream3_IRQHandler
 .text.DMA1_Stream4_IRQHandler
                0x08004a3c        0xc ./Core/Src/stm32f4xx_it.o
                0x08004a3c                DMA1_Stream4_IRQHandler
 .text.DMA1_Stream5_IRQHandler
                0x08004a48        0xc ./Core/Src/stm32f4xx_it.o
                0x08004a48                DMA1_Stream5_IRQHandler
 .text.TIM4_IRQHandler
                0x08004a54        0xc ./Core/Src/stm32f4xx_it.o
                0x08004a54                TIM4_IRQHandler
 .text.USART1_IRQHandler
                0x08004a60       0x34 ./Core/Src/stm32f4xx_it.o
                0x08004a60                USART1_IRQHandler
 .text.DMA2_Stream2_IRQHandler
                0x08004a94        0xc ./Core/Src/stm32f4xx_it.o
                0x08004a94                DMA2_Stream2_IRQHandler
 .text.OTG_FS_IRQHandler
                0x08004aa0        0xc ./Core/Src/stm32f4xx_it.o
                0x08004aa0                OTG_FS_IRQHandler
 .text.DMA2_Stream7_IRQHandler
                0x08004aac        0xc ./Core/Src/stm32f4xx_it.o
                0x08004aac                DMA2_Stream7_IRQHandler
 .text._read    0x08004ab8       0x1c ./Core/Src/syscalls.o
                0x08004ab8                _read
 .text._close   0x08004ad4        0x6 ./Core/Src/syscalls.o
                0x08004ad4                _close
 .text._fstat   0x08004ada        0xa ./Core/Src/syscalls.o
                0x08004ada                _fstat
 .text._isatty  0x08004ae4        0x4 ./Core/Src/syscalls.o
                0x08004ae4                _isatty
 .text._lseek   0x08004ae8        0x4 ./Core/Src/syscalls.o
                0x08004ae8                _lseek
 .text._sbrk    0x08004aec       0x40 ./Core/Src/sysmem.o
                0x08004aec                _sbrk
 .text.SystemInit
                0x08004b2c       0x14 ./Core/Src/system_stm32f4xx.o
                0x08004b2c                SystemInit
 .text.MX_TIM4_Init
                0x08004b40       0x74 ./Core/Src/tim.o
                0x08004b40                MX_TIM4_Init
 .text.HAL_TIM_Base_MspInit
                0x08004bb4      0x1d0 ./Core/Src/tim.o
                0x08004bb4                HAL_TIM_Base_MspInit
 .text.HAL_TIM_MspPostInit
                0x08004d84       0x9c ./Core/Src/tim.o
                0x08004d84                HAL_TIM_MspPostInit
 .text.MX_TIM2_Init
                0x08004e20       0xa8 ./Core/Src/tim.o
                0x08004e20                MX_TIM2_Init
 .text.MX_TIM5_Init
                0x08004ec8       0xac ./Core/Src/tim.o
                0x08004ec8                MX_TIM5_Init
 .text.MX_USART1_UART_Init
                0x08004f74       0x90 ./Core/Src/usart.o
                0x08004f74                MX_USART1_UART_Init
 .text.HAL_UART_MspInit
                0x08005004       0xf4 ./Core/Src/usart.o
                0x08005004                HAL_UART_MspInit
 .text.HAL_UART_TxCpltCallback
                0x080050f8       0x5c ./Core/Src/usart.o
                0x080050f8                HAL_UART_TxCpltCallback
 .text.HAL_UART_RxCpltCallback
                0x08005154        0x2 ./Core/Src/usart.o
                0x08005154                HAL_UART_RxCpltCallback
 *fill*         0x08005156        0x2 
 .text.HAL_UART_IDLECallback
                0x08005158       0x50 ./Core/Src/usart.o
                0x08005158                HAL_UART_IDLECallback
 .text.usart1_start_tx_if_idle
                0x080051a8       0x60 ./Core/Src/usart.o
                0x080051a8                usart1_start_tx_if_idle
 .text.usart1_recover
                0x08005208       0x60 ./Core/Src/usart.o
                0x08005208                usart1_recover
 .text.HAL_UART_ErrorCallback
                0x08005268       0x14 ./Core/Src/usart.o
                0x08005268                HAL_UART_ErrorCallback
 .text.usart1_send_data
                0x0800527c       0x30 ./Core/Src/usart.o
                0x0800527c                usart1_send_data
 .text.usart1_recv_data
                0x080052ac       0x28 ./Core/Src/usart.o
                0x080052ac                usart1_recv_data
 .text.usart1_data_available_for_read
                0x080052d4       0x18 ./Core/Src/usart.o
                0x080052d4                usart1_data_available_for_read
 .text.Reset_Handler
                0x080052ec       0x50 ./Core/Startup/startup_stm32f405rgtx.o
                0x080052ec                Reset_Handler
 .text.Default_Handler
                0x0800533c        0x2 ./Core/Startup/startup_stm32f405rgtx.o
                0x0800533c                RTC_Alarm_IRQHandler
                0x0800533c                HASH_RNG_IRQHandler
                0x0800533c                EXTI2_IRQHandler
                0x0800533c                TIM8_CC_IRQHandler
                0x0800533c                TIM1_CC_IRQHandler
                0x0800533c                DMA2_Stream5_IRQHandler
                0x0800533c                PVD_IRQHandler
                0x0800533c                SDIO_IRQHandler
                0x0800533c                TAMP_STAMP_IRQHandler
                0x0800533c                CAN2_RX1_IRQHandler
                0x0800533c                EXTI3_IRQHandler
                0x0800533c                TIM8_TRG_COM_TIM14_IRQHandler
                0x0800533c                TIM1_UP_TIM10_IRQHandler
                0x0800533c                TIM8_UP_TIM13_IRQHandler
                0x0800533c                I2C3_ER_IRQHandler
                0x0800533c                EXTI0_IRQHandler
                0x0800533c                I2C2_EV_IRQHandler
                0x0800533c                DMA1_Stream2_IRQHandler
                0x0800533c                CAN1_RX0_IRQHandler
                0x0800533c                FPU_IRQHandler
                0x0800533c                OTG_HS_WKUP_IRQHandler
                0x0800533c                CAN2_SCE_IRQHandler
                0x0800533c                SPI1_IRQHandler
                0x0800533c                TIM6_DAC_IRQHandler
                0x0800533c                TIM1_BRK_TIM9_IRQHandler
                0x0800533c                CAN2_RX0_IRQHandler
                0x0800533c                DMA2_Stream3_IRQHandler
                0x0800533c                USART6_IRQHandler
                0x0800533c                USART3_IRQHandler
                0x0800533c                CAN1_RX1_IRQHandler
                0x0800533c                UART5_IRQHandler
                0x0800533c                DMA2_Stream0_IRQHandler
                0x0800533c                I2C1_EV_IRQHandler
                0x0800533c                DMA1_Stream6_IRQHandler
                0x0800533c                UART4_IRQHandler
                0x0800533c                TIM3_IRQHandler
                0x0800533c                RCC_IRQHandler
                0x0800533c                TIM8_BRK_TIM12_IRQHandler
                0x0800533c                Default_Handler
                0x0800533c                EXTI15_10_IRQHandler
                0x0800533c                ADC_IRQHandler
                0x0800533c                DMA1_Stream7_IRQHandler
                0x0800533c                TIM7_IRQHandler
                0x0800533c                CAN2_TX_IRQHandler
                0x0800533c                TIM5_IRQHandler
                0x0800533c                I2C3_EV_IRQHandler
                0x0800533c                EXTI9_5_IRQHandler
                0x0800533c                RTC_WKUP_IRQHandler
                0x0800533c                SPI2_IRQHandler
                0x0800533c                OTG_HS_EP1_IN_IRQHandler
                0x0800533c                DMA1_Stream0_IRQHandler
                0x0800533c                CAN1_TX_IRQHandler
                0x0800533c                EXTI4_IRQHandler
                0x0800533c                FSMC_IRQHandler
                0x0800533c                OTG_HS_EP1_OUT_IRQHandler
                0x0800533c                WWDG_IRQHandler
                0x0800533c                TIM2_IRQHandler
                0x0800533c                OTG_FS_WKUP_IRQHandler
                0x0800533c                TIM1_TRG_COM_TIM11_IRQHandler
                0x0800533c                OTG_HS_IRQHandler
                0x0800533c                EXTI1_IRQHandler
                0x0800533c                USART2_IRQHandler
                0x0800533c                I2C2_ER_IRQHandler
                0x0800533c                DMA2_Stream1_IRQHandler
                0x0800533c                CAN1_SCE_IRQHandler
                0x0800533c                FLASH_IRQHandler
                0x0800533c                DMA2_Stream4_IRQHandler
                0x0800533c                SPI3_IRQHandler
                0x0800533c                I2C1_ER_IRQHandler
                0x0800533c                DMA2_Stream6_IRQHandler
 *fill*         0x0800533e        0x2 
 .text.HAL_InitTick
                0x08005340       0x48 ./Drivers/STM32F4xx_HAL_Driver/Src/stm32f4xx_hal.o
                0x08005340                HAL_InitTick
 .text.HAL_Init
                0x08005388       0x34 ./Drivers/STM32F4xx_HAL_Driver/Src/stm32f4xx_hal.o
                0x08005388                HAL_Init
 .text.HAL_IncTick
                0x080053bc       0x18 ./Drivers/STM32F4xx_HAL_Driver/Src/stm32f4xx_hal.o
                0x080053bc                HAL_IncTick
 .text.HAL_GetTick
                0x080053d4        0xc ./Drivers/STM32F4xx_HAL_Driver/Src/stm32f4xx_hal.o
                0x080053d4                HAL_GetTick
 .text.HAL_Delay
                0x080053e0       0x28 ./Drivers/STM32F4xx_HAL_Driver/Src/stm32f4xx_hal.o
                0x080053e0                HAL_Delay
 .text.HAL_NVIC_SetPriorityGrouping
                0x08005408       0x24 ./Drivers/STM32F4xx_HAL_Driver/Src/stm32f4xx_hal_cortex.o
                0x08005408                HAL_NVIC_SetPriorityGrouping
 .text.HAL_NVIC_SetPriority
                0x0800542c       0x64 ./Drivers/STM32F4xx_HAL_Driver/Src/stm32f4xx_hal_cortex.o
                0x0800542c                HAL_NVIC_SetPriority
 .text.HAL_NVIC_EnableIRQ
                0x08005490       0x1c ./Drivers/STM32F4xx_HAL_Driver/Src/stm32f4xx_hal_cortex.o
                0x08005490                HAL_NVIC_EnableIRQ
 .text.HAL_SYSTICK_Config
                0x080054ac       0x28 ./Drivers/STM32F4xx_HAL_Driver/Src/stm32f4xx_hal_cortex.o
                0x080054ac                HAL_SYSTICK_Config
 .text.DMA_CalcBaseAndBitshift
                0x080054d4       0x2c ./Drivers/STM32F4xx_HAL_Driver/Src/stm32f4xx_hal_dma.o
 .text.HAL_DMA_Init
                0x08005500       0xfc ./Drivers/STM32F4xx_HAL_Driver/Src/stm32f4xx_hal_dma.o
                0x08005500                HAL_DMA_Init
 .text.HAL_DMA_Start_IT
                0x080055fc       0x72 ./Drivers/STM32F4xx_HAL_Driver/Src/stm32f4xx_hal_dma.o
                0x080055fc                HAL_DMA_Start_IT
 .text.HAL_DMA_Abort
                0x0800566e       0x7c ./Drivers/STM32F4xx_HAL_Driver/Src/stm32f4xx_hal_dma.o
                0x0800566e                HAL_DMA_Abort
 .text.HAL_DMA_Abort_IT
                0x080056ea       0x24 ./Drivers/STM32F4xx_HAL_Driver/Src/stm32f4xx_hal_dma.o
                0x080056ea                HAL_DMA_Abort_IT
 *fill*         0x0800570e        0x2 
 .text.HAL_DMA_IRQHandler
                0x08005710      0x17c ./Drivers/STM32F4xx_HAL_Driver/Src/stm32f4xx_hal_dma.o
                0x08005710                HAL_DMA_IRQHandler
 .text.HAL_DMA_GetError
                0x0800588c        0x4 ./Drivers/STM32F4xx_HAL_Driver/Src/stm32f4xx_hal_dma.o
                0x0800588c                HAL_DMA_GetError
 .text.HAL_GPIO_Init
                0x08005890      0x1b0 ./Drivers/STM32F4xx_HAL_Driver/Src/stm32f4xx_hal_gpio.o
                0x08005890                HAL_GPIO_Init
 .text.HAL_GPIO_WritePin
                0x08005a40        0xa ./Drivers/STM32F4xx_HAL_Driver/Src/stm32f4xx_hal_gpio.o
                0x08005a40                HAL_GPIO_WritePin
 .text.HAL_PCD_Init
                0x08005a4a       0xde ./Drivers/STM32F4xx_HAL_Driver/Src/stm32f4xx_hal_pcd.o
                0x08005a4a                HAL_PCD_Init
 .text.HAL_PCD_Start
                0x08005b28       0x3e ./Drivers/STM32F4xx_HAL_Driver/Src/stm32f4xx_hal_pcd.o
                0x08005b28                HAL_PCD_Start
 .text.HAL_PCD_SetAddress
                0x08005b66       0x26 ./Drivers/STM32F4xx_HAL_Driver/Src/stm32f4xx_hal_pcd.o
                0x08005b66                HAL_PCD_SetAddress
 .text.HAL_PCD_EP_Open
                0x08005b8c       0x72 ./Drivers/STM32F4xx_HAL_Driver/Src/stm32f4xx_hal_pcd.o
                0x08005b8c                HAL_PCD_EP_Open
 .text.HAL_PCD_EP_Close
                0x08005bfe       0x5c ./Drivers/STM32F4xx_HAL_Driver/Src/stm32f4xx_hal_pcd.o
                0x08005bfe                HAL_PCD_EP_Close
 .text.HAL_PCD_EP_Receive
                0x08005c5a       0x3c ./Drivers/STM32F4xx_HAL_Driver/Src/stm32f4xx_hal_pcd.o
                0x08005c5a                HAL_PCD_EP_Receive
 .text.HAL_PCD_EP_GetRxCount
                0x08005c96       0x10 ./Drivers/STM32F4xx_HAL_Driver/Src/stm32f4xx_hal_pcd.o
                0x08005c96                HAL_PCD_EP_GetRxCount
 .text.HAL_PCD_EP_Transmit
                0x08005ca6       0x36 ./Drivers/STM32F4xx_HAL_Driver/Src/stm32f4xx_hal_pcd.o
                0x08005ca6                HAL_PCD_EP_Transmit
 .text.HAL_PCD_EP_SetStall
                0x08005cdc       0x6e ./Drivers/STM32F4xx_HAL_Driver/Src/stm32f4xx_hal_pcd.o
                0x08005cdc                HAL_PCD_EP_SetStall
 .text.HAL_PCD_EP_ClrStall
                0x08005d4a       0x6a ./Drivers/STM32F4xx_HAL_Driver/Src/stm32f4xx_hal_pcd.o
                0x08005d4a                HAL_PCD_EP_ClrStall
 .text.HAL_PCD_EP_Abort
                0x08005db4       0x20 ./Drivers/STM32F4xx_HAL_Driver/Src/stm32f4xx_hal_pcd.o
                0x08005db4                HAL_PCD_EP_Abort
 .text.HAL_PCD_IRQHandler
                0x08005dd4      0x690 ./Drivers/STM32F4xx_HAL_Driver/Src/stm32f4xx_hal_pcd.o
                0x08005dd4                HAL_PCD_IRQHandler
 .text.HAL_PCDEx_SetTxFiFo
                0x08006464       0x3e ./Drivers/STM32F4xx_HAL_Driver/Src/stm32f4xx_hal_pcd_ex.o
                0x08006464                HAL_PCDEx_SetTxFiFo
 .text.HAL_PCDEx_SetRxFiFo
                0x080064a2        0x8 ./Drivers/STM32F4xx_HAL_Driver/Src/stm32f4xx_hal_pcd_ex.o
                0x080064a2                HAL_PCDEx_SetRxFiFo
 .text.HAL_PCDEx_LPM_Callback
                0x080064aa        0x2 ./Drivers/STM32F4xx_HAL_Driver/Src/stm32f4xx_hal_pcd_ex.o
                0x080064aa                HAL_PCDEx_LPM_Callback
 .text.HAL_RCC_OscConfig
                0x080064ac      0x35c ./Drivers/STM32F4xx_HAL_Driver/Src/stm32f4xx_hal_rcc.o
                0x080064ac                HAL_RCC_OscConfig
 .text.HAL_RCC_GetSysClockFreq
                0x08006808       0x5c ./Drivers/STM32F4xx_HAL_Driver/Src/stm32f4xx_hal_rcc.o
                0x08006808                HAL_RCC_GetSysClockFreq
 .text.HAL_RCC_ClockConfig
                0x08006864      0x134 ./Drivers/STM32F4xx_HAL_Driver/Src/stm32f4xx_hal_rcc.o
                0x08006864                HAL_RCC_ClockConfig
 .text.HAL_RCC_GetHCLKFreq
                0x08006998        0xc ./Drivers/STM32F4xx_HAL_Driver/Src/stm32f4xx_hal_rcc.o
                0x08006998                HAL_RCC_GetHCLKFreq
 .text.HAL_RCC_GetPCLK1Freq
                0x080069a4       0x20 ./Drivers/STM32F4xx_HAL_Driver/Src/stm32f4xx_hal_rcc.o
                0x080069a4                HAL_RCC_GetPCLK1Freq
 .text.HAL_RCC_GetPCLK2Freq
                0x080069c4       0x20 ./Drivers/STM32F4xx_HAL_Driver/Src/stm32f4xx_hal_rcc.o
                0x080069c4                HAL_RCC_GetPCLK2Freq
 .text.SPI_WaitFlagStateUntilTimeout
                0x080069e4       0xb8 ./Drivers/STM32F4xx_HAL_Driver/Src/stm32f4xx_hal_spi.o
 .text.SPI_EndRxTxTransaction
                0x08006a9c       0x78 ./Drivers/STM32F4xx_HAL_Driver/Src/stm32f4xx_hal_spi.o
 .text.SPI_EndRxTransaction
                0x08006b14       0x5c ./Drivers/STM32F4xx_HAL_Driver/Src/stm32f4xx_hal_spi.o
 .text.HAL_SPI_Init
                0x08006b70       0xb8 ./Drivers/STM32F4xx_HAL_Driver/Src/stm32f4xx_hal_spi.o
                0x08006b70                HAL_SPI_Init
 .text.HAL_SPI_Transmit
                0x08006c28      0x160 ./Drivers/STM32F4xx_HAL_Driver/Src/stm32f4xx_hal_spi.o
                0x08006c28                HAL_SPI_Transmit
 .text.HAL_SPI_TransmitReceive
                0x08006d88      0x1f8 ./Drivers/STM32F4xx_HAL_Driver/Src/stm32f4xx_hal_spi.o
                0x08006d88                HAL_SPI_TransmitReceive
 .text.HAL_SPI_Receive
                0x08006f80      0x148 ./Drivers/STM32F4xx_HAL_Driver/Src/stm32f4xx_hal_spi.o
                0x08006f80                HAL_SPI_Receive
 .text.TIM_OC1_SetConfig
                0x080070c8       0x58 ./Drivers/STM32F4xx_HAL_Driver/Src/stm32f4xx_hal_tim.o
 .text.TIM_OC3_SetConfig
                0x08007120       0x5c ./Drivers/STM32F4xx_HAL_Driver/Src/stm32f4xx_hal_tim.o
 .text.TIM_OC4_SetConfig
                0x0800717c       0x4c ./Drivers/STM32F4xx_HAL_Driver/Src/stm32f4xx_hal_tim.o
 .text.HAL_TIM_Base_Start
                0x080071c8       0x6c ./Drivers/STM32F4xx_HAL_Driver/Src/stm32f4xx_hal_tim.o
                0x080071c8                HAL_TIM_Base_Start
 .text.HAL_TIM_Base_Start_IT
                0x08007234       0x74 ./Drivers/STM32F4xx_HAL_Driver/Src/stm32f4xx_hal_tim.o
                0x08007234                HAL_TIM_Base_Start_IT
 .text.HAL_TIM_PWM_MspInit
                0x080072a8        0x2 ./Drivers/STM32F4xx_HAL_Driver/Src/stm32f4xx_hal_tim.o
                0x080072a8                HAL_TIM_PWM_MspInit
 .text.HAL_TIM_OC_DelayElapsedCallback
                0x080072aa        0x2 ./Drivers/STM32F4xx_HAL_Driver/Src/stm32f4xx_hal_tim.o
                0x080072aa                HAL_TIM_OC_DelayElapsedCallback
 .text.HAL_TIM_IC_CaptureCallback
                0x080072ac        0x2 ./Drivers/STM32F4xx_HAL_Driver/Src/stm32f4xx_hal_tim.o
                0x080072ac                HAL_TIM_IC_CaptureCallback
 .text.HAL_TIM_PWM_PulseFinishedCallback
                0x080072ae        0x2 ./Drivers/STM32F4xx_HAL_Driver/Src/stm32f4xx_hal_tim.o
                0x080072ae                HAL_TIM_PWM_PulseFinishedCallback
 .text.HAL_TIM_TriggerCallback
                0x080072b0        0x2 ./Drivers/STM32F4xx_HAL_Driver/Src/stm32f4xx_hal_tim.o
                0x080072b0                HAL_TIM_TriggerCallback
 .text.HAL_TIM_IRQHandler
                0x080072b2      0x128 ./Drivers/STM32F4xx_HAL_Driver/Src/stm32f4xx_hal_tim.o
                0x080072b2                HAL_TIM_IRQHandler
 *fill*         0x080073da        0x2 
 .text.TIM_Base_SetConfig
                0x080073dc       0xb0 ./Drivers/STM32F4xx_HAL_Driver/Src/stm32f4xx_hal_tim.o
                0x080073dc                TIM_Base_SetConfig
 .text.HAL_TIM_Base_Init
                0x0800748c       0x58 ./Drivers/STM32F4xx_HAL_Driver/Src/stm32f4xx_hal_tim.o
                0x0800748c                HAL_TIM_Base_Init
 .text.HAL_TIM_PWM_Init
                0x080074e4       0x58 ./Drivers/STM32F4xx_HAL_Driver/Src/stm32f4xx_hal_tim.o
                0x080074e4                HAL_TIM_PWM_Init
 .text.TIM_OC2_SetConfig
                0x0800753c       0x60 ./Drivers/STM32F4xx_HAL_Driver/Src/stm32f4xx_hal_tim.o
                0x0800753c                TIM_OC2_SetConfig
 .text.HAL_TIM_PWM_ConfigChannel
                0x0800759c       0xb0 ./Drivers/STM32F4xx_HAL_Driver/Src/stm32f4xx_hal_tim.o
                0x0800759c                HAL_TIM_PWM_ConfigChannel
 .text.TIM_ETR_SetConfig
                0x0800764c       0x14 ./Drivers/STM32F4xx_HAL_Driver/Src/stm32f4xx_hal_tim.o
                0x0800764c                TIM_ETR_SetConfig
 .text.HAL_TIM_ConfigClockSource
                0x08007660      0x132 ./Drivers/STM32F4xx_HAL_Driver/Src/stm32f4xx_hal_tim.o
                0x08007660                HAL_TIM_ConfigClockSource
 .text.TIM_CCxChannelCmd
                0x08007792       0x1c ./Drivers/STM32F4xx_HAL_Driver/Src/stm32f4xx_hal_tim.o
                0x08007792                TIM_CCxChannelCmd
 *fill*         0x080077ae        0x2 
 .text.HAL_TIM_OC_Start
                0x080077b0       0xbc ./Drivers/STM32F4xx_HAL_Driver/Src/stm32f4xx_hal_tim.o
                0x080077b0                HAL_TIM_OC_Start
 .text.HAL_TIM_PWM_Start
                0x0800786c        0x4 ./Drivers/STM32F4xx_HAL_Driver/Src/stm32f4xx_hal_tim.o
                0x0800786c                HAL_TIM_PWM_Start
 .text.HAL_TIMEx_MasterConfigSynchronization
                0x08007870       0x7c ./Drivers/STM32F4xx_HAL_Driver/Src/stm32f4xx_hal_tim_ex.o
                0x08007870                HAL_TIMEx_MasterConfigSynchronization
 .text.HAL_TIMEx_CommutCallback
                0x080078ec        0x2 ./Drivers/STM32F4xx_HAL_Driver/Src/stm32f4xx_hal_tim_ex.o
                0x080078ec                HAL_TIMEx_CommutCallback
 .text.HAL_TIMEx_BreakCallback
                0x080078ee        0x2 ./Drivers/STM32F4xx_HAL_Driver/Src/stm32f4xx_hal_tim_ex.o
                0x080078ee                HAL_TIMEx_BreakCallback
 .text.UART_EndRxTransfer
                0x080078f0       0x5c ./Drivers/STM32F4xx_HAL_Driver/Src/stm32f4xx_hal_uart.o
 .text.UART_SetConfig
                0x0800794c       0xbc ./Drivers/STM32F4xx_HAL_Driver/Src/stm32f4xx_hal_uart.o
 .text.HAL_UART_Init
                0x08007a08       0x5e ./Drivers/STM32F4xx_HAL_Driver/Src/stm32f4xx_hal_uart.o
                0x08007a08                HAL_UART_Init
 .text.HAL_UART_Transmit_IT
                0x08007a66       0x32 ./Drivers/STM32F4xx_HAL_Driver/Src/stm32f4xx_hal_uart.o
                0x08007a66                HAL_UART_Transmit_IT
 .text.HAL_UART_Transmit_DMA
                0x08007a98       0x74 ./Drivers/STM32F4xx_HAL_Driver/Src/stm32f4xx_hal_uart.o
                0x08007a98                HAL_UART_Transmit_DMA
 .text.HAL_UART_DMAStop
                0x08007b0c       0x8c ./Drivers/STM32F4xx_HAL_Driver/Src/stm32f4xx_hal_uart.o
                0x08007b0c                HAL_UART_DMAStop
 .text.HAL_UART_AbortTransmit
                0x08007b98       0x66 ./Drivers/STM32F4xx_HAL_Driver/Src/stm32f4xx_hal_uart.o
                0x08007b98                HAL_UART_AbortTransmit
 .text.UART_DMATransmitCplt
                0x08007bfe       0x4c ./Drivers/STM32F4xx_HAL_Driver/Src/stm32f4xx_hal_uart.o
 .text.HAL_UART_TxHalfCpltCallback
                0x08007c4a        0x2 ./Drivers/STM32F4xx_HAL_Driver/Src/stm32f4xx_hal_uart.o
                0x08007c4a                HAL_UART_TxHalfCpltCallback
 .text.UART_DMATxHalfCplt
                0x08007c4c        0xa ./Drivers/STM32F4xx_HAL_Driver/Src/stm32f4xx_hal_uart.o
 .text.HAL_UART_RxHalfCpltCallback
                0x08007c56        0x2 ./Drivers/STM32F4xx_HAL_Driver/Src/stm32f4xx_hal_uart.o
                0x08007c56                HAL_UART_RxHalfCpltCallback
 .text.UART_DMAError
                0x08007c58       0x5a ./Drivers/STM32F4xx_HAL_Driver/Src/stm32f4xx_hal_uart.o
 .text.UART_DMAAbortOnError
                0x08007cb2       0x10 ./Drivers/STM32F4xx_HAL_Driver/Src/stm32f4xx_hal_uart.o
 .text.HAL_UARTEx_RxEventCallback
                0x08007cc2        0x2 ./Drivers/STM32F4xx_HAL_Driver/Src/stm32f4xx_hal_uart.o
                0x08007cc2                HAL_UARTEx_RxEventCallback
 .text.UART_DMARxHalfCplt
                0x08007cc4       0x1e ./Drivers/STM32F4xx_HAL_Driver/Src/stm32f4xx_hal_uart.o
 .text.UART_DMAReceiveCplt
                0x08007ce2       0x98 ./Drivers/STM32F4xx_HAL_Driver/Src/stm32f4xx_hal_uart.o
 .text.UART_Receive_IT.isra.0
                0x08007d7a       0xb6 ./Drivers/STM32F4xx_HAL_Driver/Src/stm32f4xx_hal_uart.o
 .text.HAL_UART_IRQHandler
                0x08007e30      0x294 ./Drivers/STM32F4xx_HAL_Driver/Src/stm32f4xx_hal_uart.o
                0x08007e30                HAL_UART_IRQHandler
 .text.HAL_UART_GetState
                0x080080c4        0xc ./Drivers/STM32F4xx_HAL_Driver/Src/stm32f4xx_hal_uart.o
                0x080080c4                HAL_UART_GetState
 .text.UART_Start_Receive_DMA
                0x080080d0       0x98 ./Drivers/STM32F4xx_HAL_Driver/Src/stm32f4xx_hal_uart.o
                0x080080d0                UART_Start_Receive_DMA
 .text.HAL_UART_Receive_DMA
                0x08008168       0x22 ./Drivers/STM32F4xx_HAL_Driver/Src/stm32f4xx_hal_uart.o
                0x08008168                HAL_UART_Receive_DMA
 .text.USB_CoreReset
                0x0800818a       0x46 ./Drivers/STM32F4xx_HAL_Driver/Src/stm32f4xx_ll_usb.o
 .text.USB_CoreInit
                0x080081d0       0x88 ./Drivers/STM32F4xx_HAL_Driver/Src/stm32f4xx_ll_usb.o
                0x080081d0                USB_CoreInit
 .text.USB_SetTurnaroundTime
                0x08008258       0xe0 ./Drivers/STM32F4xx_HAL_Driver/Src/stm32f4xx_ll_usb.o
                0x08008258                USB_SetTurnaroundTime
 .text.USB_EnableGlobalInt
                0x08008338        0xc ./Drivers/STM32F4xx_HAL_Driver/Src/stm32f4xx_ll_usb.o
                0x08008338                USB_EnableGlobalInt
 .text.USB_DisableGlobalInt
                0x08008344        0xc ./Drivers/STM32F4xx_HAL_Driver/Src/stm32f4xx_ll_usb.o
                0x08008344                USB_DisableGlobalInt
 .text.USB_SetCurrentMode
                0x08008350       0x60 ./Drivers/STM32F4xx_HAL_Driver/Src/stm32f4xx_ll_usb.o
                0x08008350                USB_SetCurrentMode
 .text.USB_FlushTxFifo
                0x080083b0       0x46 ./Drivers/STM32F4xx_HAL_Driver/Src/stm32f4xx_ll_usb.o
                0x080083b0                USB_FlushTxFifo
 .text.USB_FlushRxFifo
                0x080083f6       0x42 ./Drivers/STM32F4xx_HAL_Driver/Src/stm32f4xx_ll_usb.o
                0x080083f6                USB_FlushRxFifo
 .text.USB_SetDevSpeed
                0x08008438        0xe ./Drivers/STM32F4xx_HAL_Driver/Src/stm32f4xx_ll_usb.o
                0x08008438                USB_SetDevSpeed
 *fill*         0x08008446        0x2 
 .text.USB_DevInit
                0x08008448      0x174 ./Drivers/STM32F4xx_HAL_Driver/Src/stm32f4xx_ll_usb.o
                0x08008448                USB_DevInit
 .text.USB_GetDevSpeed
                0x080085bc       0x16 ./Drivers/STM32F4xx_HAL_Driver/Src/stm32f4xx_ll_usb.o
                0x080085bc                USB_GetDevSpeed
 .text.USB_ActivateEndpoint
                0x080085d2       0x7e ./Drivers/STM32F4xx_HAL_Driver/Src/stm32f4xx_ll_usb.o
                0x080085d2                USB_ActivateEndpoint
 .text.USB_DeactivateEndpoint
                0x08008650       0xac ./Drivers/STM32F4xx_HAL_Driver/Src/stm32f4xx_ll_usb.o
                0x08008650                USB_DeactivateEndpoint
 .text.USB_EPStopXfer
                0x080086fc       0x84 ./Drivers/STM32F4xx_HAL_Driver/Src/stm32f4xx_ll_usb.o
                0x080086fc                USB_EPStopXfer
 .text.USB_WritePacket
                0x08008780       0x26 ./Drivers/STM32F4xx_HAL_Driver/Src/stm32f4xx_ll_usb.o
                0x08008780                USB_WritePacket
 *fill*         0x080087a6        0x2 
 .text.USB_EPStartXfer
                0x080087a8      0x204 ./Drivers/STM32F4xx_HAL_Driver/Src/stm32f4xx_ll_usb.o
                0x080087a8                USB_EPStartXfer
 .text.USB_ReadPacket
                0x080089ac       0x40 ./Drivers/STM32F4xx_HAL_Driver/Src/stm32f4xx_ll_usb.o
                0x080089ac                USB_ReadPacket
 .text.USB_EPSetStall
                0x080089ec       0x56 ./Drivers/STM32F4xx_HAL_Driver/Src/stm32f4xx_ll_usb.o
                0x080089ec                USB_EPSetStall
 .text.USB_EPClearStall
                0x08008a42       0x52 ./Drivers/STM32F4xx_HAL_Driver/Src/stm32f4xx_ll_usb.o
                0x08008a42                USB_EPClearStall
 .text.USB_SetDevAddress
                0x08008a94       0x20 ./Drivers/STM32F4xx_HAL_Driver/Src/stm32f4xx_ll_usb.o
                0x08008a94                USB_SetDevAddress
 .text.USB_DevConnect
                0x08008ab4       0x1c ./Drivers/STM32F4xx_HAL_Driver/Src/stm32f4xx_ll_usb.o
                0x08008ab4                USB_DevConnect
 .text.USB_DevDisconnect
                0x08008ad0       0x1c ./Drivers/STM32F4xx_HAL_Driver/Src/stm32f4xx_ll_usb.o
                0x08008ad0                USB_DevDisconnect
 .text.USB_ReadInterrupts
                0x08008aec        0x8 ./Drivers/STM32F4xx_HAL_Driver/Src/stm32f4xx_ll_usb.o
                0x08008aec                USB_ReadInterrupts
 .text.USB_ReadDevAllOutEpInterrupt
                0x08008af4       0x10 ./Drivers/STM32F4xx_HAL_Driver/Src/stm32f4xx_ll_usb.o
                0x08008af4                USB_ReadDevAllOutEpInterrupt
 .text.USB_ReadDevAllInEpInterrupt
                0x08008b04       0x10 ./Drivers/STM32F4xx_HAL_Driver/Src/stm32f4xx_ll_usb.o
                0x08008b04                USB_ReadDevAllInEpInterrupt
 .text.USB_ReadDevOutEPInterrupt
                0x08008b14       0x12 ./Drivers/STM32F4xx_HAL_Driver/Src/stm32f4xx_ll_usb.o
                0x08008b14                USB_ReadDevOutEPInterrupt
 .text.USB_ReadDevInEPInterrupt
                0x08008b26       0x22 ./Drivers/STM32F4xx_HAL_Driver/Src/stm32f4xx_ll_usb.o
                0x08008b26                USB_ReadDevInEPInterrupt
 .text.USB_GetMode
                0x08008b48        0x8 ./Drivers/STM32F4xx_HAL_Driver/Src/stm32f4xx_ll_usb.o
                0x08008b48                USB_GetMode
 .text.USB_ActivateSetup
                0x08008b50       0x1c ./Drivers/STM32F4xx_HAL_Driver/Src/stm32f4xx_ll_usb.o
                0x08008b50                USB_ActivateSetup
 .text.USB_EP0_OutStart
                0x08008b6c       0x4c ./Drivers/STM32F4xx_HAL_Driver/Src/stm32f4xx_ll_usb.o
                0x08008b6c                USB_EP0_OutStart
 .text.USBD_CDC_EP0_RxReady
                0x08008bb8       0x38 ./Middlewares/ST/STM32_USB_Device_Library/Class/CDC/Src/usbd_cdc.o
 .text.USBD_CDC_GetDeviceQualifierDescriptor
                0x08008bf0        0xc ./Middlewares/ST/STM32_USB_Device_Library/Class/CDC/Src/usbd_cdc.o
                0x08008bf0                USBD_CDC_GetDeviceQualifierDescriptor
 .text.USBD_CDC_GetFSCfgDesc
                0x08008bfc       0x48 ./Middlewares/ST/STM32_USB_Device_Library/Class/CDC/Src/usbd_cdc.o
 .text.USBD_CDC_GetOtherSpeedCfgDesc
                0x08008c44        0x4 ./Middlewares/ST/STM32_USB_Device_Library/Class/CDC/Src/usbd_cdc.o
 .text.USBD_CDC_GetHSCfgDesc
                0x08008c48       0x48 ./Middlewares/ST/STM32_USB_Device_Library/Class/CDC/Src/usbd_cdc.o
 .text.USBD_CDC_DataOut
                0x08008c90       0x38 ./Middlewares/ST/STM32_USB_Device_Library/Class/CDC/Src/usbd_cdc.o
 .text.USBD_CDC_DataIn
                0x08008cc8       0x64 ./Middlewares/ST/STM32_USB_Device_Library/Class/CDC/Src/usbd_cdc.o
 .text.USBD_CDC_Setup
                0x08008d2c       0xf0 ./Middlewares/ST/STM32_USB_Device_Library/Class/CDC/Src/usbd_cdc.o
 .text.USBD_CDC_DeInit
                0x08008e1c       0x5a ./Middlewares/ST/STM32_USB_Device_Library/Class/CDC/Src/usbd_cdc.o
 .text.USBD_CDC_Init
                0x08008e76       0xc6 ./Middlewares/ST/STM32_USB_Device_Library/Class/CDC/Src/usbd_cdc.o
 .text.USBD_CDC_RegisterInterface
                0x08008f3c       0x16 ./Middlewares/ST/STM32_USB_Device_Library/Class/CDC/Src/usbd_cdc.o
                0x08008f3c                USBD_CDC_RegisterInterface
 .text.USBD_CDC_SetTxBuffer
                0x08008f52       0x1c ./Middlewares/ST/STM32_USB_Device_Library/Class/CDC/Src/usbd_cdc.o
                0x08008f52                USBD_CDC_SetTxBuffer
 .text.USBD_CDC_SetRxBuffer
                0x08008f6e       0x18 ./Middlewares/ST/STM32_USB_Device_Library/Class/CDC/Src/usbd_cdc.o
                0x08008f6e                USBD_CDC_SetRxBuffer
 .text.USBD_CDC_TransmitPacket
                0x08008f86       0x36 ./Middlewares/ST/STM32_USB_Device_Library/Class/CDC/Src/usbd_cdc.o
                0x08008f86                USBD_CDC_TransmitPacket
 .text.USBD_CDC_ReceivePacket
                0x08008fbc       0x2c ./Middlewares/ST/STM32_USB_Device_Library/Class/CDC/Src/usbd_cdc.o
                0x08008fbc                USBD_CDC_ReceivePacket
 .text.USBD_Init
                0x08008fe8       0x26 ./Middlewares/ST/STM32_USB_Device_Library/Core/Src/usbd_core.o
                0x08008fe8                USBD_Init
 .text.USBD_RegisterClass
                0x0800900e       0x32 ./Middlewares/ST/STM32_USB_Device_Library/Core/Src/usbd_core.o
                0x0800900e                USBD_RegisterClass
 .text.USBD_Start
                0x08009040        0x4 ./Middlewares/ST/STM32_USB_Device_Library/Core/Src/usbd_core.o
                0x08009040                USBD_Start
 .text.USBD_SetClassConfig
                0x08009044        0xe ./Middlewares/ST/STM32_USB_Device_Library/Core/Src/usbd_core.o
                0x08009044                USBD_SetClassConfig
 .text.USBD_ClrClassConfig
                0x08009052       0x12 ./Middlewares/ST/STM32_USB_Device_Library/Core/Src/usbd_core.o
                0x08009052                USBD_ClrClassConfig
 .text.USBD_LL_SetupStage
                0x08009064       0x60 ./Middlewares/ST/STM32_USB_Device_Library/Core/Src/usbd_core.o
                0x08009064                USBD_LL_SetupStage
 .text.USBD_LL_DataOutStage
                0x080090c4       0x6a ./Middlewares/ST/STM32_USB_Device_Library/Core/Src/usbd_core.o
                0x080090c4                USBD_LL_DataOutStage
 .text.USBD_LL_DataInStage
                0x0800912e       0xa6 ./Middlewares/ST/STM32_USB_Device_Library/Core/Src/usbd_core.o
                0x0800912e                USBD_LL_DataInStage
 .text.USBD_LL_Reset
                0x080091d4       0x5e ./Middlewares/ST/STM32_USB_Device_Library/Core/Src/usbd_core.o
                0x080091d4                USBD_LL_Reset
 .text.USBD_LL_SetSpeed
                0x08009232        0x6 ./Middlewares/ST/STM32_USB_Device_Library/Core/Src/usbd_core.o
                0x08009232                USBD_LL_SetSpeed
 .text.USBD_LL_Suspend
                0x08009238       0x1c ./Middlewares/ST/STM32_USB_Device_Library/Core/Src/usbd_core.o
                0x08009238                USBD_LL_Suspend
 .text.USBD_LL_Resume
                0x08009254       0x16 ./Middlewares/ST/STM32_USB_Device_Library/Core/Src/usbd_core.o
                0x08009254                USBD_LL_Resume
 .text.USBD_LL_SOF
                0x0800926a       0x1a ./Middlewares/ST/STM32_USB_Device_Library/Core/Src/usbd_core.o
                0x0800926a                USBD_LL_SOF
 .text.USBD_LL_IsoINIncomplete
                0x08009284       0x26 ./Middlewares/ST/STM32_USB_Device_Library/Core/Src/usbd_core.o
                0x08009284                USBD_LL_IsoINIncomplete
 .text.USBD_LL_IsoOUTIncomplete
                0x080092aa       0x26 ./Middlewares/ST/STM32_USB_Device_Library/Core/Src/usbd_core.o
                0x080092aa                USBD_LL_IsoOUTIncomplete
 .text.USBD_LL_DevConnected
                0x080092d0        0x4 ./Middlewares/ST/STM32_USB_Device_Library/Core/Src/usbd_core.o
                0x080092d0                USBD_LL_DevConnected
 .text.USBD_LL_DevDisconnected
                0x080092d4       0x20 ./Middlewares/ST/STM32_USB_Device_Library/Core/Src/usbd_core.o
                0x080092d4                USBD_LL_DevDisconnected
 .text.USBD_CoreFindIF
                0x080092f4        0x4 ./Middlewares/ST/STM32_USB_Device_Library/Core/Src/usbd_core.o
                0x080092f4                USBD_CoreFindIF
 .text.USBD_CoreFindEP
                0x080092f8        0x4 ./Middlewares/ST/STM32_USB_Device_Library/Core/Src/usbd_core.o
                0x080092f8                USBD_CoreFindEP
 .text.USBD_GetEpDesc
                0x080092fc       0x24 ./Middlewares/ST/STM32_USB_Device_Library/Core/Src/usbd_core.o
                0x080092fc                USBD_GetEpDesc
 .text.USBD_CtlError.constprop.0
                0x08009320       0x16 ./Middlewares/ST/STM32_USB_Device_Library/Core/Src/usbd_ctlreq.o
 *fill*         0x08009336        0x2 
 .text.USBD_StdDevReq
                0x08009338      0x2c8 ./Middlewares/ST/STM32_USB_Device_Library/Core/Src/usbd_ctlreq.o
                0x08009338                USBD_StdDevReq
 .text.USBD_StdItfReq
                0x08009600       0x5e ./Middlewares/ST/STM32_USB_Device_Library/Core/Src/usbd_ctlreq.o
                0x08009600                USBD_StdItfReq
 .text.USBD_StdEPReq
                0x0800965e      0x142 ./Middlewares/ST/STM32_USB_Device_Library/Core/Src/usbd_ctlreq.o
                0x0800965e                USBD_StdEPReq
 .text.USBD_ParseSetupRequest
                0x080097a0       0x16 ./Middlewares/ST/STM32_USB_Device_Library/Core/Src/usbd_ctlreq.o
                0x080097a0                USBD_ParseSetupRequest
 .text.USBD_CtlError
                0x080097b6       0x16 ./Middlewares/ST/STM32_USB_Device_Library/Core/Src/usbd_ctlreq.o
                0x080097b6                USBD_CtlError
 .text.USBD_GetString
                0x080097cc       0x38 ./Middlewares/ST/STM32_USB_Device_Library/Core/Src/usbd_ctlreq.o
                0x080097cc                USBD_GetString
 .text.USBD_CtlSendData
                0x08009804       0x1a ./Middlewares/ST/STM32_USB_Device_Library/Core/Src/usbd_ioreq.o
                0x08009804                USBD_CtlSendData
 .text.USBD_CtlContinueSendData
                0x0800981e       0x10 ./Middlewares/ST/STM32_USB_Device_Library/Core/Src/usbd_ioreq.o
                0x0800981e                USBD_CtlContinueSendData
 .text.USBD_CtlPrepareRx
                0x0800982e       0x1a ./Middlewares/ST/STM32_USB_Device_Library/Core/Src/usbd_ioreq.o
                0x0800982e                USBD_CtlPrepareRx
 .text.USBD_CtlContinueRx
                0x08009848       0x10 ./Middlewares/ST/STM32_USB_Device_Library/Core/Src/usbd_ioreq.o
                0x08009848                USBD_CtlContinueRx
 .text.USBD_CtlSendStatus
                0x08009858       0x16 ./Middlewares/ST/STM32_USB_Device_Library/Core/Src/usbd_ioreq.o
                0x08009858                USBD_CtlSendStatus
 .text.USBD_CtlReceiveStatus
                0x0800986e       0x16 ./Middlewares/ST/STM32_USB_Device_Library/Core/Src/usbd_ioreq.o
                0x0800986e                USBD_CtlReceiveStatus
 .text.MX_USB_DEVICE_Init
                0x08009884       0x50 ./USB_DEVICE/App/usb_device.o
                0x08009884                MX_USB_DEVICE_Init
 .text.CDC_DeInit_FS
                0x080098d4        0x4 ./USB_DEVICE/App/usbd_cdc_if.o
 .text.CDC_Control_FS
                0x080098d8        0x4 ./USB_DEVICE/App/usbd_cdc_if.o
 .text.CDC_TransmitCplt_FS
                0x080098dc        0x4 ./USB_DEVICE/App/usbd_cdc_if.o
 .text.CDC_Receive_FS
                0x080098e0       0x1c ./USB_DEVICE/App/usbd_cdc_if.o
 .text.CDC_Init_FS
                0x080098fc       0x28 ./USB_DEVICE/App/usbd_cdc_if.o
 .text.CDC_Transmit_FS
                0x08009924       0x2c ./USB_DEVICE/App/usbd_cdc_if.o
                0x08009924                CDC_Transmit_FS
 .text.USBD_FS_DeviceDescriptor
                0x08009950        0xc ./USB_DEVICE/App/usbd_desc.o
                0x08009950                USBD_FS_DeviceDescriptor
 .text.USBD_FS_LangIDStrDescriptor
                0x0800995c        0xc ./USB_DEVICE/App/usbd_desc.o
                0x0800995c                USBD_FS_LangIDStrDescriptor
 .text.IntToUnicode
                0x08009968       0x2a ./USB_DEVICE/App/usbd_desc.o
 *fill*         0x08009992        0x2 
 .text.USBD_FS_SerialStrDescriptor
                0x08009994       0x3c ./USB_DEVICE/App/usbd_desc.o
                0x08009994                USBD_FS_SerialStrDescriptor
 .text.USBD_FS_ManufacturerStrDescriptor
                0x080099d0       0x1c ./USB_DEVICE/App/usbd_desc.o
                0x080099d0                USBD_FS_ManufacturerStrDescriptor
 .text.USBD_FS_ProductStrDescriptor
                0x080099ec       0x1c ./USB_DEVICE/App/usbd_desc.o
                0x080099ec                USBD_FS_ProductStrDescriptor
 .text.USBD_FS_ConfigStrDescriptor
                0x08009a08       0x1c ./USB_DEVICE/App/usbd_desc.o
                0x08009a08                USBD_FS_ConfigStrDescriptor
 .text.USBD_FS_InterfaceStrDescriptor
                0x08009a24       0x1c ./USB_DEVICE/App/usbd_desc.o
                0x08009a24                USBD_FS_InterfaceStrDescriptor
 .text.HAL_PCD_MspInit
                0x08009a40       0x84 ./USB_DEVICE/Target/usbd_conf.o
                0x08009a40                HAL_PCD_MspInit
 .text.HAL_PCD_SetupStageCallback
                0x08009ac4        0xc ./USB_DEVICE/Target/usbd_conf.o
                0x08009ac4                HAL_PCD_SetupStageCallback
 .text.HAL_PCD_DataOutStageCallback
                0x08009ad0       0x12 ./USB_DEVICE/Target/usbd_conf.o
                0x08009ad0                HAL_PCD_DataOutStageCallback
 .text.HAL_PCD_DataInStageCallback
                0x08009ae2       0x10 ./USB_DEVICE/Target/usbd_conf.o
                0x08009ae2                HAL_PCD_DataInStageCallback
 .text.HAL_PCD_SOFCallback
                0x08009af2        0x8 ./USB_DEVICE/Target/usbd_conf.o
                0x08009af2                HAL_PCD_SOFCallback
 .text.HAL_PCD_ResetCallback
                0x08009afa       0x26 ./USB_DEVICE/Target/usbd_conf.o
                0x08009afa                HAL_PCD_ResetCallback
 .text.HAL_PCD_SuspendCallback
                0x08009b20       0x30 ./USB_DEVICE/Target/usbd_conf.o
                0x08009b20                HAL_PCD_SuspendCallback
 .text.HAL_PCD_ResumeCallback
                0x08009b50        0x8 ./USB_DEVICE/Target/usbd_conf.o
                0x08009b50                HAL_PCD_ResumeCallback
 .text.HAL_PCD_ISOOUTIncompleteCallback
                0x08009b58        0x8 ./USB_DEVICE/Target/usbd_conf.o
                0x08009b58                HAL_PCD_ISOOUTIncompleteCallback
 .text.HAL_PCD_ISOINIncompleteCallback
                0x08009b60        0x8 ./USB_DEVICE/Target/usbd_conf.o
                0x08009b60                HAL_PCD_ISOINIncompleteCallback
 .text.HAL_PCD_ConnectCallback
                0x08009b68        0x8 ./USB_DEVICE/Target/usbd_conf.o
                0x08009b68                HAL_PCD_ConnectCallback
 .text.HAL_PCD_DisconnectCallback
                0x08009b70        0x8 ./USB_DEVICE/Target/usbd_conf.o
                0x08009b70                HAL_PCD_DisconnectCallback
 .text.USBD_LL_Init
                0x08009b78       0x5c ./USB_DEVICE/Target/usbd_conf.o
                0x08009b78                USBD_LL_Init
 .text.USBD_LL_IsStallEP
                0x08009bd4       0x24 ./USB_DEVICE/Target/usbd_conf.o
                0x08009bd4                USBD_LL_IsStallEP
 .text.USBD_LL_GetRxDataSize
                0x08009bf8        0x8 ./USB_DEVICE/Target/usbd_conf.o
                0x08009bf8                USBD_LL_GetRxDataSize
 .text.USBD_static_malloc
                0x08009c00        0x8 ./USB_DEVICE/Target/usbd_conf.o
                0x08009c00                USBD_static_malloc
 .text.USBD_static_free
                0x08009c08        0x2 ./USB_DEVICE/Target/usbd_conf.o
                0x08009c08                USBD_static_free
 .text.USBD_Get_USB_Status
                0x08009c0a        0xc ./USB_DEVICE/Target/usbd_conf.o
                0x08009c0a                USBD_Get_USB_Status
 .text.USBD_LL_Start
                0x08009c16       0x12 ./USB_DEVICE/Target/usbd_conf.o
                0x08009c16                USBD_LL_Start
 .text.USBD_LL_OpenEP
                0x08009c28       0x18 ./USB_DEVICE/Target/usbd_conf.o
                0x08009c28                USBD_LL_OpenEP
 .text.USBD_LL_CloseEP
                0x08009c40       0x12 ./USB_DEVICE/Target/usbd_conf.o
                0x08009c40                USBD_LL_CloseEP
 .text.USBD_LL_StallEP
                0x08009c52       0x12 ./USB_DEVICE/Target/usbd_conf.o
                0x08009c52                USBD_LL_StallEP
 .text.USBD_LL_ClearStallEP
                0x08009c64       0x12 ./USB_DEVICE/Target/usbd_conf.o
                0x08009c64                USBD_LL_ClearStallEP
 .text.USBD_LL_SetUSBAddress
                0x08009c76       0x12 ./USB_DEVICE/Target/usbd_conf.o
                0x08009c76                USBD_LL_SetUSBAddress
 .text.USBD_LL_Transmit
                0x08009c88       0x12 ./USB_DEVICE/Target/usbd_conf.o
                0x08009c88                USBD_LL_Transmit
 .text.USBD_LL_PrepareReceive
                0x08009c9a       0x12 ./USB_DEVICE/Target/usbd_conf.o
                0x08009c9a                USBD_LL_PrepareReceive
 .text.asin     0x08009cac       0x68 C:/ST/STM32CubeIDE_1.18.0/STM32CubeIDE/plugins/com.st.stm32cube.ide.mcu.externaltools.gnu-tools-for-stm32.13.3.rel1.win32_1.0.0.202411081344/tools/bin/../lib/gcc/arm-none-eabi/13.3.1/../../../../arm-none-eabi/lib/thumb/v7e-m+fp/hard\libm.a(libm_a-w_asin.o)
                0x08009cac                asin
 .text.atan2    0x08009d14        0x4 C:/ST/STM32CubeIDE_1.18.0/STM32CubeIDE/plugins/com.st.stm32cube.ide.mcu.externaltools.gnu-tools-for-stm32.13.3.rel1.win32_1.0.0.202411081344/tools/bin/../lib/gcc/arm-none-eabi/13.3.1/../../../../arm-none-eabi/lib/thumb/v7e-m+fp/hard\libm.a(libm_a-w_atan2.o)
                0x08009d14                atan2
 .text.sqrt     0x08009d18       0x58 C:/ST/STM32CubeIDE_1.18.0/STM32CubeIDE/plugins/com.st.stm32cube.ide.mcu.externaltools.gnu-tools-for-stm32.13.3.rel1.win32_1.0.0.202411081344/tools/bin/../lib/gcc/arm-none-eabi/13.3.1/../../../../arm-none-eabi/lib/thumb/v7e-m+fp/hard\libm.a(libm_a-w_sqrt.o)
                0x08009d18                sqrt
 .text.cos      0x08009d70       0xa8 C:/ST/STM32CubeIDE_1.18.0/STM32CubeIDE/plugins/com.st.stm32cube.ide.mcu.externaltools.gnu-tools-for-stm32.13.3.rel1.win32_1.0.0.202411081344/tools/bin/../lib/gcc/arm-none-eabi/13.3.1/../../../../arm-none-eabi/lib/thumb/v7e-m+fp/hard\libm.a(libm_a-s_cos.o)
                0x08009d70                cos
 .text.fabs     0x08009e18       0x10 C:/ST/STM32CubeIDE_1.18.0/STM32CubeIDE/plugins/com.st.stm32cube.ide.mcu.externaltools.gnu-tools-for-stm32.13.3.rel1.win32_1.0.0.202411081344/tools/bin/../lib/gcc/arm-none-eabi/13.3.1/../../../../arm-none-eabi/lib/thumb/v7e-m+fp/hard\libm.a(libm_a-s_fabs.o)
                0x08009e18                fabs
 .text.sin      0x08009e28       0xa8 C:/ST/STM32CubeIDE_1.18.0/STM32CubeIDE/plugins/com.st.stm32cube.ide.mcu.externaltools.gnu-tools-for-stm32.13.3.rel1.win32_1.0.0.202411081344/tools/bin/../lib/gcc/arm-none-eabi/13.3.1/../../../../arm-none-eabi/lib/thumb/v7e-m+fp/hard\libm.a(libm_a-s_sin.o)
                0x08009e28                sin
 .text.acosf    0x08009ed0       0x58 C:/ST/STM32CubeIDE_1.18.0/STM32CubeIDE/plugins/com.st.stm32cube.ide.mcu.externaltools.gnu-tools-for-stm32.13.3.rel1.win32_1.0.0.202411081344/tools/bin/../lib/gcc/arm-none-eabi/13.3.1/../../../../arm-none-eabi/lib/thumb/v7e-m+fp/hard\libm.a(libm_a-wf_acos.o)
                0x08009ed0                acosf
 .text.sqrtf    0x08009f28       0x3c C:/ST/STM32CubeIDE_1.18.0/STM32CubeIDE/plugins/com.st.stm32cube.ide.mcu.externaltools.gnu-tools-for-stm32.13.3.rel1.win32_1.0.0.202411081344/tools/bin/../lib/gcc/arm-none-eabi/13.3.1/../../../../arm-none-eabi/lib/thumb/v7e-m+fp/hard\libm.a(libm_a-wf_sqrt.o)
                0x08009f28                sqrtf
 .text.cosf     0x08009f64       0x88 C:/ST/STM32CubeIDE_1.18.0/STM32CubeIDE/plugins/com.st.stm32cube.ide.mcu.externaltools.gnu-tools-for-stm32.13.3.rel1.win32_1.0.0.202411081344/tools/bin/../lib/gcc/arm-none-eabi/13.3.1/../../../../arm-none-eabi/lib/thumb/v7e-m+fp/hard\libm.a(libm_a-sf_cos.o)
                0x08009f64                cosf
 .text.fabsf    0x08009fec        0xe C:/ST/STM32CubeIDE_1.18.0/STM32CubeIDE/plugins/com.st.stm32cube.ide.mcu.externaltools.gnu-tools-for-stm32.13.3.rel1.win32_1.0.0.202411081344/tools/bin/../lib/gcc/arm-none-eabi/13.3.1/../../../../arm-none-eabi/lib/thumb/v7e-m+fp/hard\libm.a(libm_a-sf_fabs.o)
                0x08009fec                fabsf
 *fill*         0x08009ffa        0x2 
 .text.sinf     0x08009ffc       0x8c C:/ST/STM32CubeIDE_1.18.0/STM32CubeIDE/plugins/com.st.stm32cube.ide.mcu.externaltools.gnu-tools-for-stm32.13.3.rel1.win32_1.0.0.202411081344/tools/bin/../lib/gcc/arm-none-eabi/13.3.1/../../../../arm-none-eabi/lib/thumb/v7e-m+fp/hard\libm.a(libm_a-sf_sin.o)
                0x08009ffc                sinf
 .text.nan      0x0800a088       0x10 C:/ST/STM32CubeIDE_1.18.0/STM32CubeIDE/plugins/com.st.stm32cube.ide.mcu.externaltools.gnu-tools-for-stm32.13.3.rel1.win32_1.0.0.202411081344/tools/bin/../lib/gcc/arm-none-eabi/13.3.1/../../../../arm-none-eabi/lib/thumb/v7e-m+fp/hard\libm.a(libm_a-s_nan.o)
                0x0800a088                nan
 .text.nanf     0x0800a098        0xc C:/ST/STM32CubeIDE_1.18.0/STM32CubeIDE/plugins/com.st.stm32cube.ide.mcu.externaltools.gnu-tools-for-stm32.13.3.rel1.win32_1.0.0.202411081344/tools/bin/../lib/gcc/arm-none-eabi/13.3.1/../../../../arm-none-eabi/lib/thumb/v7e-m+fp/hard\libm.a(libm_a-sf_nan.o)
                0x0800a098                nanf
 .text.lrintf   0x0800a0a4       0x80 C:/ST/STM32CubeIDE_1.18.0/STM32CubeIDE/plugins/com.st.stm32cube.ide.mcu.externaltools.gnu-tools-for-stm32.13.3.rel1.win32_1.0.0.202411081344/tools/bin/../lib/gcc/arm-none-eabi/13.3.1/../../../../arm-none-eabi/lib/thumb/v7e-m+fp/hard\libm.a(libm_a-sf_lrint.o)
                0x0800a0a4                lrintf
 .text.__ieee754_sqrt
                0x0800a124      0x1ac C:/ST/STM32CubeIDE_1.18.0/STM32CubeIDE/plugins/com.st.stm32cube.ide.mcu.externaltools.gnu-tools-for-stm32.13.3.rel1.win32_1.0.0.202411081344/tools/bin/../lib/gcc/arm-none-eabi/13.3.1/../../../../arm-none-eabi/lib/thumb/v7e-m+fp/hard\libm.a(libm_a-e_sqrt.o)
                0x0800a124                __ieee754_sqrt
 .text.__ieee754_sqrtf
                0x0800a2d0        0x6 C:/ST/STM32CubeIDE_1.18.0/STM32CubeIDE/plugins/com.st.stm32cube.ide.mcu.externaltools.gnu-tools-for-stm32.13.3.rel1.win32_1.0.0.202411081344/tools/bin/../lib/gcc/arm-none-eabi/13.3.1/../../../../arm-none-eabi/lib/thumb/v7e-m+fp/hard\libm.a(libm_a-ef_sqrt.o)
                0x0800a2d0                __ieee754_sqrtf
 *fill*         0x0800a2d6        0x2 
 .text.__kernel_cos
                0x0800a2d8      0x18c C:/ST/STM32CubeIDE_1.18.0/STM32CubeIDE/plugins/com.st.stm32cube.ide.mcu.externaltools.gnu-tools-for-stm32.13.3.rel1.win32_1.0.0.202411081344/tools/bin/../lib/gcc/arm-none-eabi/13.3.1/../../../../arm-none-eabi/lib/thumb/v7e-m+fp/hard\libm.a(libm_a-k_cos.o)
                0x0800a2d8                __kernel_cos
 *fill*         0x0800a464        0x4 
 .text.__kernel_sin
                0x0800a468      0x174 C:/ST/STM32CubeIDE_1.18.0/STM32CubeIDE/plugins/com.st.stm32cube.ide.mcu.externaltools.gnu-tools-for-stm32.13.3.rel1.win32_1.0.0.202411081344/tools/bin/../lib/gcc/arm-none-eabi/13.3.1/../../../../arm-none-eabi/lib/thumb/v7e-m+fp/hard\libm.a(libm_a-k_sin.o)
                0x0800a468                __kernel_sin
 *fill*         0x0800a5dc        0x4 
 .text.__ieee754_asin
                0x0800a5e0      0x408 C:/ST/STM32CubeIDE_1.18.0/STM32CubeIDE/plugins/com.st.stm32cube.ide.mcu.externaltools.gnu-tools-for-stm32.13.3.rel1.win32_1.0.0.202411081344/tools/bin/../lib/gcc/arm-none-eabi/13.3.1/../../../../arm-none-eabi/lib/thumb/v7e-m+fp/hard\libm.a(libm_a-e_asin.o)
                0x0800a5e0                __ieee754_asin
 .text.__ieee754_atan2
                0x0800a9e8      0x18c C:/ST/STM32CubeIDE_1.18.0/STM32CubeIDE/plugins/com.st.stm32cube.ide.mcu.externaltools.gnu-tools-for-stm32.13.3.rel1.win32_1.0.0.202411081344/tools/bin/../lib/gcc/arm-none-eabi/13.3.1/../../../../arm-none-eabi/lib/thumb/v7e-m+fp/hard\libm.a(libm_a-e_atan2.o)
                0x0800a9e8                __ieee754_atan2
 *fill*         0x0800ab74        0x4 
 .text.__ieee754_rem_pio2
                0x0800ab78      0x3f8 C:/ST/STM32CubeIDE_1.18.0/STM32CubeIDE/plugins/com.st.stm32cube.ide.mcu.externaltools.gnu-tools-for-stm32.13.3.rel1.win32_1.0.0.202411081344/tools/bin/../lib/gcc/arm-none-eabi/13.3.1/../../../../arm-none-eabi/lib/thumb/v7e-m+fp/hard\libm.a(libm_a-e_rem_pio2.o)
                0x0800ab78                __ieee754_rem_pio2
 .text.atan     0x0800af70      0x330 C:/ST/STM32CubeIDE_1.18.0/STM32CubeIDE/plugins/com.st.stm32cube.ide.mcu.externaltools.gnu-tools-for-stm32.13.3.rel1.win32_1.0.0.202411081344/tools/bin/../lib/gcc/arm-none-eabi/13.3.1/../../../../arm-none-eabi/lib/thumb/v7e-m+fp/hard\libm.a(libm_a-s_atan.o)
                0x0800af70                atan
 .text.__kernel_cosf
                0x0800b2a0       0xb0 C:/ST/STM32CubeIDE_1.18.0/STM32CubeIDE/plugins/com.st.stm32cube.ide.mcu.externaltools.gnu-tools-for-stm32.13.3.rel1.win32_1.0.0.202411081344/tools/bin/../lib/gcc/arm-none-eabi/13.3.1/../../../../arm-none-eabi/lib/thumb/v7e-m+fp/hard\libm.a(libm_a-kf_cos.o)
                0x0800b2a0                __kernel_cosf
 .text.__kernel_sinf
                0x0800b350       0x90 C:/ST/STM32CubeIDE_1.18.0/STM32CubeIDE/plugins/com.st.stm32cube.ide.mcu.externaltools.gnu-tools-for-stm32.13.3.rel1.win32_1.0.0.202411081344/tools/bin/../lib/gcc/arm-none-eabi/13.3.1/../../../../arm-none-eabi/lib/thumb/v7e-m+fp/hard\libm.a(libm_a-kf_sin.o)
                0x0800b350                __kernel_sinf
 .text.__ieee754_acosf
                0x0800b3e0      0x1ec C:/ST/STM32CubeIDE_1.18.0/STM32CubeIDE/plugins/com.st.stm32cube.ide.mcu.externaltools.gnu-tools-for-stm32.13.3.rel1.win32_1.0.0.202411081344/tools/bin/../lib/gcc/arm-none-eabi/13.3.1/../../../../arm-none-eabi/lib/thumb/v7e-m+fp/hard\libm.a(libm_a-ef_acos.o)
                0x0800b3e0                __ieee754_acosf
 .text.__ieee754_rem_pio2f
                0x0800b5cc      0x260 C:/ST/STM32CubeIDE_1.18.0/STM32CubeIDE/plugins/com.st.stm32cube.ide.mcu.externaltools.gnu-tools-for-stm32.13.3.rel1.win32_1.0.0.202411081344/tools/bin/../lib/gcc/arm-none-eabi/13.3.1/../../../../arm-none-eabi/lib/thumb/v7e-m+fp/hard\libm.a(libm_a-ef_rem_pio2.o)
                0x0800b5cc                __ieee754_rem_pio2f
 *fill*         0x0800b82c        0x4 
 .text.__kernel_rem_pio2
                0x0800b830      0x6a0 C:/ST/STM32CubeIDE_1.18.0/STM32CubeIDE/plugins/com.st.stm32cube.ide.mcu.externaltools.gnu-tools-for-stm32.13.3.rel1.win32_1.0.0.202411081344/tools/bin/../lib/gcc/arm-none-eabi/13.3.1/../../../../arm-none-eabi/lib/thumb/v7e-m+fp/hard\libm.a(libm_a-k_rem_pio2.o)
                0x0800b830                __kernel_rem_pio2
 .text.__kernel_rem_pio2f
                0x0800bed0      0x4d0 C:/ST/STM32CubeIDE_1.18.0/STM32CubeIDE/plugins/com.st.stm32cube.ide.mcu.externaltools.gnu-tools-for-stm32.13.3.rel1.win32_1.0.0.202411081344/tools/bin/../lib/gcc/arm-none-eabi/13.3.1/../../../../arm-none-eabi/lib/thumb/v7e-m+fp/hard\libm.a(libm_a-kf_rem_pio2.o)
                0x0800bed0                __kernel_rem_pio2f
 .text.scalbn   0x0800c3a0       0xf4 C:/ST/STM32CubeIDE_1.18.0/STM32CubeIDE/plugins/com.st.stm32cube.ide.mcu.externaltools.gnu-tools-for-stm32.13.3.rel1.win32_1.0.0.202411081344/tools/bin/../lib/gcc/arm-none-eabi/13.3.1/../../../../arm-none-eabi/lib/thumb/v7e-m+fp/hard\libm.a(libm_a-s_scalbn.o)
                0x0800c3a0                scalbn
 .text.scalbnf  0x0800c494       0xcc C:/ST/STM32CubeIDE_1.18.0/STM32CubeIDE/plugins/com.st.stm32cube.ide.mcu.externaltools.gnu-tools-for-stm32.13.3.rel1.win32_1.0.0.202411081344/tools/bin/../lib/gcc/arm-none-eabi/13.3.1/../../../../arm-none-eabi/lib/thumb/v7e-m+fp/hard\libm.a(libm_a-sf_scalbn.o)
                0x0800c494                scalbnf
 .text.floor    0x0800c560       0xf8 C:/ST/STM32CubeIDE_1.18.0/STM32CubeIDE/plugins/com.st.stm32cube.ide.mcu.externaltools.gnu-tools-for-stm32.13.3.rel1.win32_1.0.0.202411081344/tools/bin/../lib/gcc/arm-none-eabi/13.3.1/../../../../arm-none-eabi/lib/thumb/v7e-m+fp/hard\libm.a(libm_a-s_floor.o)
                0x0800c560                floor
 .text.floorf   0x0800c658       0x88 C:/ST/STM32CubeIDE_1.18.0/STM32CubeIDE/plugins/com.st.stm32cube.ide.mcu.externaltools.gnu-tools-for-stm32.13.3.rel1.win32_1.0.0.202411081344/tools/bin/../lib/gcc/arm-none-eabi/13.3.1/../../../../arm-none-eabi/lib/thumb/v7e-m+fp/hard\libm.a(libm_a-sf_floor.o)
                0x0800c658                floorf
 .text.__sfputc_r
                0x0800c6e0       0x2e C:/ST/STM32CubeIDE_1.18.0/STM32CubeIDE/plugins/com.st.stm32cube.ide.mcu.externaltools.gnu-tools-for-stm32.13.3.rel1.win32_1.0.0.202411081344/tools/bin/../lib/gcc/arm-none-eabi/13.3.1/../../../../arm-none-eabi/lib/thumb/v7e-m+fp/hard\libc_nano.a(libc_a-nano-vfprintf.o)
 .text.__sfputs_r
                0x0800c70e       0x24 C:/ST/STM32CubeIDE_1.18.0/STM32CubeIDE/plugins/com.st.stm32cube.ide.mcu.externaltools.gnu-tools-for-stm32.13.3.rel1.win32_1.0.0.202411081344/tools/bin/../lib/gcc/arm-none-eabi/13.3.1/../../../../arm-none-eabi/lib/thumb/v7e-m+fp/hard\libc_nano.a(libc_a-nano-vfprintf.o)
                0x0800c70e                __sfputs_r
 *fill*         0x0800c732        0x2 
 .text._vfprintf_r
                0x0800c734      0x230 C:/ST/STM32CubeIDE_1.18.0/STM32CubeIDE/plugins/com.st.stm32cube.ide.mcu.externaltools.gnu-tools-for-stm32.13.3.rel1.win32_1.0.0.202411081344/tools/bin/../lib/gcc/arm-none-eabi/13.3.1/../../../../arm-none-eabi/lib/thumb/v7e-m+fp/hard\libc_nano.a(libc_a-nano-vfprintf.o)
                0x0800c734                _vfprintf_r
                0x0800c734                _vfiprintf_r
 .text.vfprintf
                0x0800c964       0x14 C:/ST/STM32CubeIDE_1.18.0/STM32CubeIDE/plugins/com.st.stm32cube.ide.mcu.externaltools.gnu-tools-for-stm32.13.3.rel1.win32_1.0.0.202411081344/tools/bin/../lib/gcc/arm-none-eabi/13.3.1/../../../../arm-none-eabi/lib/thumb/v7e-m+fp/hard\libc_nano.a(libc_a-nano-vfprintf.o)
                0x0800c964                vfprintf
                0x0800c964                vfiprintf
 .text._printf_common
                0x0800c978       0xda C:/ST/STM32CubeIDE_1.18.0/STM32CubeIDE/plugins/com.st.stm32cube.ide.mcu.externaltools.gnu-tools-for-stm32.13.3.rel1.win32_1.0.0.202411081344/tools/bin/../lib/gcc/arm-none-eabi/13.3.1/../../../../arm-none-eabi/lib/thumb/v7e-m+fp/hard\libc_nano.a(libc_a-nano-vfprintf_i.o)
                0x0800c978                _printf_common
 *fill*         0x0800ca52        0x2 
 .text._printf_i
                0x0800ca54      0x23c C:/ST/STM32CubeIDE_1.18.0/STM32CubeIDE/plugins/com.st.stm32cube.ide.mcu.externaltools.gnu-tools-for-stm32.13.3.rel1.win32_1.0.0.202411081344/tools/bin/../lib/gcc/arm-none-eabi/13.3.1/../../../../arm-none-eabi/lib/thumb/v7e-m+fp/hard\libc_nano.a(libc_a-nano-vfprintf_i.o)
                0x0800ca54                _printf_i
 .text.std      0x0800cc90       0x6c C:/ST/STM32CubeIDE_1.18.0/STM32CubeIDE/plugins/com.st.stm32cube.ide.mcu.externaltools.gnu-tools-for-stm32.13.3.rel1.win32_1.0.0.202411081344/tools/bin/../lib/gcc/arm-none-eabi/13.3.1/../../../../arm-none-eabi/lib/thumb/v7e-m+fp/hard\libc_nano.a(libc_a-findfp.o)
 .text.stdio_exit_handler
                0x0800ccfc       0x18 C:/ST/STM32CubeIDE_1.18.0/STM32CubeIDE/plugins/com.st.stm32cube.ide.mcu.externaltools.gnu-tools-for-stm32.13.3.rel1.win32_1.0.0.202411081344/tools/bin/../lib/gcc/arm-none-eabi/13.3.1/../../../../arm-none-eabi/lib/thumb/v7e-m+fp/hard\libc_nano.a(libc_a-findfp.o)
 .text.cleanup_stdio
                0x0800cd14       0x40 C:/ST/STM32CubeIDE_1.18.0/STM32CubeIDE/plugins/com.st.stm32cube.ide.mcu.externaltools.gnu-tools-for-stm32.13.3.rel1.win32_1.0.0.202411081344/tools/bin/../lib/gcc/arm-none-eabi/13.3.1/../../../../arm-none-eabi/lib/thumb/v7e-m+fp/hard\libc_nano.a(libc_a-findfp.o)
 .text.global_stdio_init.part.0
                0x0800cd54       0x3c C:/ST/STM32CubeIDE_1.18.0/STM32CubeIDE/plugins/com.st.stm32cube.ide.mcu.externaltools.gnu-tools-for-stm32.13.3.rel1.win32_1.0.0.202411081344/tools/bin/../lib/gcc/arm-none-eabi/13.3.1/../../../../arm-none-eabi/lib/thumb/v7e-m+fp/hard\libc_nano.a(libc_a-findfp.o)
 .text.__sfp_lock_acquire
                0x0800cd90        0xc C:/ST/STM32CubeIDE_1.18.0/STM32CubeIDE/plugins/com.st.stm32cube.ide.mcu.externaltools.gnu-tools-for-stm32.13.3.rel1.win32_1.0.0.202411081344/tools/bin/../lib/gcc/arm-none-eabi/13.3.1/../../../../arm-none-eabi/lib/thumb/v7e-m+fp/hard\libc_nano.a(libc_a-findfp.o)
                0x0800cd90                __sfp_lock_acquire
 .text.__sfp_lock_release
                0x0800cd9c        0xc C:/ST/STM32CubeIDE_1.18.0/STM32CubeIDE/plugins/com.st.stm32cube.ide.mcu.externaltools.gnu-tools-for-stm32.13.3.rel1.win32_1.0.0.202411081344/tools/bin/../lib/gcc/arm-none-eabi/13.3.1/../../../../arm-none-eabi/lib/thumb/v7e-m+fp/hard\libc_nano.a(libc_a-findfp.o)
                0x0800cd9c                __sfp_lock_release