../Core/Lib/flight_controller_libs/cli.c:44:6:params_load_defaults	8	static
../Core/Lib/flight_controller_libs/cli.c:56:6:params_lock	4	static
../Core/Lib/flight_controller_libs/cli.c:57:6:params_unlock	4	static
../Core/Lib/flight_controller_libs/cli.c:60:21:fclamp	24	static
../Core/Lib/flight_controller_libs/cli.c:61:23:iclamp	24	static
../Core/Lib/flight_controller_libs/cli.c:63:22:find_param	24	static
../Core/Lib/flight_controller_libs/cli.c:70:6:params_set_f	32	static
../Core/Lib/flight_controller_libs/cli.c:78:6:params_set_i	32	static
../Core/Lib/flight_controller_libs/cli.c:86:6:params_set_b	24	static
../Core/Lib/flight_controller_libs/cli.c:94:6:params_get_str	32	static
../Core/Lib/flight_controller_libs/cli.c:108:28:storage_save_blob	24	static
../Core/Lib/flight_controller_libs/cli.c:109:28:storage_load_blob	24	static
../Core/Lib/flight_controller_libs/cli.c:111:17:crc32	40	static
../Core/Lib/flight_controller_libs/cli.c:134:6:params_save_to_flash	112	static
../Core/Lib/flight_controller_libs/cli.c:142:6:params_load_from_flash	120	static
../Core/Lib/flight_controller_libs/cli.c:160:12:tokenize	32	static
../Core/Lib/flight_controller_libs/cli.c:179:13:print_param	64	static
../Core/Lib/flight_controller_libs/cli.c:214:13:prompt	8	static
../Core/Lib/flight_controller_libs/cli.c:216:6:cli_init	8	static
../Core/Lib/flight_controller_libs/cli.c:222:6:cli_try_autoload	8	static
../Core/Lib/flight_controller_libs/cli.c:230:13:exec_line	56	static
../Core/Lib/flight_controller_libs/cli.c:243:6:cli_feed	24	static
../Core/Lib/flight_controller_libs/cli.c:265:13:cmd_help	24	static
../Core/Lib/flight_controller_libs/cli.c:282:13:cmd_list	32	static
../Core/Lib/flight_controller_libs/cli.c:290:13:cmd_get	24	static
../Core/Lib/flight_controller_libs/cli.c:297:13:cmd_set	48	static
../Core/Lib/flight_controller_libs/cli.c:326:13:cmd_dump	32	static
../Core/Lib/flight_controller_libs/cli.c:342:13:cmd_defaults	16	static
../Core/Lib/flight_controller_libs/cli.c:348:13:cmd_save	16	static
../Core/Lib/flight_controller_libs/cli.c:354:13:cmd_load	16	static
../Core/Lib/flight_controller_libs/cli.c:361:28:cli_do_reboot	4	static
../Core/Lib/flight_controller_libs/cli.c:363:13:cmd_reboot	16	static
../Core/Lib/flight_controller_libs/cli.c:369:13:cmd_info	16	static
