../Core/Lib/flight_controller_libs/flight_control_loop.c:34:6:flight_control_loop_arm_esc	16	static
../Core/Lib/flight_controller_libs/flight_control_loop.c:44:6:flight_control_loop_disarm_esc	16	static
../Core/Lib/flight_controller_libs/flight_control_loop.c:54:5:flight_control_loop_are_esc_armed	24	static
../Core/Lib/flight_controller_libs/flight_control_loop.c:66:6:flight_control_loop_set_gyro_hook	24	static
../Core/Lib/flight_controller_libs/flight_control_loop.c:71:6:flight_control_loop_set_accel_hook	24	static
../Core/Lib/flight_controller_libs/flight_control_loop.c:76:6:flight_control_loop_set_target_attitude_hook	24	static
../Core/Lib/flight_controller_libs/flight_control_loop.c:81:6:flight_control_loop_set_target_throttle_hook	24	static
../Core/Lib/flight_controller_libs/flight_control_loop.c:86:6:flight_control_loop_set_write_throttle_hook	24	static
../Core/Lib/flight_controller_libs/flight_control_loop.c:92:6:flight_control_loop_init	40	static
../Core/Lib/flight_controller_libs/flight_control_loop.c:201:6:flight_control_loop_tick	120	static
../Core/Lib/flight_controller_libs/flight_control_loop.c:322:6:flight_control_loop_update_rc_control	32	static
../Core/Lib/flight_controller_libs/flight_control_loop.c:345:6:rc_control_tick	32	static
../Core/Lib/flight_controller_libs/flight_control_loop.c:374:6:flight_control_loop_update_imu	40	static
../Core/Lib/flight_controller_libs/flight_control_loop.c:384:6:imu_tick	40	static
../Core/Lib/flight_controller_libs/flight_control_loop.c:403:6:flight_control_loop_get_motors_throttle	24	static
