../Core/Lib/flight_controller_libs/flight_control_loop.c:36:6:flight_control_loop_arm_esc	16	static
../Core/Lib/flight_controller_libs/flight_control_loop.c:46:6:flight_control_loop_disarm_esc	16	static
../Core/Lib/flight_controller_libs/flight_control_loop.c:56:5:flight_control_loop_are_esc_armed	24	static
../Core/Lib/flight_controller_libs/flight_control_loop.c:68:6:flight_control_loop_set_gyro_hook	24	static
../Core/Lib/flight_controller_libs/flight_control_loop.c:73:6:flight_control_loop_set_accel_hook	24	static
../Core/Lib/flight_controller_libs/flight_control_loop.c:78:6:flight_control_loop_set_target_attitude_hook	24	static
../Core/Lib/flight_controller_libs/flight_control_loop.c:83:6:flight_control_loop_set_target_throttle_hook	24	static
../Core/Lib/flight_controller_libs/flight_control_loop.c:88:6:flight_control_loop_set_write_throttle_hook	24	static
../Core/Lib/flight_controller_libs/flight_control_loop.c:94:6:flight_control_loop_init	40	static
../Core/Lib/flight_controller_libs/flight_control_loop.c:203:6:flight_control_loop_tick	120	static
../Core/Lib/flight_controller_libs/flight_control_loop.c:324:6:flight_control_loop_update_rc_control	32	static
../Core/Lib/flight_controller_libs/flight_control_loop.c:347:6:rc_control_tick	32	static
../Core/Lib/flight_controller_libs/flight_control_loop.c:376:6:flight_control_loop_update_imu	40	static
../Core/Lib/flight_controller_libs/flight_control_loop.c:386:6:imu_tick	40	static
../Core/Lib/flight_controller_libs/flight_control_loop.c:405:6:flight_control_loop_get_motors_throttle	24	static
