../Core/Lib/flight_controller_libs/fp_cli.c:36:9:rate_controller_roll_pid_set_fn	48	static
../Core/Lib/flight_controller_libs/fp_cli.c:71:9:rate_controller_roll_pid_set_info_fn	8	static
../Core/Lib/flight_controller_libs/fp_cli.c:76:9:rate_controller_roll_pid_get_fn	8	static
../Core/Lib/flight_controller_libs/fp_cli.c:94:9:rate_controller_pitch_pid_set_fn	48	static
../Core/Lib/flight_controller_libs/fp_cli.c:129:9:rate_controller_pitch_pid_set_info_fn	8	static
../Core/Lib/flight_controller_libs/fp_cli.c:134:9:rate_controller_pitch_pid_get_fn	8	static
../Core/Lib/flight_controller_libs/fp_cli.c:152:9:rate_controller_yaw_pid_set_fn	48	static
../Core/Lib/flight_controller_libs/fp_cli.c:187:9:rate_controller_yaw_pid_set_info_fn	8	static
../Core/Lib/flight_controller_libs/fp_cli.c:192:9:rate_controller_yaw_pid_get_fn	8	static
../Core/Lib/flight_controller_libs/fp_cli.c:210:9:attitude_controller_level_p_set_fn	32	static
../Core/Lib/flight_controller_libs/fp_cli.c:233:9:attitude_controller_level_p_set_info_fn	8	static
../Core/Lib/flight_controller_libs/fp_cli.c:238:9:attitude_controller_level_p_get_fn	8	static
../Core/Lib/flight_controller_libs/fp_cli.c:251:9:attitude_controller_max_angle_set_fn	32	static
../Core/Lib/flight_controller_libs/fp_cli.c:274:9:attitude_controller_max_angle_set_info_fn	8	static
../Core/Lib/flight_controller_libs/fp_cli.c:279:9:attitude_controller_max_angle_get_fn	8	static
../Core/Lib/flight_controller_libs/fp_cli.c:291:6:init_parameters_arr	16	static
../Core/Lib/flight_controller_libs/fp_cli.c:331:6:command_set_list	16	static
../Core/Lib/flight_controller_libs/fp_cli.c:339:6:command_get_list	16	static
../Core/Lib/flight_controller_libs/fp_cli.c:352:9:set_cmd_fn	32	static
../Core/Lib/flight_controller_libs/fp_cli.c:398:9:get_cmd_fn	32	static
../Core/Lib/flight_controller_libs/fp_cli.c:441:9:get_telemetry_cmd_fn	16	static
../Core/Lib/flight_controller_libs/fp_cli.c:445:6:output_fn	16	static
../Core/Lib/flight_controller_libs/fp_cli.c:450:6:fp_cli_example_minimal_init	8	static
