../Core/Lib/flight_controller_libs/fp_cli.c:65:9:rate_controller_roll_pid_set_fn	48	static
../Core/Lib/flight_controller_libs/fp_cli.c:100:9:rate_controller_roll_pid_set_info_fn	8	static
../Core/Lib/flight_controller_libs/fp_cli.c:106:9:rate_controller_roll_pid_get_fn	8	static
../Core/Lib/flight_controller_libs/fp_cli.c:125:9:rate_controller_pitch_pid_set_fn	48	static
../Core/Lib/flight_controller_libs/fp_cli.c:160:9:rate_controller_pitch_pid_set_info_fn	8	static
../Core/Lib/flight_controller_libs/fp_cli.c:166:9:rate_controller_pitch_pid_get_fn	8	static
../Core/Lib/flight_controller_libs/fp_cli.c:185:9:rate_controller_yaw_pid_set_fn	48	static
../Core/Lib/flight_controller_libs/fp_cli.c:220:9:rate_controller_yaw_pid_set_info_fn	8	static
../Core/Lib/flight_controller_libs/fp_cli.c:226:9:rate_controller_yaw_pid_get_fn	8	static
../Core/Lib/flight_controller_libs/fp_cli.c:245:9:attitude_controller_level_p_set_fn	32	static
../Core/Lib/flight_controller_libs/fp_cli.c:268:9:attitude_controller_level_p_set_info_fn	8	static
../Core/Lib/flight_controller_libs/fp_cli.c:274:9:attitude_controller_level_p_get_fn	8	static
../Core/Lib/flight_controller_libs/fp_cli.c:288:9:attitude_controller_max_angle_set_fn	32	static
../Core/Lib/flight_controller_libs/fp_cli.c:311:9:attitude_controller_max_angle_set_info_fn	8	static
../Core/Lib/flight_controller_libs/fp_cli.c:317:9:attitude_controller_max_angle_get_fn	8	static
../Core/Lib/flight_controller_libs/fp_cli.c:330:6:init_parameters_arr	16	static
../Core/Lib/flight_controller_libs/fp_cli.c:370:6:command_set_list	16	static
../Core/Lib/flight_controller_libs/fp_cli.c:378:6:command_get_list	16	static
../Core/Lib/flight_controller_libs/fp_cli.c:391:9:set_cmd_fn	32	static
../Core/Lib/flight_controller_libs/fp_cli.c:437:9:get_cmd_fn	32	static
../Core/Lib/flight_controller_libs/fp_cli.c:481:9:get_telemetry_cmd_fn	16	static
../Core/Lib/flight_controller_libs/fp_cli.c:493:9:get_telemetry_stop_cmd_fn	16	static
../Core/Lib/flight_controller_libs/fp_cli.c:498:6:output_fn	16	static
../Core/Lib/flight_controller_libs/fp_cli.c:503:6:fp_cli_example_minimal_init	8	static
