../Core/Lib/flight_controller_libs/fp_cli.c:65:9:rate_controller_roll_pid_set_fn	48	static
../Core/Lib/flight_controller_libs/fp_cli.c:100:9:rate_controller_roll_pid_set_info_fn	8	static
../Core/Lib/flight_controller_libs/fp_cli.c:105:9:rate_controller_roll_pid_get_fn	8	static
../Core/Lib/flight_controller_libs/fp_cli.c:123:9:rate_controller_pitch_pid_set_fn	48	static
../Core/Lib/flight_controller_libs/fp_cli.c:158:9:rate_controller_pitch_pid_set_info_fn	8	static
../Core/Lib/flight_controller_libs/fp_cli.c:163:9:rate_controller_pitch_pid_get_fn	8	static
../Core/Lib/flight_controller_libs/fp_cli.c:181:9:rate_controller_yaw_pid_set_fn	48	static
../Core/Lib/flight_controller_libs/fp_cli.c:216:9:rate_controller_yaw_pid_set_info_fn	8	static
../Core/Lib/flight_controller_libs/fp_cli.c:221:9:rate_controller_yaw_pid_get_fn	8	static
../Core/Lib/flight_controller_libs/fp_cli.c:239:9:attitude_controller_level_p_set_fn	32	static
../Core/Lib/flight_controller_libs/fp_cli.c:262:9:attitude_controller_level_p_set_info_fn	8	static
../Core/Lib/flight_controller_libs/fp_cli.c:267:9:attitude_controller_level_p_get_fn	8	static
../Core/Lib/flight_controller_libs/fp_cli.c:280:9:attitude_controller_max_angle_set_fn	32	static
../Core/Lib/flight_controller_libs/fp_cli.c:303:9:attitude_controller_max_angle_set_info_fn	8	static
../Core/Lib/flight_controller_libs/fp_cli.c:308:9:attitude_controller_max_angle_get_fn	8	static
../Core/Lib/flight_controller_libs/fp_cli.c:320:6:init_parameters_arr	16	static
../Core/Lib/flight_controller_libs/fp_cli.c:360:6:command_set_list	16	static
../Core/Lib/flight_controller_libs/fp_cli.c:368:6:command_get_list	16	static
../Core/Lib/flight_controller_libs/fp_cli.c:381:9:set_cmd_fn	32	static
../Core/Lib/flight_controller_libs/fp_cli.c:427:9:get_cmd_fn	32	static
../Core/Lib/flight_controller_libs/fp_cli.c:471:9:get_telemetry_cmd_fn	16	static
../Core/Lib/flight_controller_libs/fp_cli.c:483:9:get_telemetry_stop_cmd_fn	16	static
../Core/Lib/flight_controller_libs/fp_cli.c:488:6:output_fn	16	static
../Core/Lib/flight_controller_libs/fp_cli.c:493:6:fp_cli_example_minimal_init	8	static
