../Core/Lib/flight_controller_libs/geometry2D.c:32:9:xAxisABC	48	static
../Core/Lib/flight_controller_libs/geometry2D.c:40:9:yAxisABC	48	static
../Core/Lib/flight_controller_libs/geometry2D.c:48:5:isValidLineABC	24	static
../Core/Lib/flight_controller_libs/geometry2D.c:56:9:LineAbcSubtraction	72	static
../Core/Lib/flight_controller_libs/geometry2D.c:68:9:polyval	64	static
../Core/Lib/flight_controller_libs/geometry2D.c:82:5:floatCmp	16	static
../Core/Lib/flight_controller_libs/geometry2D.c:92:5:arePoints2DEqual	24	static
../Core/Lib/flight_controller_libs/geometry2D.c:162:5:gaussianElimination3	56	static
../Core/Lib/flight_controller_libs/geometry2D.c:224:5:gaussianElimination2	56	static
../Core/Lib/flight_controller_libs/geometry2D.c:279:5:gaussianElimination8	48	static
../Core/Lib/flight_controller_libs/geometry2D.c:336:13:points2parabola_3	136	static
../Core/Lib/flight_controller_libs/geometry2D.c:357:5:isValidParabola	24	static
../Core/Lib/flight_controller_libs/geometry2D.c:366:9:parabolaVertex	56	static
../Core/Lib/flight_controller_libs/geometry2D.c:377:9:midPoint	48	static
../Core/Lib/flight_controller_libs/geometry2D.c:384:8:perpendicularToLinePassingThroughPointMQ	48	static
../Core/Lib/flight_controller_libs/geometry2D.c:394:9:mirrorImageABC	64	static
../Core/Lib/flight_controller_libs/geometry2D.c:406:9:normalizeLineABC2MQ	56	static
../Core/Lib/flight_controller_libs/geometry2D.c:423:7:distanceBwParallelLinesABC	48	static
../Core/Lib/flight_controller_libs/geometry2D.c:433:5:arePerpenticularABC	32	static
../Core/Lib/flight_controller_libs/geometry2D.c:445:5:areParallelABC	32	static
../Core/Lib/flight_controller_libs/geometry2D.c:461:9:parallelLineAtDistanceABC	80	static
../Core/Lib/flight_controller_libs/geometry2D.c:513:5:isLineParallelToXaxisABC	24	static
../Core/Lib/flight_controller_libs/geometry2D.c:524:5:isLineParallelToYaxisABC	24	static
../Core/Lib/flight_controller_libs/geometry2D.c:534:7:angleBetweenLinesMQ	32	static
../Core/Lib/flight_controller_libs/geometry2D.c:546:6:bisectorsOfTwoLinesABC	104	static
../Core/Lib/flight_controller_libs/geometry2D.c:623:8:points2lineMQ	48	static
../Core/Lib/flight_controller_libs/geometry2D.c:630:9:lineMQ2ABC	56	static
../Core/Lib/flight_controller_libs/geometry2D.c:638:8:lineABC2MQ	48	static
../Core/Lib/flight_controller_libs/geometry2D.c:646:9:perpendicularToLinePassingThroughPointABC	80	static
../Core/Lib/flight_controller_libs/geometry2D.c:671:9:rotateLineAroundPoint	96	static
../Core/Lib/flight_controller_libs/geometry2D.c:697:9:rotatePointAroundPoint	80	static
../Core/Lib/flight_controller_libs/geometry2D.c:716:13:rotateLineSegmentAroundPoint	96	static
../Core/Lib/flight_controller_libs/geometry2D.c:723:7:angleBetweenLinesABC	64	static
../Core/Lib/flight_controller_libs/geometry2D.c:760:9:points2lineABC	88	static
../Core/Lib/flight_controller_libs/geometry2D.c:779:7:euclidianDistance	32	static
../Core/Lib/flight_controller_libs/geometry2D.c:785:7:distance2lineMQ	40	static
../Core/Lib/flight_controller_libs/geometry2D.c:791:7:distance2lineABC	56	static
../Core/Lib/flight_controller_libs/geometry2D.c:808:5:isPointOnLineABC	40	static
../Core/Lib/flight_controller_libs/geometry2D.c:817:24:intersectionLineCircleMQ	88	static
../Core/Lib/flight_controller_libs/geometry2D.c:849:24:intersectionLineCircleABC	112	static
../Core/Lib/flight_controller_libs/geometry2D.c:907:5:areLinesEqual	32	static
../Core/Lib/flight_controller_libs/geometry2D.c:917:19:intersectionLinesABC	64	static
../Core/Lib/flight_controller_libs/geometry2D.c:948:7:triangleAngleA	32	static
../Core/Lib/flight_controller_libs/geometry2D.c:958:7:angleBw3Points2D	40	static
../Core/Lib/flight_controller_libs/geometry2D.c:962:7:distanceBwLinesABC	112	static
../Core/Lib/flight_controller_libs/geometry2D.c:985:9:projectPointOnLineABC	72	static
../Core/Lib/flight_controller_libs/geometry2D.c:995:5:isPointOnSegment	40	static
../Core/Lib/flight_controller_libs/geometry2D.c:1015:28:distancePointsBwSegments	192	static
../Core/Lib/flight_controller_libs/geometry2D.c:1250:9:lineSegmentToLineABC	56	static
../Core/Lib/flight_controller_libs/geometry2D.c:1255:7:minDistanceLineSegmentToLine	72	static
../Core/Lib/flight_controller_libs/geometry2D.c:1272:7:maxDistanceLineSegmentToLine	48	static
../Core/Lib/flight_controller_libs/geometry2D.c:1281:9:circleAngleToPoint2D	56	static
../Core/Lib/flight_controller_libs/geometry2D.c:1290:7:circlePoint2DToAngle	32	static
../Core/Lib/flight_controller_libs/geometry2D.c:1300:24:intersectionBwCircles	192	static
../Core/Lib/flight_controller_libs/geometry2D.c:1353:7:NormalizePiToNegPi	32	static
../Core/Lib/flight_controller_libs/geometry2D.c:1383:7:NormalizeZeroToPi	24	static
../Core/Lib/flight_controller_libs/geometry2D.c:1403:5:isNumber	40	static
../Core/Lib/flight_controller_libs/geometry2D.c:1453:7:crossProduct2D	24	static
../Core/Lib/flight_controller_libs/geometry2D.c:1457:10:pointsToVector2D	72	static
../Core/Lib/flight_controller_libs/geometry2D.c:1464:21:getVector2D_components	48	static
../Core/Lib/flight_controller_libs/geometry2D.c:1472:21:getVector2D_componentsFromPoints	48	static
../Core/Lib/flight_controller_libs/geometry2D.c:1482:5:isPointInTriangle	72	static
../Core/Lib/flight_controller_libs/geometry2D.c:1504:5:isPointInQuadrilateral	48	static
../Core/Lib/flight_controller_libs/geometry2D.c:1508:5:isValidLineSegment	24	static
../Core/Lib/flight_controller_libs/geometry2D.c:1513:5:areLineSegmentsEqual	40	static
../Core/Lib/flight_controller_libs/geometry2D.c:1520:9:midPointLineSegment	40	static
../Core/Lib/flight_controller_libs/geometry2D.c:1524:7:lengthLineSegment	24	static
../Core/Lib/flight_controller_libs/geometry2D.c:1528:13:projectSegmentOntoLineFromViewpoint	152	static
../Core/Lib/flight_controller_libs/geometry2D.c:1576:5:areEqual	16	static
../Core/Lib/flight_controller_libs/geometry2D.c:1583:19:lineSegmentIntersection	112	static
../Core/Lib/flight_controller_libs/geometry2D.c:1635:5:reachableWithouthPassingThroughSegment	72	static
../Core/Lib/flight_controller_libs/geometry2D.c:1651:13:getLongestReachableSegment	136	static
../Core/Lib/flight_controller_libs/geometry2D.c:1681:5:isReachableSegment	64	static
../Core/Lib/flight_controller_libs/geometry2D.c:1699:29:FourBarLinkage_Theta2ToTheta4	96	static
../Core/Lib/flight_controller_libs/geometry2D.c:1747:29:FourBarLinkage_Theta4ToTheta2	64	static
../Core/Lib/flight_controller_libs/geometry2D.c:1770:13:getLineSegmentFromStartPointAToLine	128	static
