../Core/Lib/flight_controller_libs/geometry3D.c:11:6:MagCal	40	static
../Core/Lib/flight_controller_libs/geometry3D.c:33:7:Distance3D	40	static
../Core/Lib/flight_controller_libs/geometry3D.c:38:6:RotatePoint3D	64	static
../Core/Lib/flight_controller_libs/geometry3D.c:72:7:norm3D	24	static
../Core/Lib/flight_controller_libs/geometry3D.c:77:10:VectorAngles	72	static
../Core/Lib/flight_controller_libs/geometry3D.c:105:7:quatnorm	16	static
../Core/Lib/flight_controller_libs/geometry3D.c:109:12:quatconj	64	static
../Core/Lib/flight_controller_libs/geometry3D.c:118:12:quatnormalize	80	static
../Core/Lib/flight_controller_libs/geometry3D.c:139:12:quatinv	96	static
../Core/Lib/flight_controller_libs/geometry3D.c:162:12:quatmultiply_scalar	64	static
../Core/Lib/flight_controller_libs/geometry3D.c:171:12:quatmultiply	96	static
../Core/Lib/flight_controller_libs/geometry3D.c:194:12:quatdivide	64	static
../Core/Lib/flight_controller_libs/geometry3D.c:199:10:quatrotate	88	static
../Core/Lib/flight_controller_libs/geometry3D.c:230:10:quat2angle	72	static
../Core/Lib/flight_controller_libs/geometry3D.c:267:10:quat2rotvec	72	static
../Core/Lib/flight_controller_libs/geometry3D.c:297:12:angle2quat	96	static
../Core/Lib/flight_controller_libs/geometry3D.c:316:12:quatadd	64	static
../Core/Lib/flight_controller_libs/geometry3D.c:326:12:quatsub	64	static
../Core/Lib/flight_controller_libs/geometry3D.c:336:12:quat_error	64	static
../Core/Lib/flight_controller_libs/geometry3D.c:345:7:trapzY	32	static
../Core/Lib/flight_controller_libs/geometry3D.c:359:7:trapzXY	40	static
