../Core/Lib/flight_controller_libs/geometry2D.c:33:5:is_little_endian	16	static
../Core/Lib/flight_controller_libs/geometry2D.c:39:9:xAxisABC	48	static
../Core/Lib/flight_controller_libs/geometry2D.c:47:9:yAxisABC	48	static
../Core/Lib/flight_controller_libs/geometry2D.c:55:5:isValidLineABC	24	static
../Core/Lib/flight_controller_libs/geometry2D.c:63:9:LineAbcSubtraction	72	static
../Core/Lib/flight_controller_libs/geometry2D.c:75:9:polyval	64	static
../Core/Lib/flight_controller_libs/geometry2D.c:89:5:are_equal_robust	40	static
../Core/Lib/flight_controller_libs/geometry2D.c:107:24:float_to_ordered_uint	24	static
../Core/Lib/flight_controller_libs/geometry2D.c:120:16:get_ulp_diff	32	static
../Core/Lib/flight_controller_libs/geometry2D.c:143:12:float_equal	32	static
../Core/Lib/flight_controller_libs/geometry2D.c:164:5:floatCmp	40	static
../Core/Lib/flight_controller_libs/geometry2D.c:199:5:arePoints2DEqual	24	static
../Core/Lib/flight_controller_libs/geometry2D.c:269:5:gaussianElimination3	56	static
../Core/Lib/flight_controller_libs/geometry2D.c:331:5:gaussianElimination2	56	static
../Core/Lib/flight_controller_libs/geometry2D.c:386:5:gaussianElimination8	48	static
../Core/Lib/flight_controller_libs/geometry2D.c:443:13:points2parabola_3	136	static
../Core/Lib/flight_controller_libs/geometry2D.c:464:5:isValidParabola	24	static
../Core/Lib/flight_controller_libs/geometry2D.c:473:9:parabolaVertex	56	static
../Core/Lib/flight_controller_libs/geometry2D.c:484:9:midPoint	48	static
../Core/Lib/flight_controller_libs/geometry2D.c:491:8:perpendicularToLinePassingThroughPointMQ	48	static
../Core/Lib/flight_controller_libs/geometry2D.c:501:9:mirrorImageABC	64	static
../Core/Lib/flight_controller_libs/geometry2D.c:513:9:normalizeLineABC2MQ	56	static
../Core/Lib/flight_controller_libs/geometry2D.c:530:7:distanceBwParallelLinesABC	48	static
../Core/Lib/flight_controller_libs/geometry2D.c:540:5:arePerpenticularABC	32	static
../Core/Lib/flight_controller_libs/geometry2D.c:552:5:areParallelABC	32	static
../Core/Lib/flight_controller_libs/geometry2D.c:568:9:parallelLineAtDistanceABC	80	static
../Core/Lib/flight_controller_libs/geometry2D.c:620:5:isLineParallelToXaxisABC	24	static
../Core/Lib/flight_controller_libs/geometry2D.c:631:5:isLineParallelToYaxisABC	24	static
../Core/Lib/flight_controller_libs/geometry2D.c:641:7:angleBetweenLinesMQ	32	static
../Core/Lib/flight_controller_libs/geometry2D.c:653:6:bisectorsOfTwoLinesABC	104	static
../Core/Lib/flight_controller_libs/geometry2D.c:730:8:points2lineMQ	48	static
../Core/Lib/flight_controller_libs/geometry2D.c:737:9:lineMQ2ABC	56	static
../Core/Lib/flight_controller_libs/geometry2D.c:745:8:lineABC2MQ	48	static
../Core/Lib/flight_controller_libs/geometry2D.c:753:9:perpendicularToLinePassingThroughPointABC	80	static
../Core/Lib/flight_controller_libs/geometry2D.c:778:9:rotateLineAroundPoint	96	static
../Core/Lib/flight_controller_libs/geometry2D.c:804:9:rotatePointAroundPoint	80	static
../Core/Lib/flight_controller_libs/geometry2D.c:823:13:rotateLineSegmentAroundPoint	96	static
../Core/Lib/flight_controller_libs/geometry2D.c:830:7:angleBetweenLinesABC	64	static
../Core/Lib/flight_controller_libs/geometry2D.c:867:9:points2lineABC	88	static
../Core/Lib/flight_controller_libs/geometry2D.c:886:7:euclidianDistance	32	static
../Core/Lib/flight_controller_libs/geometry2D.c:892:7:distance2lineMQ	40	static
../Core/Lib/flight_controller_libs/geometry2D.c:898:7:distance2lineABC	56	static
../Core/Lib/flight_controller_libs/geometry2D.c:915:5:isPointOnLineABC	40	static
../Core/Lib/flight_controller_libs/geometry2D.c:924:24:intersectionLineCircleMQ	88	static
../Core/Lib/flight_controller_libs/geometry2D.c:956:24:intersectionLineCircleABC	112	static
../Core/Lib/flight_controller_libs/geometry2D.c:1014:5:areLinesEqual	32	static
../Core/Lib/flight_controller_libs/geometry2D.c:1024:19:intersectionLinesABC	64	static
../Core/Lib/flight_controller_libs/geometry2D.c:1055:7:triangleAngleA	32	static
../Core/Lib/flight_controller_libs/geometry2D.c:1065:7:angleBw3Points2D	40	static
../Core/Lib/flight_controller_libs/geometry2D.c:1069:7:distanceBwLinesABC	112	static
../Core/Lib/flight_controller_libs/geometry2D.c:1092:9:projectPointOnLineABC	72	static
../Core/Lib/flight_controller_libs/geometry2D.c:1102:5:isPointOnSegment	40	static
../Core/Lib/flight_controller_libs/geometry2D.c:1122:28:distancePointsBwSegments	192	static
../Core/Lib/flight_controller_libs/geometry2D.c:1357:9:lineSegmentToLineABC	56	static
../Core/Lib/flight_controller_libs/geometry2D.c:1362:7:minDistanceLineSegmentToLine	72	static
../Core/Lib/flight_controller_libs/geometry2D.c:1379:7:maxDistanceLineSegmentToLine	48	static
../Core/Lib/flight_controller_libs/geometry2D.c:1388:9:circleAngleToPoint2D	56	static
../Core/Lib/flight_controller_libs/geometry2D.c:1397:7:circlePoint2DToAngle	32	static
../Core/Lib/flight_controller_libs/geometry2D.c:1407:24:intersectionBwCircles	192	static
../Core/Lib/flight_controller_libs/geometry2D.c:1460:7:NormalizePiToNegPi	32	static
../Core/Lib/flight_controller_libs/geometry2D.c:1490:7:NormalizeZeroToPi	24	static
../Core/Lib/flight_controller_libs/geometry2D.c:1510:5:isNumber	40	static
../Core/Lib/flight_controller_libs/geometry2D.c:1560:7:crossProduct2D	24	static
../Core/Lib/flight_controller_libs/geometry2D.c:1564:10:pointsToVector2D	72	static
../Core/Lib/flight_controller_libs/geometry2D.c:1571:21:getVector2D_components	48	static
../Core/Lib/flight_controller_libs/geometry2D.c:1579:21:getVector2D_componentsFromPoints	48	static
../Core/Lib/flight_controller_libs/geometry2D.c:1589:5:isPointInTriangle	72	static
../Core/Lib/flight_controller_libs/geometry2D.c:1611:5:isPointInQuadrilateral	48	static
../Core/Lib/flight_controller_libs/geometry2D.c:1615:5:isValidLineSegment	24	static
../Core/Lib/flight_controller_libs/geometry2D.c:1620:5:areLineSegmentsEqual	40	static
../Core/Lib/flight_controller_libs/geometry2D.c:1627:9:midPointLineSegment	40	static
../Core/Lib/flight_controller_libs/geometry2D.c:1631:7:lengthLineSegment	24	static
../Core/Lib/flight_controller_libs/geometry2D.c:1635:13:projectSegmentOntoLineFromViewpoint	152	static
../Core/Lib/flight_controller_libs/geometry2D.c:1683:5:areEqual	16	static
../Core/Lib/flight_controller_libs/geometry2D.c:1690:19:lineSegmentIntersection	112	static
../Core/Lib/flight_controller_libs/geometry2D.c:1742:5:reachableWithouthPassingThroughSegment	72	static
../Core/Lib/flight_controller_libs/geometry2D.c:1758:13:getLongestReachableSegment	136	static
../Core/Lib/flight_controller_libs/geometry2D.c:1788:5:isReachableSegment	64	static
../Core/Lib/flight_controller_libs/geometry2D.c:1806:29:FourBarLinkage_Theta2ToTheta4	96	static
../Core/Lib/flight_controller_libs/geometry2D.c:1854:29:FourBarLinkage_Theta4ToTheta2	64	static
../Core/Lib/flight_controller_libs/geometry2D.c:1877:13:getLineSegmentFromStartPointAToLine	128	static
