../Core/Lib/mpu9250/interface/driver_mpu9250_interface.c:50:9:mpu9250_interface_iic_init	0	static
../Core/Lib/mpu9250/interface/driver_mpu9250_interface.c:62:9:mpu9250_interface_iic_deinit	0	static
../Core/Lib/mpu9250/interface/driver_mpu9250_interface.c:78:9:mpu9250_interface_iic_read	0	static
../Core/Lib/mpu9250/interface/driver_mpu9250_interface.c:94:9:mpu9250_interface_iic_write	0	static
../Core/Lib/mpu9250/interface/driver_mpu9250_interface.c:106:9:mpu9250_interface_spi_init	0	static
../Core/Lib/mpu9250/interface/driver_mpu9250_interface.c:118:9:mpu9250_interface_spi_deinit	0	static
../Core/Lib/mpu9250/interface/driver_mpu9250_interface.c:133:9:mpu9250_interface_spi_read	32	static
../Core/Lib/mpu9250/interface/driver_mpu9250_interface.c:153:9:mpu9250_interface_spi_write	24	static
../Core/Lib/mpu9250/interface/driver_mpu9250_interface.c:167:6:mpu9250_interface_delay_ms	0	static
../Core/Lib/mpu9250/interface/driver_mpu9250_interface.c:177:6:mpu9250_interface_debug_print	16	static
../Core/Lib/mpu9250/interface/driver_mpu9250_interface.c:190:6:mpu9250_interface_receive_callback	0	static
../Core/Lib/mpu9250/interface/driver_mpu9250_interface.c:239:6:mpu9250_interface_dmp_tap_callback	0	static
../Core/Lib/mpu9250/interface/driver_mpu9250_interface.c:293:6:mpu9250_interface_dmp_orient_callback	0	static
